  [start] drop_operator:answer:mux
  [start] drop_source:answer:is_add
  [start] keep_prefix:answer:1
  [start] keep_prefix:answer:3
  [start] keep_prefix:answer:6
  [start] delete_node:answer:None
  [start] drop_source:g0:goal
  [start] keep_prefix:g0:2
  [start] keep_prefix:g0:4
  [start] keep_prefix:g0:8
  [start] drop_operator:g1:project
  [start] keep_prefix:g1:1
  [start] keep_prefix:g1:3
  [start] keep_prefix:g1:6
  [start] delete_node:g1:None
  [start] drop_source:inner:is_sub
  [start] drop_source:inner:v2
  [start] keep_prefix:inner:2
  [start] keep_prefix:inner:4
  [start] keep_prefix:inner:8
  [start] drop_operator:is_add:gt
  [start] drop_source:is_add:half
  [start] keep_prefix:is_add:2
  [start] keep_prefix:is_add:4
  [start] keep_prefix:is_add:8
  [start] drop_operator:is_sub:gt
  [start] drop_source:is_sub:half
  [start] keep_prefix:is_sub:2
  [start] keep_prefix:is_sub:4
  [start] keep_prefix:is_sub:8
  [start] drop_operator:v0:add
STOPPED by SIGTERM: partial corpus written to cases_arith_s0.json with stopped_by_signal set
