  [start] drop_source:answer:inner
  [start] keep_prefix:answer:2
  [start] keep_prefix:answer:8
  [start] keep_prefix:g0:1
  [start] keep_prefix:g0:6
  [start] drop_source:g1:goal
  [start] keep_prefix:g1:4
  [start] drop_operator:inner:mux
  [start] keep_prefix:inner:1
  [start] keep_prefix:inner:6
  [start] drop_source:is_add:g0
  [start] keep_prefix:is_add:3
  [start] delete_node:is_add:None
  [start] keep_prefix:is_sub:1
  [start] keep_prefix:is_sub:6
  [start] drop_operator:v0:identity
  [start] drop_operator:v0:sub
  [start] keep_prefix:v0:2
  [start] keep_prefix:v0:8
  [start] drop_operator:v1:max
  [start] drop_source:v1:x
STOPPED by SIGTERM: partial corpus written to cases_arith_s1.json with stopped_by_signal set
