  [start] drop_operator:ans:eq
  [start] drop_operator:ans:nand
  [start] drop_operator:ans:not
  [start] drop_operator:ans:xnor
  [start] drop_source:ans:m3
  rel:drop_source:ans:m3: 204 edits, 13 repairs, 8 undecided [620s]
  [start] keep_prefix:ans:1
  rel:keep_prefix:ans:1: 190 edits, 6 repairs, 0 undecided [1295s]
  [start] keep_prefix:ans:3
  rel:keep_prefix:ans:3: 190 edits, 6 repairs, 0 undecided [1965s]
  [start] keep_prefix:ans:6
  [start] delete_node:ans:None
  [start] drop_source:chain2:edges
  [start] keep_prefix:chain2:2
  rel:keep_prefix:chain2:2: 207 edits, 7 repairs, 3 undecided [2408s]
  [start] keep_prefix:chain2:4
  [start] keep_prefix:chain2:8
  [start] drop_operator:chain3:join
  [start] drop_source:chain3:step2
  [start] keep_prefix:chain3:2
