/home/brandonin/Documents/typed-crystallization-networks/research/search-scaling/harness.py:187: UserWarning: Converting a tensor with requires_grad=True to a scalar may lead to unexpected behavior.
Consider using tensor.detach() first. (Triggered internally at /__w/pytorch/pytorch/torch/csrc/autograd/generated/python_variable_methods.cpp:820.)
  ent = [float(-(q * q.clamp_min(1e-12).log()).sum())
/home/brandonin/Documents/typed-crystallization-networks/research/search-scaling/harness.py:187: UserWarning: Converting a tensor with requires_grad=True to a scalar may lead to unexpected behavior.
Consider using tensor.detach() first. (Triggered internally at /__w/pytorch/pytorch/torch/csrc/autograd/generated/python_variable_methods.cpp:820.)
  ent = [float(-(q * q.clamp_min(1e-12).log()).sum())
/home/brandonin/Documents/typed-crystallization-networks/research/search-scaling/harness.py:187: UserWarning: Converting a tensor with requires_grad=True to a scalar may lead to unexpected behavior.
Consider using tensor.detach() first. (Triggered internally at /__w/pytorch/pytorch/torch/csrc/autograd/generated/python_variable_methods.cpp:820.)
  ent = [float(-(q * q.clamp_min(1e-12).log()).sum())
/home/brandonin/Documents/typed-crystallization-networks/research/search-scaling/harness.py:187: UserWarning: Converting a tensor with requires_grad=True to a scalar may lead to unexpected behavior.
Consider using tensor.detach() first. (Triggered internally at /__w/pytorch/pytorch/torch/csrc/autograd/generated/python_variable_methods.cpp:820.)
  ent = [float(-(q * q.clamp_min(1e-12).log()).sum())
/home/brandonin/Documents/typed-crystallization-networks/research/search-scaling/harness.py:187: UserWarning: Converting a tensor with requires_grad=True to a scalar may lead to unexpected behavior.
Consider using tensor.detach() first. (Triggered internally at /__w/pytorch/pytorch/torch/csrc/autograd/generated/python_variable_methods.cpp:820.)
  ent = [float(-(q * q.clamp_min(1e-12).log()).sum())
/home/brandonin/Documents/typed-crystallization-networks/research/search-scaling/harness.py:187: UserWarning: Converting a tensor with requires_grad=True to a scalar may lead to unexpected behavior.
Consider using tensor.detach() first. (Triggered internally at /__w/pytorch/pytorch/torch/csrc/autograd/generated/python_variable_methods.cpp:820.)
  ent = [float(-(q * q.clamp_min(1e-12).log()).sum())
/home/brandonin/Documents/typed-crystallization-networks/research/search-scaling/harness.py:187: UserWarning: Converting a tensor with requires_grad=True to a scalar may lead to unexpected behavior.
Consider using tensor.detach() first. (Triggered internally at /__w/pytorch/pytorch/torch/csrc/autograd/generated/python_variable_methods.cpp:820.)
  ent = [float(-(q * q.clamp_min(1e-12).log()).sum())
/home/brandonin/Documents/typed-crystallization-networks/research/search-scaling/harness.py:187: UserWarning: Converting a tensor with requires_grad=True to a scalar may lead to unexpected behavior.
Consider using tensor.detach() first. (Triggered internally at /__w/pytorch/pytorch/torch/csrc/autograd/generated/python_variable_methods.cpp:820.)
  ent = [float(-(q * q.clamp_min(1e-12).log()).sum())
/home/brandonin/Documents/typed-crystallization-networks/research/search-scaling/harness.py:187: UserWarning: Converting a tensor with requires_grad=True to a scalar may lead to unexpected behavior.
Consider using tensor.detach() first. (Triggered internally at /__w/pytorch/pytorch/torch/csrc/autograd/generated/python_variable_methods.cpp:820.)
  ent = [float(-(q * q.clamp_min(1e-12).log()).sum())
/home/brandonin/Documents/typed-crystallization-networks/research/search-scaling/harness.py:187: UserWarning: Converting a tensor with requires_grad=True to a scalar may lead to unexpected behavior.
Consider using tensor.detach() first. (Triggered internally at /__w/pytorch/pytorch/torch/csrc/autograd/generated/python_variable_methods.cpp:820.)
  ent = [float(-(q * q.clamp_min(1e-12).log()).sum())
/home/brandonin/Documents/typed-crystallization-networks/research/search-scaling/harness.py:187: UserWarning: Converting a tensor with requires_grad=True to a scalar may lead to unexpected behavior.
Consider using tensor.detach() first. (Triggered internally at /__w/pytorch/pytorch/torch/csrc/autograd/generated/python_variable_methods.cpp:820.)
  ent = [float(-(q * q.clamp_min(1e-12).log()).sum())
/home/brandonin/Documents/typed-crystallization-networks/research/search-scaling/harness.py:187: UserWarning: Converting a tensor with requires_grad=True to a scalar may lead to unexpected behavior.
Consider using tensor.detach() first. (Triggered internally at /__w/pytorch/pytorch/torch/csrc/autograd/generated/python_variable_methods.cpp:820.)
  ent = [float(-(q * q.clamp_min(1e-12).log()).sum())
/home/brandonin/Documents/typed-crystallization-networks/research/search-scaling/harness.py:187: UserWarning: Converting a tensor with requires_grad=True to a scalar may lead to unexpected behavior.
Consider using tensor.detach() first. (Triggered internally at /__w/pytorch/pytorch/torch/csrc/autograd/generated/python_variable_methods.cpp:820.)
  ent = [float(-(q * q.clamp_min(1e-12).log()).sum())
/home/brandonin/Documents/typed-crystallization-networks/research/search-scaling/harness.py:187: UserWarning: Converting a tensor with requires_grad=True to a scalar may lead to unexpected behavior.
Consider using tensor.detach() first. (Triggered internally at /__w/pytorch/pytorch/torch/csrc/autograd/generated/python_variable_methods.cpp:820.)
  ent = [float(-(q * q.clamp_min(1e-12).log()).sum())
/home/brandonin/Documents/typed-crystallization-networks/research/search-scaling/harness.py:187: UserWarning: Converting a tensor with requires_grad=True to a scalar may lead to unexpected behavior.
Consider using tensor.detach() first. (Triggered internally at /__w/pytorch/pytorch/torch/csrc/autograd/generated/python_variable_methods.cpp:820.)
  ent = [float(-(q * q.clamp_min(1e-12).log()).sum())
/home/brandonin/Documents/typed-crystallization-networks/research/search-scaling/harness.py:187: UserWarning: Converting a tensor with requires_grad=True to a scalar may lead to unexpected behavior.
Consider using tensor.detach() first. (Triggered internally at /__w/pytorch/pytorch/torch/csrc/autograd/generated/python_variable_methods.cpp:820.)
  ent = [float(-(q * q.clamp_min(1e-12).log()).sum())
/home/brandonin/Documents/typed-crystallization-networks/research/search-scaling/harness.py:187: UserWarning: Converting a tensor with requires_grad=True to a scalar may lead to unexpected behavior.
Consider using tensor.detach() first. (Triggered internally at /__w/pytorch/pytorch/torch/csrc/autograd/generated/python_variable_methods.cpp:820.)
  ent = [float(-(q * q.clamp_min(1e-12).log()).sum())
/home/brandonin/Documents/typed-crystallization-networks/research/search-scaling/harness.py:187: UserWarning: Converting a tensor with requires_grad=True to a scalar may lead to unexpected behavior.
Consider using tensor.detach() first. (Triggered internally at /__w/pytorch/pytorch/torch/csrc/autograd/generated/python_variable_methods.cpp:820.)
  ent = [float(-(q * q.clamp_min(1e-12).log()).sum())
A_depth_wiring: 144 runs, 141 success, 0 errors, 3610s
/home/brandonin/Documents/typed-crystallization-networks/research/search-scaling/harness.py:187: UserWarning: Converting a tensor with requires_grad=True to a scalar may lead to unexpected behavior.
Consider using tensor.detach() first. (Triggered internally at /__w/pytorch/pytorch/torch/csrc/autograd/generated/python_variable_methods.cpp:820.)
  ok = got == mask
/home/brandonin/Documents/typed-crystallization-networks/research/search-scaling/harness.py:187: UserWarning: Converting a tensor with requires_grad=True to a scalar may lead to unexpected behavior.
Consider using tensor.detach() first. (Triggered internally at /__w/pytorch/pytorch/torch/csrc/autograd/generated/python_variable_methods.cpp:820.)
  ok = got == mask
/home/brandonin/Documents/typed-crystallization-networks/research/search-scaling/harness.py:187: UserWarning: Converting a tensor with requires_grad=True to a scalar may lead to unexpected behavior.
Consider using tensor.detach() first. (Triggered internally at /__w/pytorch/pytorch/torch/csrc/autograd/generated/python_variable_methods.cpp:820.)
  ok = got == mask
/home/brandonin/Documents/typed-crystallization-networks/research/search-scaling/harness.py:187: UserWarning: Converting a tensor with requires_grad=True to a scalar may lead to unexpected behavior.
Consider using tensor.detach() first. (Triggered internally at /__w/pytorch/pytorch/torch/csrc/autograd/generated/python_variable_methods.cpp:820.)
  ok = got == mask
/home/brandonin/Documents/typed-crystallization-networks/research/search-scaling/harness.py:187: UserWarning: Converting a tensor with requires_grad=True to a scalar may lead to unexpected behavior.
Consider using tensor.detach() first. (Triggered internally at /__w/pytorch/pytorch/torch/csrc/autograd/generated/python_variable_methods.cpp:820.)
  ok = got == mask
/home/brandonin/Documents/typed-crystallization-networks/research/search-scaling/harness.py:187: UserWarning: Converting a tensor with requires_grad=True to a scalar may lead to unexpected behavior.
Consider using tensor.detach() first. (Triggered internally at /__w/pytorch/pytorch/torch/csrc/autograd/generated/python_variable_methods.cpp:820.)
  ok = got == mask
/home/brandonin/Documents/typed-crystallization-networks/research/search-scaling/harness.py:187: UserWarning: Converting a tensor with requires_grad=True to a scalar may lead to unexpected behavior.
Consider using tensor.detach() first. (Triggered internally at /__w/pytorch/pytorch/torch/csrc/autograd/generated/python_variable_methods.cpp:820.)
  ok = got == mask
/home/brandonin/Documents/typed-crystallization-networks/research/search-scaling/harness.py:187: UserWarning: Converting a tensor with requires_grad=True to a scalar may lead to unexpected behavior.
Consider using tensor.detach() first. (Triggered internally at /__w/pytorch/pytorch/torch/csrc/autograd/generated/python_variable_methods.cpp:820.)
  ok = got == mask
/home/brandonin/Documents/typed-crystallization-networks/research/search-scaling/harness.py:187: UserWarning: Converting a tensor with requires_grad=True to a scalar may lead to unexpected behavior.
Consider using tensor.detach() first. (Triggered internally at /__w/pytorch/pytorch/torch/csrc/autograd/generated/python_variable_methods.cpp:820.)
  ok = got == mask
/home/brandonin/Documents/typed-crystallization-networks/research/search-scaling/harness.py:187: UserWarning: Converting a tensor with requires_grad=True to a scalar may lead to unexpected behavior.
Consider using tensor.detach() first. (Triggered internally at /__w/pytorch/pytorch/torch/csrc/autograd/generated/python_variable_methods.cpp:820.)
  ok = got == mask
/home/brandonin/Documents/typed-crystallization-networks/research/search-scaling/harness.py:187: UserWarning: Converting a tensor with requires_grad=True to a scalar may lead to unexpected behavior.
Consider using tensor.detach() first. (Triggered internally at /__w/pytorch/pytorch/torch/csrc/autograd/generated/python_variable_methods.cpp:820.)
  ok = got == mask
/home/brandonin/Documents/typed-crystallization-networks/research/search-scaling/harness.py:187: UserWarning: Converting a tensor with requires_grad=True to a scalar may lead to unexpected behavior.
Consider using tensor.detach() first. (Triggered internally at /__w/pytorch/pytorch/torch/csrc/autograd/generated/python_variable_methods.cpp:820.)
  ok = got == mask
/home/brandonin/Documents/typed-crystallization-networks/research/search-scaling/harness.py:187: UserWarning: Converting a tensor with requires_grad=True to a scalar may lead to unexpected behavior.
Consider using tensor.detach() first. (Triggered internally at /__w/pytorch/pytorch/torch/csrc/autograd/generated/python_variable_methods.cpp:820.)
  ok = got == mask
/home/brandonin/Documents/typed-crystallization-networks/research/search-scaling/harness.py:187: UserWarning: Converting a tensor with requires_grad=True to a scalar may lead to unexpected behavior.
Consider using tensor.detach() first. (Triggered internally at /__w/pytorch/pytorch/torch/csrc/autograd/generated/python_variable_methods.cpp:820.)
  ok = got == mask
/home/brandonin/Documents/typed-crystallization-networks/research/search-scaling/harness.py:187: UserWarning: Converting a tensor with requires_grad=True to a scalar may lead to unexpected behavior.
Consider using tensor.detach() first. (Triggered internally at /__w/pytorch/pytorch/torch/csrc/autograd/generated/python_variable_methods.cpp:820.)
  ok = got == mask
/home/brandonin/Documents/typed-crystallization-networks/research/search-scaling/harness.py:187: UserWarning: Converting a tensor with requires_grad=True to a scalar may lead to unexpected behavior.
Consider using tensor.detach() first. (Triggered internally at /__w/pytorch/pytorch/torch/csrc/autograd/generated/python_variable_methods.cpp:820.)
  ok = got == mask
/home/brandonin/Documents/typed-crystallization-networks/research/search-scaling/harness.py:187: UserWarning: Converting a tensor with requires_grad=True to a scalar may lead to unexpected behavior.
Consider using tensor.detach() first. (Triggered internally at /__w/pytorch/pytorch/torch/csrc/autograd/generated/python_variable_methods.cpp:820.)
  ok = got == mask
/home/brandonin/Documents/typed-crystallization-networks/research/search-scaling/harness.py:187: UserWarning: Converting a tensor with requires_grad=True to a scalar may lead to unexpected behavior.
Consider using tensor.detach() first. (Triggered internally at /__w/pytorch/pytorch/torch/csrc/autograd/generated/python_variable_methods.cpp:820.)
  ok = got == mask
B_table_pool: 96 runs, 88 success, 0 errors, 717s
/home/brandonin/Documents/typed-crystallization-networks/research/search-scaling/harness.py:187: UserWarning: Converting a tensor with requires_grad=True to a scalar may lead to unexpected behavior.
Consider using tensor.detach() first. (Triggered internally at /__w/pytorch/pytorch/torch/csrc/autograd/generated/python_variable_methods.cpp:820.)
  ok = got == mask
/home/brandonin/Documents/typed-crystallization-networks/research/search-scaling/harness.py:187: UserWarning: Converting a tensor with requires_grad=True to a scalar may lead to unexpected behavior.
Consider using tensor.detach() first. (Triggered internally at /__w/pytorch/pytorch/torch/csrc/autograd/generated/python_variable_methods.cpp:820.)
  ok = got == mask
/home/brandonin/Documents/typed-crystallization-networks/research/search-scaling/harness.py:187: UserWarning: Converting a tensor with requires_grad=True to a scalar may lead to unexpected behavior.
Consider using tensor.detach() first. (Triggered internally at /__w/pytorch/pytorch/torch/csrc/autograd/generated/python_variable_methods.cpp:820.)
  ok = got == mask
/home/brandonin/Documents/typed-crystallization-networks/research/search-scaling/harness.py:187: UserWarning: Converting a tensor with requires_grad=True to a scalar may lead to unexpected behavior.
Consider using tensor.detach() first. (Triggered internally at /__w/pytorch/pytorch/torch/csrc/autograd/generated/python_variable_methods.cpp:820.)
  ok = got == mask
/home/brandonin/Documents/typed-crystallization-networks/research/search-scaling/harness.py:187: UserWarning: Converting a tensor with requires_grad=True to a scalar may lead to unexpected behavior.
Consider using tensor.detach() first. (Triggered internally at /__w/pytorch/pytorch/torch/csrc/autograd/generated/python_variable_methods.cpp:820.)
  ok = got == mask
/home/brandonin/Documents/typed-crystallization-networks/research/search-scaling/harness.py:187: UserWarning: Converting a tensor with requires_grad=True to a scalar may lead to unexpected behavior.
Consider using tensor.detach() first. (Triggered internally at /__w/pytorch/pytorch/torch/csrc/autograd/generated/python_variable_methods.cpp:820.)
  ok = got == mask
/home/brandonin/Documents/typed-crystallization-networks/research/search-scaling/harness.py:187: UserWarning: Converting a tensor with requires_grad=True to a scalar may lead to unexpected behavior.
Consider using tensor.detach() first. (Triggered internally at /__w/pytorch/pytorch/torch/csrc/autograd/generated/python_variable_methods.cpp:820.)
  ok = got == mask
/home/brandonin/Documents/typed-crystallization-networks/research/search-scaling/harness.py:187: UserWarning: Converting a tensor with requires_grad=True to a scalar may lead to unexpected behavior.
Consider using tensor.detach() first. (Triggered internally at /__w/pytorch/pytorch/torch/csrc/autograd/generated/python_variable_methods.cpp:820.)
  ok = got == mask
/home/brandonin/Documents/typed-crystallization-networks/research/search-scaling/harness.py:187: UserWarning: Converting a tensor with requires_grad=True to a scalar may lead to unexpected behavior.
Consider using tensor.detach() first. (Triggered internally at /__w/pytorch/pytorch/torch/csrc/autograd/generated/python_variable_methods.cpp:820.)
  ok = got == mask
/home/brandonin/Documents/typed-crystallization-networks/research/search-scaling/harness.py:187: UserWarning: Converting a tensor with requires_grad=True to a scalar may lead to unexpected behavior.
Consider using tensor.detach() first. (Triggered internally at /__w/pytorch/pytorch/torch/csrc/autograd/generated/python_variable_methods.cpp:820.)
  ok = got == mask
/home/brandonin/Documents/typed-crystallization-networks/research/search-scaling/harness.py:187: UserWarning: Converting a tensor with requires_grad=True to a scalar may lead to unexpected behavior.
Consider using tensor.detach() first. (Triggered internally at /__w/pytorch/pytorch/torch/csrc/autograd/generated/python_variable_methods.cpp:820.)
  ok = got == mask
/home/brandonin/Documents/typed-crystallization-networks/research/search-scaling/harness.py:187: UserWarning: Converting a tensor with requires_grad=True to a scalar may lead to unexpected behavior.
Consider using tensor.detach() first. (Triggered internally at /__w/pytorch/pytorch/torch/csrc/autograd/generated/python_variable_methods.cpp:820.)
  ok = got == mask
/home/brandonin/Documents/typed-crystallization-networks/research/search-scaling/harness.py:187: UserWarning: Converting a tensor with requires_grad=True to a scalar may lead to unexpected behavior.
Consider using tensor.detach() first. (Triggered internally at /__w/pytorch/pytorch/torch/csrc/autograd/generated/python_variable_methods.cpp:820.)
  ok = got == mask
/home/brandonin/Documents/typed-crystallization-networks/research/search-scaling/harness.py:187: UserWarning: Converting a tensor with requires_grad=True to a scalar may lead to unexpected behavior.
Consider using tensor.detach() first. (Triggered internally at /__w/pytorch/pytorch/torch/csrc/autograd/generated/python_variable_methods.cpp:820.)
  ok = got == mask
/home/brandonin/Documents/typed-crystallization-networks/research/search-scaling/harness.py:187: UserWarning: Converting a tensor with requires_grad=True to a scalar may lead to unexpected behavior.
Consider using tensor.detach() first. (Triggered internally at /__w/pytorch/pytorch/torch/csrc/autograd/generated/python_variable_methods.cpp:820.)
  ok = got == mask
/home/brandonin/Documents/typed-crystallization-networks/research/search-scaling/harness.py:187: UserWarning: Converting a tensor with requires_grad=True to a scalar may lead to unexpected behavior.
Consider using tensor.detach() first. (Triggered internally at /__w/pytorch/pytorch/torch/csrc/autograd/generated/python_variable_methods.cpp:820.)
  ok = got == mask
/home/brandonin/Documents/typed-crystallization-networks/research/search-scaling/harness.py:187: UserWarning: Converting a tensor with requires_grad=True to a scalar may lead to unexpected behavior.
Consider using tensor.detach() first. (Triggered internally at /__w/pytorch/pytorch/torch/csrc/autograd/generated/python_variable_methods.cpp:820.)
  ok = got == mask
/home/brandonin/Documents/typed-crystallization-networks/research/search-scaling/harness.py:187: UserWarning: Converting a tensor with requires_grad=True to a scalar may lead to unexpected behavior.
Consider using tensor.detach() first. (Triggered internally at /__w/pytorch/pytorch/torch/csrc/autograd/generated/python_variable_methods.cpp:820.)
  ok = got == mask
C_window: 48 runs, 45 success, 2 errors, 798s
/home/brandonin/Documents/typed-crystallization-networks/research/search-scaling/harness.py:187: UserWarning: Converting a tensor with requires_grad=True to a scalar may lead to unexpected behavior.
Consider using tensor.detach() first. (Triggered internally at /__w/pytorch/pytorch/torch/csrc/autograd/generated/python_variable_methods.cpp:820.)
  ok = got == mask
/home/brandonin/Documents/typed-crystallization-networks/research/search-scaling/harness.py:187: UserWarning: Converting a tensor with requires_grad=True to a scalar may lead to unexpected behavior.
Consider using tensor.detach() first. (Triggered internally at /__w/pytorch/pytorch/torch/csrc/autograd/generated/python_variable_methods.cpp:820.)
  ok = got == mask
/home/brandonin/Documents/typed-crystallization-networks/research/search-scaling/harness.py:187: UserWarning: Converting a tensor with requires_grad=True to a scalar may lead to unexpected behavior.
Consider using tensor.detach() first. (Triggered internally at /__w/pytorch/pytorch/torch/csrc/autograd/generated/python_variable_methods.cpp:820.)
  ok = got == mask
/home/brandonin/Documents/typed-crystallization-networks/research/search-scaling/harness.py:187: UserWarning: Converting a tensor with requires_grad=True to a scalar may lead to unexpected behavior.
Consider using tensor.detach() first. (Triggered internally at /__w/pytorch/pytorch/torch/csrc/autograd/generated/python_variable_methods.cpp:820.)
  ok = got == mask
/home/brandonin/Documents/typed-crystallization-networks/research/search-scaling/harness.py:187: UserWarning: Converting a tensor with requires_grad=True to a scalar may lead to unexpected behavior.
Consider using tensor.detach() first. (Triggered internally at /__w/pytorch/pytorch/torch/csrc/autograd/generated/python_variable_methods.cpp:820.)
  ok = got == mask
/home/brandonin/Documents/typed-crystallization-networks/research/search-scaling/harness.py:187: UserWarning: Converting a tensor with requires_grad=True to a scalar may lead to unexpected behavior.
Consider using tensor.detach() first. (Triggered internally at /__w/pytorch/pytorch/torch/csrc/autograd/generated/python_variable_methods.cpp:820.)
  ok = got == mask
/home/brandonin/Documents/typed-crystallization-networks/research/search-scaling/harness.py:187: UserWarning: Converting a tensor with requires_grad=True to a scalar may lead to unexpected behavior.
Consider using tensor.detach() first. (Triggered internally at /__w/pytorch/pytorch/torch/csrc/autograd/generated/python_variable_methods.cpp:820.)
  ok = got == mask
/home/brandonin/Documents/typed-crystallization-networks/research/search-scaling/harness.py:187: UserWarning: Converting a tensor with requires_grad=True to a scalar may lead to unexpected behavior.
Consider using tensor.detach() first. (Triggered internally at /__w/pytorch/pytorch/torch/csrc/autograd/generated/python_variable_methods.cpp:820.)
  ok = got == mask
/home/brandonin/Documents/typed-crystallization-networks/research/search-scaling/harness.py:187: UserWarning: Converting a tensor with requires_grad=True to a scalar may lead to unexpected behavior.
Consider using tensor.detach() first. (Triggered internally at /__w/pytorch/pytorch/torch/csrc/autograd/generated/python_variable_methods.cpp:820.)
  ok = got == mask
/home/brandonin/Documents/typed-crystallization-networks/research/search-scaling/harness.py:187: UserWarning: Converting a tensor with requires_grad=True to a scalar may lead to unexpected behavior.
Consider using tensor.detach() first. (Triggered internally at /__w/pytorch/pytorch/torch/csrc/autograd/generated/python_variable_methods.cpp:820.)
  ok = got == mask
/home/brandonin/Documents/typed-crystallization-networks/research/search-scaling/harness.py:187: UserWarning: Converting a tensor with requires_grad=True to a scalar may lead to unexpected behavior.
Consider using tensor.detach() first. (Triggered internally at /__w/pytorch/pytorch/torch/csrc/autograd/generated/python_variable_methods.cpp:820.)
  ok = got == mask
/home/brandonin/Documents/typed-crystallization-networks/research/search-scaling/harness.py:187: UserWarning: Converting a tensor with requires_grad=True to a scalar may lead to unexpected behavior.
Consider using tensor.detach() first. (Triggered internally at /__w/pytorch/pytorch/torch/csrc/autograd/generated/python_variable_methods.cpp:820.)
  ok = got == mask
/home/brandonin/Documents/typed-crystallization-networks/research/search-scaling/harness.py:187: UserWarning: Converting a tensor with requires_grad=True to a scalar may lead to unexpected behavior.
Consider using tensor.detach() first. (Triggered internally at /__w/pytorch/pytorch/torch/csrc/autograd/generated/python_variable_methods.cpp:820.)
  ok = got == mask
/home/brandonin/Documents/typed-crystallization-networks/research/search-scaling/harness.py:187: UserWarning: Converting a tensor with requires_grad=True to a scalar may lead to unexpected behavior.
Consider using tensor.detach() first. (Triggered internally at /__w/pytorch/pytorch/torch/csrc/autograd/generated/python_variable_methods.cpp:820.)
  ok = got == mask
/home/brandonin/Documents/typed-crystallization-networks/research/search-scaling/harness.py:187: UserWarning: Converting a tensor with requires_grad=True to a scalar may lead to unexpected behavior.
Consider using tensor.detach() first. (Triggered internally at /__w/pytorch/pytorch/torch/csrc/autograd/generated/python_variable_methods.cpp:820.)
  ok = got == mask
/home/brandonin/Documents/typed-crystallization-networks/research/search-scaling/harness.py:187: UserWarning: Converting a tensor with requires_grad=True to a scalar may lead to unexpected behavior.
Consider using tensor.detach() first. (Triggered internally at /__w/pytorch/pytorch/torch/csrc/autograd/generated/python_variable_methods.cpp:820.)
  ok = got == mask
/home/brandonin/Documents/typed-crystallization-networks/research/search-scaling/harness.py:187: UserWarning: Converting a tensor with requires_grad=True to a scalar may lead to unexpected behavior.
Consider using tensor.detach() first. (Triggered internally at /__w/pytorch/pytorch/torch/csrc/autograd/generated/python_variable_methods.cpp:820.)
  ok = got == mask
/home/brandonin/Documents/typed-crystallization-networks/research/search-scaling/harness.py:187: UserWarning: Converting a tensor with requires_grad=True to a scalar may lead to unexpected behavior.
Consider using tensor.detach() first. (Triggered internally at /__w/pytorch/pytorch/torch/csrc/autograd/generated/python_variable_methods.cpp:820.)
  ok = got == mask
F_slack: 36 runs, 35 success, 0 errors, 406s
