random env seed 0 ...
random env seed 1 ...
random env seed 2 ...
random env seed 3 ...
random env seed 4 ...
random env seed 5 ...
random env seed 6 ...
random env seed 7 ...
random env seed 8 ...
random env seed 9 ...
random env seed 10 ...
random env seed 11 ...
random env seed 12 ...
random env seed 13 ...
random env seed 14 ...
random env seed 15 ...
random env seed 16 ...
random env seed 17 ...
random env seed 18 ...
random env seed 19 ...
selection-noise sweep ...
  selection_episodes 2 -> 64 perfect 4.36s
  selection_episodes 4 -> 12 perfect 3.93s
  selection_episodes 8 -> 6 perfect 21.14s
  selection_episodes 16 -> 2 perfect 30.09s
  selection_episodes 32 -> 2 perfect 73.99s
  selection_episodes 64 -> 2 perfect 118.27s
gradient seed 0 ...
gradient seed 1 ...
gradient seed 2 ...
gradient seed 3 ...
gradient seed 4 ...
/home/brandonin/Documents/typed-crystallization-networks/research/enumerative-baseline/out/joint.json
      exhaustive_enumeration_probe  n= 1  solved=1/1  median=      0.03 ms  env_steps(med)=      0  ops(med)=       306
 exhaustive_enumeration_probe_full  n= 1  solved=1/1  median=      0.08 ms  env_steps(med)=      0  ops(med)=       738
               random_search_probe  n=20  solved=10/20  median=      0.14 ms  env_steps(med)=      0  ops(med)=       685
        exhaustive_enumeration_env  n= 1  solved=1/1  median=  10469.69 ms  env_steps(med)=   6592  ops(med)=    171392
   exhaustive_enumeration_env_full  n= 1  solved=1/1  median=  23831.68 ms  env_steps(med)=  16384  ops(med)=    425984
                 random_search_env  n=20  solved=14/20  median=  12693.66 ms  env_steps(med)=   7136  ops(med)=    185536
         random_search_env_matched  n=20  solved=0/20  median=   1384.28 ms  env_steps(med)=    704  ops(med)=     18304
                      gradient_tcn  n= 5  solved=5/5  median=  35923.88 ms  env_steps(med)=    704  ops(med)=    101824
