gradient seed 0 ...
gradient seed 1 ...
gradient seed 2 ...
gradient seed 3 ...
gradient seed 4 ...
gradient seed 5 ...
gradient seed 6 ...
gradient seed 7 ...
gradient seed 8 ...
gradient seed 9 ...
gradient budget/lr fairness sweep ...
  steps=  600 lr=0.05   conform=False k=1.739464 err=3.95e-02 3.2s
  steps=  600 lr=0.01   conform=False k=1.892987 err=1.93e-01 3.2s
  steps=  600 lr=0.005  conform=False k=1.988367 err=2.88e-01 3.2s
  steps= 2000 lr=0.05   conform=False k=1.707319 err=7.32e-03 5.3s
  steps= 2000 lr=0.01   conform=False k=1.758549 err=5.85e-02 7.8s
  steps= 2000 lr=0.005  conform=False k=1.827551 err=1.28e-01 6.4s
  steps= 6000 lr=0.05   conform=True k=1.699888 err=1.12e-04 7.7s
  steps= 6000 lr=0.01   conform=False k=1.705837 err=5.84e-03 25.7s
  steps= 6000 lr=0.005  conform=False k=1.715562 err=1.56e-02 13.2s
/home/brandonin/Documents/typed-crystallization-networks/research/enumerative-baseline/out/mixed_constants.json
      hybrid_enumeration_plus_1d_fit  n=1  solved=1/1  median=   287.17 ms  ops(med)=    905760
 hybrid_enumeration_plus_1d_fit_full  n=1  solved=1/1  median=   725.82 ms  ops(med)=   2350080
                        gradient_tcn  n=10  solved=0/10  median=  3425.57 ms  ops(med)=   3095064
