gradient seed 0 ...
gradient seed 1 ...
gradient seed 2 ...
gradient seed 3 ...
gradient seed 4 ...
gradient seed 5 ...
gradient seed 6 ...
gradient seed 7 ...
gradient seed 8 ...
gradient seed 9 ...
/home/brandonin/Documents/typed-crystallization-networks/research/enumerative-baseline/out/mixed.json
    exhaustive_enumeration  solved= True      15.25 ms  programs=     37  ops=       272
exhaustive_enumeration_full  solved= True      40.82 ms  programs=     96  ops=       620
             random_search  solved= True     205.30 ms  programs=     91  ops=       632
             random_search  solved= True      18.12 ms  programs=     40  ops=       268
             random_search  solved= True      14.23 ms  programs=     19  ops=       136
             random_search  solved= True      81.51 ms  programs=    104  ops=       844
             random_search  solved= True      12.74 ms  programs=     39  ops=       232
             random_search  solved= True       6.25 ms  programs=      9  ops=       112
             random_search  solved= True      57.76 ms  programs=    170  ops=      1028
             random_search  solved= True      36.79 ms  programs=    120  ops=       652
             random_search  solved= True       3.80 ms  programs=      2  ops=        68
             random_search  solved= True       6.52 ms  programs=     14  ops=       116
              gradient_tcn  solved= True    2563.83 ms  programs=     80  ops=    365728
              gradient_tcn  solved= True     712.11 ms  programs=     80  ops=    365728
              gradient_tcn  solved= True    1799.82 ms  programs=     80  ops=    365728
              gradient_tcn  solved= True     528.31 ms  programs=     80  ops=    365728
              gradient_tcn  solved= True     359.99 ms  programs=     80  ops=    365728
              gradient_tcn  solved= True    1248.46 ms  programs=     80  ops=    365728
              gradient_tcn  solved= True    1908.48 ms  programs=     80  ops=    365728
              gradient_tcn  solved= True    1811.06 ms  programs=     80  ops=    365728
              gradient_tcn  solved= True    2251.76 ms  programs=     80  ops=    365728
              gradient_tcn  solved= True    1025.56 ms  programs=     80  ops=    365728
