== record_ab ==
  record        ab seed 0: seen 2.12 unseen 1.44 interpreter=None
  record        ab seed 1: seen 2.12 unseen 2.12 interpreter=None
  record        ab seed 2: seen 1.81 unseen 1.81 interpreter=None
  record        ab seed 3: seen 2.12 unseen 2.31 interpreter=None
  record        ab seed 4: seen 2.12 unseen 1.94 interpreter=None
  record        ab seed 5: seen 2.12 unseen 1.88 interpreter=None
  record        ab seed 6: seen 1.75 unseen 1.69 interpreter=None
  record        ab seed 7: seen 2.06 unseen 2.38 interpreter=None
== record_ba ==
  record        ba seed 0: seen 2.56 unseen 1.88 interpreter=None
  record        ba seed 1: seen 2.12 unseen 2.12 interpreter=None
  record        ba seed 2: seen 1.81 unseen 1.81 interpreter=None
  record        ba seed 3: seen 2.31 unseen 2.12 interpreter=None
  record        ba seed 4: seen 1.94 unseen 2.12 interpreter=None
  record        ba seed 5: seen 1.88 unseen 2.12 interpreter=None
  record        ba seed 6: seen 1.69 unseen 1.75 interpreter=None
  record        ba seed 7: seen 1.62 unseen 1.94 interpreter=None
== lookup_ab ==
  lookup        ab seed 0: seen 4.00 unseen 4.00 interpreter=True
  lookup        ab seed 1: seen 3.44 unseen 3.44 interpreter=True
  lookup        ab seed 2: seen 4.00 unseen 4.00 interpreter=True
  lookup        ab seed 3: seen 4.00 unseen 4.00 interpreter=True
  lookup        ab seed 4: seen 3.56 unseen 3.50 interpreter=True
  lookup        ab seed 5: seen 4.00 unseen 4.00 interpreter=True
  lookup        ab seed 6: seen 3.31 unseen 3.44 interpreter=True
  lookup        ab seed 7: seen 3.56 unseen 3.56 interpreter=True
== lookup_ba ==
  lookup        ba seed 0: seen 4.00 unseen 4.00 interpreter=True
  lookup        ba seed 1: seen 4.00 unseen 4.00 interpreter=True
  lookup        ba seed 2: seen 4.00 unseen 4.00 interpreter=True
  lookup        ba seed 3: seen 4.00 unseen 4.00 interpreter=True
  lookup        ba seed 4: seen 4.00 unseen 4.00 interpreter=True
  lookup        ba seed 5: seen 4.00 unseen 4.00 interpreter=True
  lookup        ba seed 6: seen 4.00 unseen 4.00 interpreter=True
  lookup        ba seed 7: seen 4.00 unseen 4.00 interpreter=True
== lookup_wired_ab ==
  lookup_wired  ab seed 0: seen 3.88 unseen 3.62 interpreter=True
  lookup_wired  ab seed 1: seen 3.19 unseen 2.81 interpreter=True
  lookup_wired  ab seed 2: seen 2.81 unseen 2.75 interpreter=True
  lookup_wired  ab seed 3: seen 3.81 unseen 3.75 interpreter=True
  lookup_wired  ab seed 4: seen 3.81 unseen 3.38 interpreter=True
  lookup_wired  ab seed 5: seen 3.56 unseen 3.94 interpreter=True
  lookup_wired  ab seed 6: seen 3.06 unseen 3.12 interpreter=True
  lookup_wired  ab seed 7: seen 3.56 unseen 3.69 interpreter=True
== lookup_wired_ba ==
  lookup_wired  ba seed 0: seen 3.69 unseen 3.81 interpreter=True
  lookup_wired  ba seed 1: seen 2.81 unseen 3.19 interpreter=True
  lookup_wired  ba seed 2: seen 3.56 unseen 3.56 interpreter=True
  lookup_wired  ba seed 3: seen 3.75 unseen 3.75 interpreter=True
  lookup_wired  ba seed 4: seen 2.88 unseen 3.00 interpreter=True
  lookup_wired  ba seed 5: seen 3.88 unseen 3.75 interpreter=True
  lookup_wired  ba seed 6: seen 3.62 unseen 3.75 interpreter=True
  lookup_wired  ba seed 7: seen 3.00 unseen 3.44 interpreter=True
baselines: {
  "pool_a": {
    "always_true": 2.125,
    "always_false": 1.875,
    "random": 2.15625,
    "best_constant": 2.125
  },
  "pool_b": {
    "always_true": 1.4375,
    "always_false": 2.5625,
    "random": 1.90625,
    "best_constant": 2.5625
  }
}
== enumerating the lookup scaffold ==
{
  "space_size": 272,
  "evaluated": 272,
  "train_return": 4.0,
  "heldout_return": 4.0,
  "seconds": 130.0942111859913,
  "selections": {
    "relation": 16,
    "goal_relation": 6
  }
}

=== summary (mean over seeds, chance = 2.0/4) ===
record_ab          seen 2.03  unseen 1.95  interpreter chosen 0/8
record_ba          seen 1.99  unseen 1.98  interpreter chosen 0/8
lookup_ab          seen 3.73  unseen 3.74  interpreter chosen 8/8
lookup_ba          seen 4.00  unseen 4.00  interpreter chosen 8/8
lookup_wired_ab    seen 3.46  unseen 3.38  interpreter chosen 8/8
lookup_wired_ba    seen 3.40  unseen 3.53  interpreter chosen 8/8
