/home/brandonin/Documents/typed-crystallization-networks/research/policy-learning/pl.py:331: UserWarning: Converting a tensor with requires_grad=True to a scalar may lead to unexpected behavior.
Consider using tensor.detach() first. (Triggered internally at /__w/pytorch/pytorch/torch/csrc/autograd/generated/python_variable_methods.cpp:820.)
  'constants': {k: float(v) for k, v in self.model.constants.items()}}
/home/brandonin/Documents/typed-crystallization-networks/research/policy-learning/pl.py:331: UserWarning: Converting a tensor with requires_grad=True to a scalar may lead to unexpected behavior.
Consider using tensor.detach() first. (Triggered internally at /__w/pytorch/pytorch/torch/csrc/autograd/generated/python_variable_methods.cpp:820.)
  'constants': {k: float(v) for k, v in self.model.constants.items()}}
/home/brandonin/Documents/typed-crystallization-networks/research/policy-learning/pl.py:331: UserWarning: Converting a tensor with requires_grad=True to a scalar may lead to unexpected behavior.
Consider using tensor.detach() first. (Triggered internally at /__w/pytorch/pytorch/torch/csrc/autograd/generated/python_variable_methods.cpp:820.)
  'constants': {k: float(v) for k, v in self.model.constants.items()}}
/home/brandonin/Documents/typed-crystallization-networks/research/policy-learning/pl.py:331: UserWarning: Converting a tensor with requires_grad=True to a scalar may lead to unexpected behavior.
Consider using tensor.detach() first. (Triggered internally at /__w/pytorch/pytorch/torch/csrc/autograd/generated/python_variable_methods.cpp:820.)
  'constants': {k: float(v) for k, v in self.model.constants.items()}}
/home/brandonin/Documents/typed-crystallization-networks/research/policy-learning/pl.py:331: UserWarning: Converting a tensor with requires_grad=True to a scalar may lead to unexpected behavior.
Consider using tensor.detach() first. (Triggered internally at /__w/pytorch/pytorch/torch/csrc/autograd/generated/python_variable_methods.cpp:820.)
  'constants': {k: float(v) for k, v in self.model.constants.items()}}
/home/brandonin/Documents/typed-crystallization-networks/research/policy-learning/pl.py:331: UserWarning: Converting a tensor with requires_grad=True to a scalar may lead to unexpected behavior.
Consider using tensor.detach() first. (Triggered internally at /__w/pytorch/pytorch/torch/csrc/autograd/generated/python_variable_methods.cpp:820.)
  'constants': {k: float(v) for k, v in self.model.constants.items()}}
/home/brandonin/Documents/typed-crystallization-networks/research/policy-learning/pl.py:331: UserWarning: Converting a tensor with requires_grad=True to a scalar may lead to unexpected behavior.
Consider using tensor.detach() first. (Triggered internally at /__w/pytorch/pytorch/torch/csrc/autograd/generated/python_variable_methods.cpp:820.)
  'constants': {k: float(v) for k, v in self.model.constants.items()}}
T_probe50_reward1                      seed 0 eval 2.125 env_ep    307 22.9s
T_probe50_reward1                      seed 1 eval 1.750 env_ep    307 18.9s
/home/brandonin/Documents/typed-crystallization-networks/research/policy-learning/pl.py:331: UserWarning: Converting a tensor with requires_grad=True to a scalar may lead to unexpected behavior.
Consider using tensor.detach() first. (Triggered internally at /__w/pytorch/pytorch/torch/csrc/autograd/generated/python_variable_methods.cpp:820.)
  'constants': {k: float(v) for k, v in self.model.constants.items()}}
T_probe50_reward1                      seed 2 eval 2.000 env_ep    307 25.0s
T_probe50_reward1                      seed 3 eval 2.125 env_ep    307 19.6s
T_probe50_reward1                      seed 4 eval 2.438 env_ep    307 22.8s
T_probe50_reward1                      seed 5 eval 1.688 env_ep    307 16.0s
T_probe50_reward1                      seed 6 eval 1.875 env_ep    307 21.0s
T_probe50_reward1                      seed 7 eval 1.812 env_ep    307 12.3s
T_probe50_reward5                      seed 0 eval 4.000 env_ep    311 12.5s
T_probe50_reward5                      seed 1 eval 1.750 env_ep    311 12.8s
T_probe50_reward5                      seed 2 eval 2.000 env_ep    311 24.7s
T_probe50_reward5                      seed 3 eval 2.125 env_ep    311 13.5s
T_probe50_reward5                      seed 4 eval 1.562 env_ep    311 15.8s
T_probe50_reward5                      seed 5 eval 4.000 env_ep    311 9.4s
T_probe50_reward5                      seed 6 eval 1.875 env_ep    311 14.4s
T_probe50_reward5                      seed 7 eval 4.000 env_ep    311 14.9s
T_probe50_reward10                     seed 0 eval 4.000 env_ep    316 18.5s
T_probe50_reward10                     seed 1 eval 1.750 env_ep    316 9.2s
T_probe50_reward10                     seed 2 eval 4.000 env_ep    316 18.7s
T_probe50_reward10                     seed 3 eval 2.125 env_ep    316 17.9s
T_probe50_reward10                     seed 4 eval 1.562 env_ep    316 22.4s
T_probe50_reward10                     seed 5 eval 4.000 env_ep    316 10.3s
T_probe50_reward10                     seed 6 eval 1.875 env_ep    316 12.1s
T_probe50_reward10                     seed 7 eval 4.000 env_ep    316 15.2s
T_probe50_reward25                     seed 0 eval 1.875 env_ep    331 18.7s
T_probe50_reward25                     seed 1 eval 4.000 env_ep    331 21.1s
T_probe50_reward25                     seed 2 eval 4.000 env_ep    331 15.5s
T_probe50_reward25                     seed 3 eval 4.000 env_ep    331 22.7s
T_probe50_reward25                     seed 4 eval 1.562 env_ep    331 12.4s
T_probe50_reward25                     seed 5 eval 1.688 env_ep    331 9.4s
T_probe50_reward25                     seed 6 eval 1.875 env_ep    331 10.2s
T_probe50_reward25                     seed 7 eval 2.188 env_ep    331 23.7s
T_probe50_reward50                     seed 0 eval 4.000 env_ep    356 25.4s
T_probe50_reward50                     seed 1 eval 4.000 env_ep    356 14.4s
T_probe50_reward50                     seed 2 eval 4.000 env_ep    356 19.5s
T_probe50_reward50                     seed 3 eval 4.000 env_ep    356 21.8s
T_probe50_reward50                     seed 4 eval 4.000 env_ep    356 16.9s
T_probe50_reward50                     seed 5 eval 4.000 env_ep    356 21.4s
T_probe50_reward50                     seed 6 eval 4.000 env_ep    356 23.5s
T_probe50_reward50                     seed 7 eval 4.000 env_ep    356 22.4s
T_probe50_reward100                    seed 0 eval 4.000 env_ep    406 24.9s
T_probe50_reward100                    seed 1 eval 4.000 env_ep    406 20.6s
T_probe50_reward100                    seed 2 eval 4.000 env_ep    406 21.4s
T_probe50_reward100                    seed 3 eval 4.000 env_ep    406 16.6s
T_probe50_reward100                    seed 4 eval 4.000 env_ep    406 16.9s
T_probe50_reward100                    seed 5 eval 4.000 env_ep    406 27.6s
T_probe50_reward100                    seed 6 eval 4.000 env_ep    406 23.7s
T_probe50_reward100                    seed 7 eval 4.000 env_ep    406 14.7s
T_probe50_reward200                    seed 0 eval 4.000 env_ep    506 13.3s
T_probe50_reward200                    seed 1 eval 4.000 env_ep    506 11.4s
T_probe50_reward200                    seed 2 eval 4.000 env_ep    506 17.3s
T_probe50_reward200                    seed 3 eval 4.000 env_ep    506 18.3s
T_probe50_reward200                    seed 4 eval 4.000 env_ep    506 19.7s
T_probe50_reward200                    seed 5 eval 4.000 env_ep    506 18.2s
T_probe50_reward200                    seed 6 eval 4.000 env_ep    506 28.1s
T_probe50_reward200                    seed 7 eval 4.000 env_ep    506 24.8s
T_probe50_reward400                    seed 0 eval 4.000 env_ep    706 16.1s
T_probe50_reward400                    seed 1 eval 4.000 env_ep    706 17.6s
T_probe50_reward400                    seed 2 eval 4.000 env_ep    706 21.0s
T_probe50_reward400                    seed 3 eval 4.000 env_ep    706 26.6s
T_probe50_reward400                    seed 4 eval 4.000 env_ep    706 21.1s
T_probe50_reward400                    seed 5 eval 4.000 env_ep    706 24.5s
T_probe50_reward400                    seed 6 eval 4.000 env_ep    706 14.3s
T_probe50_reward400                    seed 7 eval 4.000 env_ep    706 27.4s
T_probe200_reward1                     seed 0 eval 2.125 env_ep    457 34.0s
T_probe200_reward1                     seed 1 eval 1.750 env_ep    457 34.6s
T_probe200_reward1                     seed 2 eval 2.000 env_ep    457 23.9s
T_probe200_reward1                     seed 3 eval 2.125 env_ep    457 39.7s
T_probe200_reward1                     seed 4 eval 2.438 env_ep    457 33.5s
T_probe200_reward1                     seed 5 eval 1.688 env_ep    457 40.9s
T_probe200_reward1                     seed 6 eval 1.875 env_ep    457 29.7s
T_probe200_reward1                     seed 7 eval 1.812 env_ep    457 24.8s
T_probe200_reward5                     seed 0 eval 2.125 env_ep    461 24.2s
T_probe200_reward5                     seed 1 eval 1.750 env_ep    461 21.6s
T_probe200_reward5                     seed 2 eval 2.000 env_ep    461 33.7s
T_probe200_reward5                     seed 3 eval 4.000 env_ep    461 29.0s
T_probe200_reward5                     seed 4 eval 4.000 env_ep    461 32.2s
T_probe200_reward5                     seed 5 eval 1.688 env_ep    461 28.6s
T_probe200_reward5                     seed 6 eval 1.875 env_ep    461 28.8s
T_probe200_reward5                     seed 7 eval 4.000 env_ep    461 29.1s
T_probe200_reward10                    seed 0 eval 4.000 env_ep    466 14.6s
T_probe200_reward10                    seed 1 eval 4.000 env_ep    466 26.2s
T_probe200_reward10                    seed 2 eval 2.000 env_ep    466 23.4s
T_probe200_reward10                    seed 3 eval 4.000 env_ep    466 33.3s
T_probe200_reward10                    seed 4 eval 4.000 env_ep    466 27.4s
T_probe200_reward10                    seed 5 eval 1.688 env_ep    466 26.5s
T_probe200_reward10                    seed 6 eval 1.875 env_ep    466 33.5s
T_probe200_reward10                    seed 7 eval 4.000 env_ep    466 26.0s
T_probe200_reward25                    seed 0 eval 4.000 env_ep    481 19.8s
T_probe200_reward25                    seed 1 eval 4.000 env_ep    481 40.5s
T_probe200_reward25                    seed 2 eval 2.000 env_ep    481 26.2s
T_probe200_reward25                    seed 3 eval 4.000 env_ep    481 28.6s
T_probe200_reward25                    seed 4 eval 1.562 env_ep    481 12.2s
T_probe200_reward25                    seed 5 eval 4.000 env_ep    481 36.3s
T_probe200_reward25                    seed 6 eval 1.875 env_ep    481 36.2s
T_probe200_reward25                    seed 7 eval 2.188 env_ep    481 30.7s
T_probe200_reward50                    seed 0 eval 4.000 env_ep    506 25.6s
T_probe200_reward50                    seed 1 eval 4.000 env_ep    506 20.7s
T_probe200_reward50                    seed 2 eval 4.000 env_ep    506 24.0s
T_probe200_reward50                    seed 3 eval 4.000 env_ep    506 24.1s
T_probe200_reward50                    seed 4 eval 4.000 env_ep    506 30.8s
T_probe200_reward50                    seed 5 eval 4.000 env_ep    506 32.4s
T_probe200_reward50                    seed 6 eval 1.875 env_ep    506 53.1s
T_probe200_reward50                    seed 7 eval 4.000 env_ep    506 29.6s
T_probe200_reward100                   seed 0 eval 4.000 env_ep    556 30.0s
T_probe200_reward100                   seed 1 eval 4.000 env_ep    556 35.3s
T_probe200_reward100                   seed 2 eval 4.000 env_ep    556 24.2s
T_probe200_reward100                   seed 3 eval 4.000 env_ep    556 24.1s
T_probe200_reward100                   seed 4 eval 4.000 env_ep    556 36.3s
T_probe200_reward100                   seed 5 eval 4.000 env_ep    556 25.9s
T_probe200_reward100                   seed 6 eval 4.000 env_ep    556 29.8s
T_probe200_reward100                   seed 7 eval 4.000 env_ep    556 25.5s
T_probe200_reward200                   seed 0 eval 4.000 env_ep    656 39.8s
T_probe200_reward200                   seed 1 eval 4.000 env_ep    656 24.4s
T_probe200_reward200                   seed 2 eval 4.000 env_ep    656 31.9s
T_probe200_reward200                   seed 3 eval 4.000 env_ep    656 24.3s
T_probe200_reward200                   seed 4 eval 4.000 env_ep    656 27.8s
T_probe200_reward200                   seed 5 eval 4.000 env_ep    656 31.2s
T_probe200_reward200                   seed 6 eval 4.000 env_ep    656 24.9s
T_probe200_reward200                   seed 7 eval 4.000 env_ep    656 19.5s
T_probe200_reward400                   seed 0 eval 4.000 env_ep    856 33.3s
T_probe200_reward400                   seed 1 eval 4.000 env_ep    856 22.9s
T_probe200_reward400                   seed 2 eval 4.000 env_ep    856 28.9s
T_probe200_reward400                   seed 3 eval 4.000 env_ep    856 18.7s
T_probe200_reward400                   seed 4 eval 4.000 env_ep    856 19.5s
T_probe200_reward400                   seed 5 eval 4.000 env_ep    856 22.4s
T_probe200_reward400                   seed 6 eval 4.000 env_ep    856 15.1s
T_probe200_reward400                   seed 7 eval 4.000 env_ep    856 24.4s
references {'always_false': 2.125, 'always_true': 1.875, 'uniform': 2.046875, 'oracle': 4.0}
