/home/brandonin/Documents/typed-crystallization-networks/research/policy-learning/pl.py:328: UserWarning: Converting a tensor with requires_grad=True to a scalar may lead to unexpected behavior.
Consider using tensor.detach() first. (Triggered internally at /__w/pytorch/pytorch/torch/csrc/autograd/generated/python_variable_methods.cpp:820.)
  ent[node.name] = float(-(q * q.clamp_min(1e-12).log()).sum())
/home/brandonin/Documents/typed-crystallization-networks/research/policy-learning/pl.py:328: UserWarning: Converting a tensor with requires_grad=True to a scalar may lead to unexpected behavior.
Consider using tensor.detach() first. (Triggered internally at /__w/pytorch/pytorch/torch/csrc/autograd/generated/python_variable_methods.cpp:820.)
  ent[node.name] = float(-(q * q.clamp_min(1e-12).log()).sum())
/home/brandonin/Documents/typed-crystallization-networks/research/policy-learning/pl.py:328: UserWarning: Converting a tensor with requires_grad=True to a scalar may lead to unexpected behavior.
Consider using tensor.detach() first. (Triggered internally at /__w/pytorch/pytorch/torch/csrc/autograd/generated/python_variable_methods.cpp:820.)
  ent[node.name] = float(-(q * q.clamp_min(1e-12).log()).sum())
/home/brandonin/Documents/typed-crystallization-networks/research/policy-learning/pl.py:328: UserWarning: Converting a tensor with requires_grad=True to a scalar may lead to unexpected behavior.
Consider using tensor.detach() first. (Triggered internally at /__w/pytorch/pytorch/torch/csrc/autograd/generated/python_variable_methods.cpp:820.)
  ent[node.name] = float(-(q * q.clamp_min(1e-12).log()).sum())
/home/brandonin/Documents/typed-crystallization-networks/research/policy-learning/pl.py:328: UserWarning: Converting a tensor with requires_grad=True to a scalar may lead to unexpected behavior.
Consider using tensor.detach() first. (Triggered internally at /__w/pytorch/pytorch/torch/csrc/autograd/generated/python_variable_methods.cpp:820.)
  ent[node.name] = float(-(q * q.clamp_min(1e-12).log()).sum())
/home/brandonin/Documents/typed-crystallization-networks/research/policy-learning/pl.py:328: UserWarning: Converting a tensor with requires_grad=True to a scalar may lead to unexpected behavior.
Consider using tensor.detach() first. (Triggered internally at /__w/pytorch/pytorch/torch/csrc/autograd/generated/python_variable_methods.cpp:820.)
  ent[node.name] = float(-(q * q.clamp_min(1e-12).log()).sum())
P1_rewardonly_100                      seed 0 eval 2.125 env_ep    164 8.5s
P1_rewardonly_100                      seed 1 eval 1.750 env_ep    164 8.2s
P1_rewardonly_100                      seed 2 eval 2.000 env_ep    164 6.3s
P1_rewardonly_100                      seed 3 eval 1.875 env_ep    164 7.9s
P1_rewardonly_100                      seed 4 eval 2.438 env_ep    164 7.2s
P1_rewardonly_100                      seed 5 eval 2.312 env_ep    164 5.9s
P1_rewardonly_100                      seed 6 eval 1.875 env_ep    164 6.1s
P1_rewardonly_100                      seed 7 eval 1.812 env_ep    164 4.0s
P2_probe_reward_100                    seed 0 eval 2.125 env_ep    164 4.0s
P2_probe_reward_100                    seed 1 eval 1.750 env_ep    164 6.3s
P2_probe_reward_100                    seed 2 eval 4.000 env_ep    164 6.4s
P2_probe_reward_100                    seed 3 eval 1.875 env_ep    164 4.3s
P2_probe_reward_100                    seed 4 eval 2.438 env_ep    164 4.6s
P2_probe_reward_100                    seed 5 eval 2.312 env_ep    164 4.9s
P2_probe_reward_100                    seed 6 eval 1.875 env_ep    164 3.4s
P2_probe_reward_100                    seed 7 eval 4.000 env_ep    164 5.3s
P3_pinned_readout_100                  seed 0 eval 4.000 env_ep    164 0.7s
P3_pinned_readout_100                  seed 1 eval 4.000 env_ep    164 0.9s
P3_pinned_readout_100                  seed 2 eval 4.000 env_ep    164 1.4s
P3_pinned_readout_100                  seed 3 eval 4.000 env_ep    164 2.3s
P3_pinned_readout_100                  seed 4 eval 4.000 env_ep    164 0.6s
P3_pinned_readout_100                  seed 5 eval 4.000 env_ep    164 1.0s
P3_pinned_readout_100                  seed 6 eval 4.000 env_ep    164 1.0s
P3_pinned_readout_100                  seed 7 eval 4.000 env_ep    164 1.5s
P4_mlp_reinforce_100                   seed 0 eval 2.125 env_ep    164 2.1s
P4_mlp_reinforce_100                   seed 1 eval 1.750 env_ep    164 3.2s
P4_mlp_reinforce_100                   seed 2 eval 2.312 env_ep    164 2.4s
P4_mlp_reinforce_100                   seed 3 eval 2.125 env_ep    164 4.7s
P4_mlp_reinforce_100                   seed 4 eval 2.438 env_ep    164 1.8s
P4_mlp_reinforce_100                   seed 5 eval 1.688 env_ep    164 1.0s
P4_mlp_reinforce_100                   seed 6 eval 1.875 env_ep    164 4.7s
P4_mlp_reinforce_100                   seed 7 eval 2.188 env_ep    164 5.1s
P1_rewardonly_200                      seed 0 eval 4.000 env_ep    264 8.9s
P1_rewardonly_200                      seed 1 eval 4.000 env_ep    264 9.6s
P1_rewardonly_200                      seed 2 eval 2.000 env_ep    264 5.9s
P1_rewardonly_200                      seed 3 eval 4.000 env_ep    264 11.0s
P1_rewardonly_200                      seed 4 eval 4.000 env_ep    264 10.3s
P1_rewardonly_200                      seed 5 eval 4.000 env_ep    264 10.5s
P1_rewardonly_200                      seed 6 eval 4.000 env_ep    264 10.0s
P1_rewardonly_200                      seed 7 eval 4.000 env_ep    264 7.3s
P2_probe_reward_200                    seed 0 eval 4.000 env_ep    264 14.9s
P2_probe_reward_200                    seed 1 eval 4.000 env_ep    264 9.8s
P2_probe_reward_200                    seed 2 eval 4.000 env_ep    264 7.7s
P2_probe_reward_200                    seed 3 eval 4.000 env_ep    264 8.8s
P2_probe_reward_200                    seed 4 eval 2.438 env_ep    264 12.3s
P2_probe_reward_200                    seed 5 eval 4.000 env_ep    264 9.3s
P2_probe_reward_200                    seed 6 eval 4.000 env_ep    264 9.4s
P2_probe_reward_200                    seed 7 eval 4.000 env_ep    264 13.1s
P3_pinned_readout_200                  seed 0 eval 4.000 env_ep    264 1.1s
P3_pinned_readout_200                  seed 1 eval 4.000 env_ep    264 5.7s
P3_pinned_readout_200                  seed 2 eval 4.000 env_ep    264 1.5s
P3_pinned_readout_200                  seed 3 eval 4.000 env_ep    264 2.0s
P3_pinned_readout_200                  seed 4 eval 4.000 env_ep    264 1.3s
P3_pinned_readout_200                  seed 5 eval 4.000 env_ep    264 4.8s
P3_pinned_readout_200                  seed 6 eval 4.000 env_ep    264 1.5s
P3_pinned_readout_200                  seed 7 eval 4.000 env_ep    264 1.3s
P4_mlp_reinforce_200                   seed 0 eval 2.125 env_ep    264 2.4s
P4_mlp_reinforce_200                   seed 1 eval 1.750 env_ep    264 2.2s
P4_mlp_reinforce_200                   seed 2 eval 2.000 env_ep    264 5.4s
P4_mlp_reinforce_200                   seed 3 eval 2.125 env_ep    264 9.0s
P4_mlp_reinforce_200                   seed 4 eval 2.438 env_ep    264 1.9s
P4_mlp_reinforce_200                   seed 5 eval 1.688 env_ep    264 4.6s
P4_mlp_reinforce_200                   seed 6 eval 1.875 env_ep    264 6.8s
P4_mlp_reinforce_200                   seed 7 eval 2.188 env_ep    264 3.3s
P1_rewardonly_400                      seed 0 eval 4.000 env_ep    464 30.1s
P1_rewardonly_400                      seed 1 eval 4.000 env_ep    464 29.0s
P1_rewardonly_400                      seed 2 eval 4.000 env_ep    464 21.8s
P1_rewardonly_400                      seed 3 eval 4.000 env_ep    464 32.4s
P1_rewardonly_400                      seed 4 eval 4.000 env_ep    464 25.1s
P1_rewardonly_400                      seed 5 eval 4.000 env_ep    464 23.5s
P1_rewardonly_400                      seed 6 eval 4.000 env_ep    464 20.0s
P1_rewardonly_400                      seed 7 eval 4.000 env_ep    464 33.7s
P2_probe_reward_400                    seed 0 eval 4.000 env_ep    464 25.0s
P2_probe_reward_400                    seed 1 eval 4.000 env_ep    464 39.3s
P2_probe_reward_400                    seed 2 eval 4.000 env_ep    464 31.7s
P2_probe_reward_400                    seed 3 eval 4.000 env_ep    464 40.3s
P2_probe_reward_400                    seed 4 eval 4.000 env_ep    464 22.5s
P2_probe_reward_400                    seed 5 eval 4.000 env_ep    464 29.4s
P2_probe_reward_400                    seed 6 eval 4.000 env_ep    464 28.7s
P2_probe_reward_400                    seed 7 eval 4.000 env_ep    464 35.2s
P3_pinned_readout_400                  seed 0 eval 4.000 env_ep    464 9.0s
P3_pinned_readout_400                  seed 1 eval 4.000 env_ep    464 7.9s
P3_pinned_readout_400                  seed 2 eval 4.000 env_ep    464 8.2s
P3_pinned_readout_400                  seed 3 eval 4.000 env_ep    464 9.2s
P3_pinned_readout_400                  seed 4 eval 4.000 env_ep    464 6.6s
P3_pinned_readout_400                  seed 5 eval 4.000 env_ep    464 13.1s
P3_pinned_readout_400                  seed 6 eval 4.000 env_ep    464 8.0s
P3_pinned_readout_400                  seed 7 eval 4.000 env_ep    464 7.8s
P4_mlp_reinforce_400                   seed 0 eval 2.125 env_ep    464 10.8s
P4_mlp_reinforce_400                   seed 1 eval 1.750 env_ep    464 12.4s
P4_mlp_reinforce_400                   seed 2 eval 2.000 env_ep    464 9.5s
P4_mlp_reinforce_400                   seed 3 eval 2.125 env_ep    464 12.8s
P4_mlp_reinforce_400                   seed 4 eval 2.438 env_ep    464 10.2s
P4_mlp_reinforce_400                   seed 5 eval 1.688 env_ep    464 17.9s
P4_mlp_reinforce_400                   seed 6 eval 1.875 env_ep    464 19.1s
P4_mlp_reinforce_400                   seed 7 eval 2.188 env_ep    464 13.8s
P1_rewardonly_800                      seed 0 eval 4.000 env_ep    864 87.7s
P1_rewardonly_800                      seed 1 eval 4.000 env_ep    864 86.2s
P1_rewardonly_800                      seed 2 eval 4.000 env_ep    864 92.6s
P1_rewardonly_800                      seed 3 eval 4.000 env_ep    864 87.2s
P1_rewardonly_800                      seed 4 eval 4.000 env_ep    864 82.1s
P1_rewardonly_800                      seed 5 eval 4.000 env_ep    864 93.9s
P1_rewardonly_800                      seed 6 eval 4.000 env_ep    864 48.8s
P1_rewardonly_800                      seed 7 eval 4.000 env_ep    864 44.1s
P2_probe_reward_800                    seed 0 eval 4.000 env_ep    864 39.5s
P2_probe_reward_800                    seed 1 eval 4.000 env_ep    864 37.2s
P2_probe_reward_800                    seed 2 eval 4.000 env_ep    864 46.7s
P2_probe_reward_800                    seed 3 eval 4.000 env_ep    864 49.9s
P2_probe_reward_800                    seed 4 eval 4.000 env_ep    864 43.0s
P2_probe_reward_800                    seed 5 eval 4.000 env_ep    864 45.2s
P2_probe_reward_800                    seed 6 eval 4.000 env_ep    864 44.8s
P2_probe_reward_800                    seed 7 eval 4.000 env_ep    864 44.2s
P3_pinned_readout_800                  seed 0 eval 4.000 env_ep    864 12.6s
P3_pinned_readout_800                  seed 1 eval 4.000 env_ep    864 7.6s
P3_pinned_readout_800                  seed 2 eval 4.000 env_ep    864 8.5s
P3_pinned_readout_800                  seed 3 eval 4.000 env_ep    864 10.8s
P3_pinned_readout_800                  seed 4 eval 4.000 env_ep    864 9.2s
P3_pinned_readout_800                  seed 5 eval 4.000 env_ep    864 8.2s
P3_pinned_readout_800                  seed 6 eval 4.000 env_ep    864 8.3s
P3_pinned_readout_800                  seed 7 eval 4.000 env_ep    864 5.9s
P4_mlp_reinforce_800                   seed 0 eval 2.125 env_ep    864 13.6s
P4_mlp_reinforce_800                   seed 1 eval 1.750 env_ep    864 15.0s
P4_mlp_reinforce_800                   seed 2 eval 2.000 env_ep    864 11.5s
P4_mlp_reinforce_800                   seed 3 eval 2.125 env_ep    864 11.0s
P4_mlp_reinforce_800                   seed 4 eval 2.438 env_ep    864 12.1s
P4_mlp_reinforce_800                   seed 5 eval 1.688 env_ep    864 11.2s
P4_mlp_reinforce_800                   seed 6 eval 1.875 env_ep    864 13.3s
P4_mlp_reinforce_800                   seed 7 eval 1.812 env_ep    864 12.1s
P1_rewardonly_1200                     seed 0 eval 4.000 env_ep   1264 43.1s
P1_rewardonly_1200                     seed 1 eval 4.000 env_ep   1264 53.0s
P1_rewardonly_1200                     seed 2 eval 4.000 env_ep   1264 55.8s
P1_rewardonly_1200                     seed 3 eval 4.000 env_ep   1264 58.9s
P1_rewardonly_1200                     seed 4 eval 4.000 env_ep   1264 55.5s
P1_rewardonly_1200                     seed 5 eval 4.000 env_ep   1264 48.1s
P1_rewardonly_1200                     seed 6 eval 4.000 env_ep   1264 51.6s
P1_rewardonly_1200                     seed 7 eval 4.000 env_ep   1264 52.9s
P2_probe_reward_1200                   seed 0 eval 4.000 env_ep   1264 46.7s
P2_probe_reward_1200                   seed 1 eval 4.000 env_ep   1264 56.1s
P2_probe_reward_1200                   seed 2 eval 4.000 env_ep   1264 52.1s
P2_probe_reward_1200                   seed 3 eval 4.000 env_ep   1264 56.3s
P2_probe_reward_1200                   seed 4 eval 4.000 env_ep   1264 59.5s
P2_probe_reward_1200                   seed 5 eval 4.000 env_ep   1264 83.5s
P2_probe_reward_1200                   seed 6 eval 4.000 env_ep   1264 76.4s
P2_probe_reward_1200                   seed 7 eval 4.000 env_ep   1264 59.9s
P3_pinned_readout_1200                 seed 0 eval 4.000 env_ep   1264 14.1s
P3_pinned_readout_1200                 seed 1 eval 4.000 env_ep   1264 7.3s
P3_pinned_readout_1200                 seed 2 eval 4.000 env_ep   1264 14.1s
P3_pinned_readout_1200                 seed 3 eval 4.000 env_ep   1264 11.2s
P3_pinned_readout_1200                 seed 4 eval 4.000 env_ep   1264 10.6s
P3_pinned_readout_1200                 seed 5 eval 4.000 env_ep   1264 18.5s
P3_pinned_readout_1200                 seed 6 eval 4.000 env_ep   1264 25.0s
P3_pinned_readout_1200                 seed 7 eval 4.000 env_ep   1264 18.2s
P4_mlp_reinforce_1200                  seed 0 eval 2.125 env_ep   1264 24.5s
