M_h8_lr0.01_b1                         seed 0 eval 2.125 env_ep   2064 30.2s
M_h8_lr0.01_b1                         seed 1 eval 2.250 env_ep   2064 32.9s
M_h8_lr0.01_b1                         seed 2 eval 2.000 env_ep   2064 33.6s
M_h8_lr0.01_b1                         seed 3 eval 2.125 env_ep   2064 33.6s
M_h8_lr0.01_b32n                       seed 0 eval 2.281 env_ep   2064 32.9s
M_h8_lr0.01_b32n                       seed 1 eval 1.688 env_ep   2064 33.8s
M_h8_lr0.01_b32n                       seed 2 eval 2.000 env_ep   2064 33.9s
M_h8_lr0.01_b32n                       seed 3 eval 1.875 env_ep   2064 37.1s
M_h8_lr0.04_b1                         seed 0 eval 2.125 env_ep   2064 29.4s
M_h8_lr0.04_b1                         seed 1 eval 2.250 env_ep   2064 25.8s
M_h8_lr0.04_b1                         seed 2 eval 2.000 env_ep   2064 31.9s
M_h8_lr0.04_b1                         seed 3 eval 2.125 env_ep   2064 27.5s
M_h8_lr0.04_b32n                       seed 0 eval 2.125 env_ep   2064 29.1s
M_h8_lr0.04_b32n                       seed 1 eval 1.750 env_ep   2064 27.8s
M_h8_lr0.04_b32n                       seed 2 eval 2.000 env_ep   2064 24.7s
M_h8_lr0.04_b32n                       seed 3 eval 2.562 env_ep   2064 27.7s
M_h8_lr0.1_b1                          seed 0 eval 2.125 env_ep   2064 30.5s
M_h8_lr0.1_b1                          seed 1 eval 2.250 env_ep   2064 28.4s
M_h8_lr0.1_b1                          seed 2 eval 2.000 env_ep   2064 30.4s
M_h8_lr0.1_b1                          seed 3 eval 2.125 env_ep   2064 36.1s
M_h8_lr0.1_b32n                        seed 0 eval 2.125 env_ep   2064 26.8s
M_h8_lr0.1_b32n                        seed 1 eval 1.750 env_ep   2064 35.4s
M_h8_lr0.1_b32n                        seed 2 eval 2.000 env_ep   2064 31.7s
M_h8_lr0.1_b32n                        seed 3 eval 2.125 env_ep   2064 32.9s
M_h32_lr0.01_b1                        seed 0 eval 2.125 env_ep   2064 20.8s
M_h32_lr0.01_b1                        seed 1 eval 1.750 env_ep   2064 21.8s
M_h32_lr0.01_b1                        seed 2 eval 2.000 env_ep   2064 18.5s
M_h32_lr0.01_b1                        seed 3 eval 2.125 env_ep   2064 25.4s
M_h32_lr0.01_b32n                      seed 0 eval 2.125 env_ep   2064 18.8s
M_h32_lr0.01_b32n                      seed 1 eval 1.750 env_ep   2064 24.1s
M_h32_lr0.01_b32n                      seed 2 eval 2.000 env_ep   2064 15.4s
M_h32_lr0.01_b32n                      seed 3 eval 2.125 env_ep   2064 26.3s
M_h32_lr0.04_b1                        seed 0 eval 2.125 env_ep   2064 25.8s
M_h32_lr0.04_b1                        seed 1 eval 1.750 env_ep   2064 22.5s
M_h32_lr0.04_b1                        seed 2 eval 2.000 env_ep   2064 16.3s
M_h32_lr0.04_b1                        seed 3 eval 2.125 env_ep   2064 22.3s
M_h32_lr0.04_b32n                      seed 0 eval 2.125 env_ep   2064 15.9s
M_h32_lr0.04_b32n                      seed 1 eval 2.250 env_ep   2064 28.1s
M_h32_lr0.04_b32n                      seed 2 eval 2.000 env_ep   2064 17.6s
M_h32_lr0.04_b32n                      seed 3 eval 2.125 env_ep   2064 25.4s
M_h32_lr0.1_b1                         seed 0 eval 2.125 env_ep   2064 32.8s
M_h32_lr0.1_b1                         seed 1 eval 1.750 env_ep   2064 23.6s
M_h32_lr0.1_b1                         seed 2 eval 2.000 env_ep   2064 24.4s
M_h32_lr0.1_b1                         seed 3 eval 2.125 env_ep   2064 22.9s
M_h32_lr0.1_b32n                       seed 0 eval 1.875 env_ep   2064 20.7s
M_h32_lr0.1_b32n                       seed 1 eval 2.250 env_ep   2064 21.0s
M_h32_lr0.1_b32n                       seed 2 eval 2.000 env_ep   2064 22.4s
M_h32_lr0.1_b32n                       seed 3 eval 2.562 env_ep   2064 14.8s
references {'always_false': 2.125, 'always_true': 1.875, 'uniform': 2.046875, 'oracle': 4.0}
