conforming 10 / 45375 in 362.9s
{
 "space_size": 45375,
 "evaluated": 45375,
 "seconds": 362.90860972896917,
 "conforming": 10,
 "unique": false,
 "train_episodes": 24,
 "train_lengths": [
  2,
  4,
  6
 ],
 "baselines": {
  "heldout_seen_lengths": {
   "n": 120,
   "constant_yes": 0.5666666666666667,
   "constant_no": 0.43333333333333335,
   "majority_constant": 0.5666666666666667,
   "random": 0.5
  },
  "heldout_unseen_lengths": {
   "n": 724,
   "constant_yes": 0.5483425414364641,
   "constant_no": 0.4516574585635359,
   "majority_constant": 0.5483425414364641,
   "random": 0.5
  }
 },
 "unseen_accuracy_distribution": {
  "0.999": 6,
  "1.0": 4
 }
}
{'symbols_sub': 's101', 'plus': 'v-2', 'minus': 'v2', 'rule': ['eq', 'v0']} 1.0 1.0
{'symbols_sub': 's101', 'plus': 'v-1', 'minus': 'v1', 'rule': ['eq', 'v0']} 1.0 1.0
{'symbols_sub': 's101', 'plus': 'v1', 'minus': 'v-1', 'rule': ['eq', 'v0']} 1.0 1.0
{'symbols_sub': 's101', 'plus': 'v2', 'minus': 'v-2', 'rule': ['eq', 'v0']} 1.0 1.0
{'symbols_sub': 's99', 'plus': 'v-1', 'minus': 'v1', 'rule': ['eq', 'v2']} 1.0 0.9986187845303868
{'symbols_sub': 's100', 'plus': 'v-1', 'minus': 'v1', 'rule': ['eq', 'v1']} 1.0 0.9986187845303868
{'symbols_sub': 's100', 'plus': 'v1', 'minus': 'v-1', 'rule': ['eq', 'v-1']} 1.0 0.9986187845303868
{'symbols_sub': 's100', 'plus': 'v2', 'minus': 'v-2', 'rule': ['eq', 'v-2']} 1.0 0.9986187845303868
