seed 0 107s sel={'va': 1, 'vb': 0, 'relation': 14, 'goal_relation': 12} d1:2.12 d2:2.12 d3:1.62 d4:1.50 d6:2.06 d8:2.44
seed 1 214s sel={'va': 0, 'vb': 1, 'relation': 4, 'goal_relation': 9} d1:2.12 d2:2.12 d3:1.62 d4:1.50 d6:2.06 d8:2.44
seed 2 360s sel={'va': 0, 'vb': 1, 'relation': 16, 'goal_relation': 6} d1:3.06 d2:2.75 d3:2.62 d4:2.81 d6:2.62 d8:2.75
seed 3 464s sel={'va': 0, 'vb': 1, 'relation': 9, 'goal_relation': 6} d1:2.12 d2:2.12 d3:1.62 d4:1.50 d6:2.06 d8:2.44
seed 4 568s sel={'va': 1, 'vb': 0, 'relation': 2, 'goal_relation': 6} d1:2.12 d2:2.12 d3:1.62 d4:1.50 d6:2.06 d8:2.44
seed 5 675s sel={'va': 0, 'vb': 1, 'relation': 10, 'goal_relation': 1} d1:2.12 d2:2.12 d3:1.62 d4:1.50 d6:2.06 d8:2.44
seed 6 775s sel={'va': 0, 'vb': 1, 'relation': 13, 'goal_relation': 6} d1:2.12 d2:2.12 d3:1.62 d4:1.50 d6:2.06 d8:2.44
seed 7 877s sel={'va': 0, 'vb': 1, 'relation': 9, 'goal_relation': 6} d1:2.12 d2:2.12 d3:1.62 d4:1.50 d6:2.06 d8:2.44
{
  "soft": {
    "1": {
      "mean": 2.1953125,
      "sd": 0.1988737822087165,
      "n": 8,
      "min": 2.125,
      "max": 2.6875
    },
    "2": {
      "mean": 2.203125,
      "sd": 0.2209708691207961,
      "n": 8,
      "min": 2.125,
      "max": 2.75
    },
    "3": {
      "mean": 1.75,
      "sd": 0.3535533905932738,
      "n": 8,
      "min": 1.625,
      "max": 2.625
    },
    "4": {
      "mean": 1.6484375,
      "sd": 0.4198446513295126,
      "n": 8,
      "min": 1.5,
      "max": 2.6875
    },
    "6": {
      "mean": 2.1328125,
      "sd": 0.1988737822087165,
      "n": 8,
      "min": 2.0625,
      "max": 2.625
    },
    "8": {
      "mean": 2.453125,
      "sd": 0.04419417382415922,
      "n": 8,
      "min": 2.4375,
      "max": 2.5625
    }
  },
  "exact": {
    "1": {
      "mean": 2.2421875,
      "sd": 0.33145630368119416,
      "n": 8,
      "min": 2.125,
      "max": 3.0625
    },
    "2": {
      "mean": 2.203125,
      "sd": 0.2209708691207961,
      "n": 8,
      "min": 2.125,
      "max": 2.75
    },
    "3": {
      "mean": 1.75,
      "sd": 0.3535533905932738,
      "n": 8,
      "min": 1.625,
      "max": 2.625
    },
    "4": {
      "mean": 1.6640625,
      "sd": 0.4640388251536718,
      "n": 8,
      "min": 1.5,
      "max": 2.8125
    },
    "6": {
      "mean": 2.1328125,
      "sd": 0.1988737822087165,
      "n": 8,
      "min": 2.0625,
      "max": 2.625
    },
    "8": {
      "mean": 2.4765625,
      "sd": 0.11048543456039805,
      "n": 8,
      "min": 2.4375,
      "max": 2.75
    }
  }
}
