seed 0 158s sel={'relation': 16, 'goal_relation': 6} d1:4.00 d2:4.00 d3:4.00 d4:4.00 d6:4.00 d8:4.00
seed 1 314s sel={'relation': 16, 'goal_relation': 6} d1:4.00 d2:4.00 d3:4.00 d4:4.00 d6:4.00 d8:4.00
seed 2 476s sel={'relation': 16, 'goal_relation': 6} d1:4.00 d2:4.00 d3:4.00 d4:4.00 d6:4.00 d8:4.00
seed 3 680s sel={'relation': 16, 'goal_relation': 6} d1:4.00 d2:4.00 d3:4.00 d4:4.00 d6:4.00 d8:4.00
seed 4 838s sel={'relation': 16, 'goal_relation': 6} d1:4.00 d2:4.00 d3:4.00 d4:4.00 d6:4.00 d8:4.00
seed 5 998s sel={'relation': 16, 'goal_relation': 6} d1:4.00 d2:4.00 d3:4.00 d4:4.00 d6:4.00 d8:4.00
seed 6 1153s sel={'relation': 16, 'goal_relation': 6} d1:4.00 d2:4.00 d3:4.00 d4:4.00 d6:4.00 d8:4.00
seed 7 1349s sel={'relation': 16, 'goal_relation': 6} d1:4.00 d2:4.00 d3:4.00 d4:4.00 d6:4.00 d8:4.00
{
  "soft": {
    "1": {
      "mean": 3.1953125,
      "sd": 0.02209708691207961,
      "n": 8,
      "min": 3.1875,
      "max": 3.25
    },
    "2": {
      "mean": 3.3125,
      "sd": 0.0,
      "n": 8,
      "min": 3.3125,
      "max": 3.3125
    },
    "3": {
      "mean": 3.25,
      "sd": 0.0,
      "n": 8,
      "min": 3.25,
      "max": 3.25
    },
    "4": {
      "mean": 3.3125,
      "sd": 0.0,
      "n": 8,
      "min": 3.3125,
      "max": 3.3125
    },
    "6": {
      "mean": 3.3046875,
      "sd": 0.02209708691207961,
      "n": 8,
      "min": 3.25,
      "max": 3.3125
    },
    "8": {
      "mean": 3.1875,
      "sd": 0.0,
      "n": 8,
      "min": 3.1875,
      "max": 3.1875
    }
  },
  "exact": {
    "1": {
      "mean": 4.0,
      "sd": 0.0,
      "n": 8,
      "min": 4.0,
      "max": 4.0
    },
    "2": {
      "mean": 4.0,
      "sd": 0.0,
      "n": 8,
      "min": 4.0,
      "max": 4.0
    },
    "3": {
      "mean": 4.0,
      "sd": 0.0,
      "n": 8,
      "min": 4.0,
      "max": 4.0
    },
    "4": {
      "mean": 4.0,
      "sd": 0.0,
      "n": 8,
      "min": 4.0,
      "max": 4.0
    },
    "6": {
      "mean": 4.0,
      "sd": 0.0,
      "n": 8,
      "min": 4.0,
      "max": 4.0
    },
    "8": {
      "mean": 4.0,
      "sd": 0.0,
      "n": 8,
      "min": 4.0,
      "max": 4.0
    }
  }
}
