seed 0 147s sel={'va': 0, 'vb': 0, 'relation': 16, 'goal_relation': 6} d1:4.00 d2:4.00 d3:4.00 d4:4.00 d6:4.00 d8:4.00
seed 1 296s sel={'va': 0, 'vb': 1, 'relation': 16, 'goal_relation': 6} d1:3.06 d2:2.75 d3:2.62 d4:2.81 d6:2.62 d8:2.75
seed 2 449s sel={'va': 0, 'vb': 0, 'relation': 16, 'goal_relation': 6} d1:4.00 d2:4.00 d3:4.00 d4:4.00 d6:4.00 d8:4.00
seed 3 639s sel={'va': 0, 'vb': 1, 'relation': 16, 'goal_relation': 6} d1:3.06 d2:2.75 d3:2.62 d4:2.81 d6:2.62 d8:2.75
seed 4 786s sel={'va': 0, 'vb': 0, 'relation': 16, 'goal_relation': 6} d1:4.00 d2:4.00 d3:4.00 d4:4.00 d6:4.00 d8:4.00
seed 5 936s sel={'va': 0, 'vb': 0, 'relation': 16, 'goal_relation': 6} d1:4.00 d2:4.00 d3:4.00 d4:4.00 d6:4.00 d8:4.00
seed 6 1086s sel={'va': 0, 'vb': 0, 'relation': 16, 'goal_relation': 6} d1:4.00 d2:4.00 d3:4.00 d4:4.00 d6:4.00 d8:4.00
seed 7 1268s sel={'va': 0, 'vb': 0, 'relation': 16, 'goal_relation': 6} d1:4.00 d2:4.00 d3:4.00 d4:4.00 d6:4.00 d8:4.00
{
  "soft": {
    "1": {
      "mean": 3.0625,
      "sd": 0.23857837885513192,
      "n": 8,
      "min": 2.6875,
      "max": 3.25
    },
    "2": {
      "mean": 3.1640625,
      "sd": 0.256473117151542,
      "n": 8,
      "min": 2.75,
      "max": 3.3125
    },
    "3": {
      "mean": 3.0859375,
      "sd": 0.26921160523435306,
      "n": 8,
      "min": 2.625,
      "max": 3.25
    },
    "4": {
      "mean": 3.1484375,
      "sd": 0.28531291562323036,
      "n": 8,
      "min": 2.6875,
      "max": 3.3125
    },
    "6": {
      "mean": 3.125,
      "sd": 0.3098098495160263,
      "n": 8,
      "min": 2.625,
      "max": 3.3125
    },
    "8": {
      "mean": 3.0234375,
      "sd": 0.28531291562323036,
      "n": 8,
      "min": 2.5625,
      "max": 3.1875
    }
  },
  "exact": {
    "1": {
      "mean": 3.765625,
      "sd": 0.4339781717683835,
      "n": 8,
      "min": 3.0625,
      "max": 4.0
    },
    "2": {
      "mean": 3.6875,
      "sd": 0.5786375623578447,
      "n": 8,
      "min": 2.75,
      "max": 4.0
    },
    "3": {
      "mean": 3.65625,
      "sd": 0.6365013185936291,
      "n": 8,
      "min": 2.625,
      "max": 4.0
    },
    "4": {
      "mean": 3.703125,
      "sd": 0.5497056842399525,
      "n": 8,
      "min": 2.8125,
      "max": 4.0
    },
    "6": {
      "mean": 3.65625,
      "sd": 0.6365013185936291,
      "n": 8,
      "min": 2.625,
      "max": 4.0
    },
    "8": {
      "mean": 3.6875,
      "sd": 0.5786375623578447,
      "n": 8,
      "min": 2.75,
      "max": 4.0
    }
  }
}
