seed 0 69s sel={'relation': 3, 'goal_relation': 3} d1:2.12 d2:2.12 d3:1.62 d4:1.50 d6:2.06 d8:2.44
seed 1 138s sel={'relation': 3, 'goal_relation': 3} d1:2.12 d2:2.12 d3:1.62 d4:1.50 d6:2.06 d8:2.44
seed 2 207s sel={'relation': 3, 'goal_relation': 3} d1:2.12 d2:2.12 d3:1.62 d4:1.50 d6:2.06 d8:2.44
seed 3 274s sel={'relation': 3, 'goal_relation': 3} d1:2.12 d2:2.12 d3:1.62 d4:1.50 d6:2.06 d8:2.44
seed 4 344s sel={'relation': 3, 'goal_relation': 3} d1:2.12 d2:2.12 d3:1.62 d4:1.50 d6:2.06 d8:2.44
seed 5 415s sel={'relation': 3, 'goal_relation': 3} d1:2.12 d2:2.12 d3:1.62 d4:1.50 d6:2.06 d8:2.44
seed 6 485s sel={'relation': 3, 'goal_relation': 3} d1:2.12 d2:2.12 d3:1.62 d4:1.50 d6:2.06 d8:2.44
seed 7 595s sel={'relation': 3, 'goal_relation': 3} d1:2.12 d2:2.12 d3:1.62 d4:1.50 d6:2.06 d8:2.44
{
  "soft": {
    "1": {
      "mean": 2.125,
      "sd": 0.0,
      "n": 8,
      "min": 2.125,
      "max": 2.125
    },
    "2": {
      "mean": 2.125,
      "sd": 0.0,
      "n": 8,
      "min": 2.125,
      "max": 2.125
    },
    "3": {
      "mean": 1.625,
      "sd": 0.0,
      "n": 8,
      "min": 1.625,
      "max": 1.625
    },
    "4": {
      "mean": 1.5,
      "sd": 0.0,
      "n": 8,
      "min": 1.5,
      "max": 1.5
    },
    "6": {
      "mean": 2.0625,
      "sd": 0.0,
      "n": 8,
      "min": 2.0625,
      "max": 2.0625
    },
    "8": {
      "mean": 2.4375,
      "sd": 0.0,
      "n": 8,
      "min": 2.4375,
      "max": 2.4375
    }
  },
  "exact": {
    "1": {
      "mean": 2.125,
      "sd": 0.0,
      "n": 8,
      "min": 2.125,
      "max": 2.125
    },
    "2": {
      "mean": 2.125,
      "sd": 0.0,
      "n": 8,
      "min": 2.125,
      "max": 2.125
    },
    "3": {
      "mean": 1.625,
      "sd": 0.0,
      "n": 8,
      "min": 1.625,
      "max": 1.625
    },
    "4": {
      "mean": 1.5,
      "sd": 0.0,
      "n": 8,
      "min": 1.5,
      "max": 1.5
    },
    "6": {
      "mean": 2.0625,
      "sd": 0.0,
      "n": 8,
      "min": 2.0625,
      "max": 2.0625
    },
    "8": {
      "mean": 2.4375,
      "sd": 0.0,
      "n": 8,
      "min": 2.4375,
      "max": 2.4375
    }
  }
}
