R_0 0 S=7.078e+06 K= 0 0.0s
R_0 1 S=3.474e+12 K= 0 0.1s
R_0 2 S=1.733e+21 K= 0 6.5s
R_0 3 S=8.039e+21 K= 197476896 6.5s
R_0 4 S=8.039e+21 K= 197476896 0.1s
R_0 5 S=2.010e+22 K= 176908133009664 10.7s
R_0 6 S=6.165e+22 K= 176927505516408 18.5s
R_0 7 S=9.105e+22 K= 582124632505648 20.3s
R_0 8 S=9.105e+22 K= 582124632505648 0.1s
R_0 9 S=2.081e+23 K= 1164494804749376 24.9s
{
 "arm": "R_0",
 "gap": 0,
 "pool": "schema",
 "prior": true,
 "first_solvable_tier": 3,
 "full_space": {
  "S": "208109705341645619200000",
  "S_log10": 23.31829233431079,
  "K": "1164494804749376",
  "certificate": "complete",
  "exhausted": true
 },
 "expected_programs": {
  "num": "342293328143539902197058764801",
  "den": "197476897",
  "float": 1.7333335359403582e+21,
  "log10": 21.238882139679234
 },
 "expected_episodes": {
  "num": "4107519937722478826364705177612",
  "den": "197476897",
  "float": 2.08000024312843e+22,
  "log10": 22.31806338572686
 },
 "solution_exists": true,
 "first_solution_samples": {
  "n": 400,
  "train_conform_all": true,
  "held_out_accuracy_mean": 0.45618055555555553,
  "held_out_accuracy_min": 0.4166666666666667,
  "generalize_fraction": 0.0,
  "generalize_count": 0,
  "generalize_wilson95": [
   0.0,
   0.009512640599680667
  ],
  "held_out_accuracy_hist": {
   "0.4167": 58,
   "0.4444": 168,
   "0.4722": 140,
   "0.5": 15,
   "0.5278": 19
  }
 },
 "first_solution_slots": {
  "cpos": {
   "most_common": "('mul', 'k14', 'k2')",
   "share": 0.1675,
   "distinct": 24,
   "prior_rank_of_most_common": 269,
   "prior_score_of_most_common": 0.09871244635193133,
   "slot_best_score": 0.36623748211731044
  },
  "lc1": {
   "most_common": "101",
   "share": 0.2175,
   "distinct": 25
  },
  "lc2": {
   "most_common": "101",
   "share": 0.245,
   "distinct": 26
  },
  "lc3": {
   "most_common": "101",
   "share": 0.2,
   "distinct": 26
  },
  "K1": {
   "most_common": "2",
   "share": 0.225,
   "distinct": 8,
   "prior_rank_of_most_common": 1,
   "prior_score_of_most_common": 1.0,
   "slot_best_score": 1.0
  },
  "K2": {
   "most_common": "0",
   "share": 0.2275,
   "distinct": 8,
   "prior_rank_of_most_common": 1,
   "prior_score_of_most_common": 1.0,
   "slot_best_score": 1.0
  },
  "K3": {
   "most_common": "2",
   "share": 0.255,
   "distinct": 8,
   "prior_rank_of_most_common": 1,
   "prior_score_of_most_common": 1.0,
   "slot_best_score": 1.0
  },
  "K4": {
   "most_common": "5",
   "share": 0.9425,
   "distinct": 4,
   "prior_rank_of_most_common": 1,
   "prior_score_of_most_common": 1.0,
   "slot_best_score": 1.0
  },
  "ra": {
   "most_common": "('mul', 'k3', 'k9')",
   "share": 0.2775,
   "distinct": 12,
   "prior_rank_of_most_common": 269,
   "prior_score_of_most_common": 0.09871244635193133,
   "slot_best_score": 0.36623748211731044
  },
  "lr1": {
   "most_common": "114",
   "share": 0.2875,
   "distinct": 25
  },
  "lr2": {
   "most_common": "108",
   "share": 0.285,
   "distinct": 24
  },
  "M": {
   "most_common": "(1, 2, 14, 9)",
   "share": 1.0,
   "distinct": 1,
   "prior_rank_of_most_common": 2,
   "prior_score_of_most_common": 0.1452094184027778,
   "slot_best_score": 0.2767198350694444
  },
  "X1": {
   "most_common": "('sub', 'hi', 51)",
   "share": 0.235,
   "distinct": 19,
   "prior_rank_of_most_common": 1,
   "prior_score_of_most_common": 0.43333333333333335,
   "slot_best_score": 0.43333333333333335
  },
  "X2": {
   "most_common": "('sub', 'hi', 51)",
   "share": 0.21,
   "distinct": 19,
   "prior_rank_of_most_common": 1,
   "prior_score_of_most_common": 0.43333333333333335,
   "slot_best_score": 0.43333333333333335
  },
  "X3": {
   "most_common": "('add', 'lo', 51)",
   "share": 1.0,
   "distinct": 1,
   "prior_rank_of_most_common": 13,
   "prior_score_of_most_common": 0.09999999999999999,
   "slot_best_score": 0.43333333333333335
  }
 },
 "example_first_solution": {
  "cpos": 644,
  "lc1": 19,
  "lc2": 4,
  "lc3": 15,
  "K1": 4,
  "K2": 7,
  "K3": 5,
  "K4": 5,
  "ra": 656,
  "lr1": 17,
  "lr2": 11,
  "M": 233,
  "X1": 19,
  "X2": 9,
  "X3": 1
 },
 "example_first_solution_specs": {
  "cpos": "('mul', 'k2', 'k14')",
  "lc1": "116",
  "lc2": "101",
  "lc3": "112",
  "K1": "4",
  "K2": "7",
  "K3": "5",
  "K4": "5",
  "ra": "('mul', 'k3', 'k9')",
  "lr1": "114",
  "lr2": "108",
  "M": "(1, 2, 14, 9)",
  "X1": "('sub', 'hi', 9)",
  "X2": "('add', 'hi', 9)",
  "X3": "('add', '
