R_3 0 S=1.084e+11 K= 0 0.0s
R_3 1 S=4.484e+14 K= 0 6.0s
R_3 2 S=3.641e+20 K= 0 6.1s
R_3 3 S=1.351e+22 K= 9587514924 6.2s
R_3 4 S=7.294e+22 K= 353881008901044 18.1s
R_3 5 S=7.695e+22 K= 353881008901044 18.2s
R_3 6 S=1.097e+23 K= 1164295218250580 20.0s
R_3 7 S=2.081e+23 K= 1164494804749376 24.6s
{
 "arm": "R_3",
 "gap": 0,
 "pool": "schema",
 "prior": true,
 "first_solvable_tier": 3,
 "full_space": {
  "S": "208109705341645619200000",
  "S_log10": 23.31829233431079,
  "K": "1164494804749376",
  "certificate": "complete",
  "exhausted": true
 },
 "expected_programs": {
  "num": "3490433980498757129662785126401",
  "den": "9587514925",
  "float": 3.6406034387464146e+20,
  "log10": 20.561173374966955
 },
 "expected_episodes": {
  "num": "41885207765985085555953421516812",
  "den": "9587514925",
  "float": 4.3687241264956975e+21,
  "log10": 21.64035462101458
 },
 "solution_exists": true,
 "first_solution_samples": {
  "n": 400,
  "train_conform_all": true,
  "held_out_accuracy_mean": 0.4509722222222222,
  "held_out_accuracy_min": 0.3055555555555556,
  "generalize_fraction": 0.005,
  "generalize_count": 2,
  "generalize_wilson95": [
   0.0013722242215711469,
   0.018045289972112716
  ],
  "held_out_accuracy_hist": {
   "0.3056": 120,
   "0.3333": 1,
   "0.3611": 1,
   "0.4722": 66,
   "0.5": 109,
   "0.5278": 37,
   "0.5556": 54,
   "0.5833": 10,
   "1.0": 2
  }
 },
 "first_solution_slots": {
  "cpos": {
   "most_common": "('sub', 'length', 'k6')",
   "share": 0.1925,
   "distinct": 11,
   "prior_rank_of_most_common": 202,
   "prior_score_of_most_common": 0.17489270386266095,
   "slot_best_score": 0.1883421499151612
  },
  "lc1": {
   "most_common": "101",
   "share": 0.1925,
   "distinct": 26
  },
  "lc2": {
   "most_common": "101",
   "share": 0.17,
   "distinct": 26
  },
  "lc3": {
   "most_common": "101",
   "share": 0.16,
   "distinct": 26
  },
  "K1": {
   "most_common": "6",
   "share": 0.3375,
   "distinct": 8,
   "prior_rank_of_most_common": 1,
   "prior_score_of_most_common": 1.0,
   "slot_best_score": 1.0
  },
  "K2": {
   "most_common": "6",
   "share": 0.2675,
   "distinct": 8,
   "prior_rank_of_most_common": 1,
   "prior_score_of_most_common": 1.0,
   "slot_best_score": 1.0
  },
  "K3": {
   "most_common": "6",
   "share": 0.2375,
   "distinct": 8,
   "prior_rank_of_most_common": 1,
   "prior_score_of_most_common": 1.0,
   "slot_best_score": 1.0
  },
  "K4": {
   "most_common": "5",
   "share": 0.6225,
   "distinct": 8,
   "prior_rank_of_most_common": 1,
   "prior_score_of_most_common": 1.0,
   "slot_best_score": 1.0
  },
  "ra": {
   "most_common": "('max', 'k14', 'k8')",
   "share": 0.02,
   "distinct": 211,
   "prior_rank_of_most_common": 289,
   "prior_score_of_most_common": 0.09871244635193133,
   "slot_best_score": 0.1883421499151612
  },
  "lr1": {
   "most_common": "101",
   "share": 0.1275,
   "distinct": 26
  },
  "lr2": {
   "most_common": "101",
   "share": 0.15,
   "distinct": 26
  },
  "M": {
   "most_common": "(1, 2, 13, 8)",
   "share": 0.995,
   "distinct": 2,
   "prior_rank_of_most_common": 1,
   "prior_score_of_most_common": 0.07619900173611112,
   "slot_best_score": 0.07619900173611112
  },
  "X1": {
   "most_common": "('sub', 'hi', 51)",
   "share": 0.39,
   "distinct": 20,
   "prior_rank_of_most_common": 1,
   "prior_score_of_most_common": 0.7666666666666666,
   "slot_best_score": 0.7666666666666666
  },
  "X2": {
   "most_common": "('sub', 'hi', 51)",
   "share": 0.36,
   "distinct": 20,
   "prior_rank_of_most_common": 1,
   "prior_score_of_most_common": 0.7666666666666666,
   "slot_best_score": 0.7666666666666666
  },
  "X3": {
   "most_common": "('add', 'lo', 51)",
   "share": 0.6825,
   "distinct": 6,
   "prior_rank_of_most_common": 7,
   "prior_score_of_most_common": 0.09999999999999999,
   "slot_best_score": 0.7666666666666666
  }
 },
 "example_first_solution": {
  "cpos": 304,
  "lc1": 19,
  "lc2": 5,
  "lc3": 11,
  "K1": 6,
  "K2": 0,
  "K3": 3,
  "K4": 5,
  "ra": 1412,
  "lr1": 21,
  "lr2": 8,
  "M": 216,
  "X1": 17,
  "X2": 16,
  "X3": 1
 },
 "example_first_solution_specs": {
  "cpos": "('sub', 'length', 'k14')",
  "lc1": "116",
  "lc2": "102",
  "lc3": "108",
  "K1": "6",
  "K2": "0",
  "K3": "3",
  "K4": "5",
  "ra": "('max', 'k14', 'k0')",
  "lr1": "118",
  "lr2": "105",
  "
