V_3 0 S=1.823e+10 K= 0 0.0s
V_3 1 S=4.000e+12 K= 2880 1.2s
V_3 2 S=6.086e+14 K= 77280 7.0s
V_3 3 S=9.526e+15 K= 177067692 7.0s
V_3 4 S=1.063e+16 K= 177067692 7.1s
V_3 5 S=2.658e+16 K= 256779948 14.1s
V_3 6 S=7.444e+16 K= 350627268 18.9s
V_3 7 S=4.553e+17 K= 1019752188 20.7s
V_3 8 S=4.553e+17 K= 1019752188 20.4s
V_3 9 S=1.044e+18 K= 479086028352 23.7s
V_3 10 S=1.044e+18 K= 479086028352 0.1s
V_3 11 S=1.044e+18 K= 479086028352 0.1s
V_3 12 S=2.081e+23 K= 1164494804749376 23.8s
{
 "arm": "V_3",
 "gap": 0,
 "pool": "schema",
 "prior": true,
 "first_solvable_tier": 1,
 "full_space": {
  "S": "208109705341645619200000",
  "S_log10": 23.31829233431079,
  "K": "1164494804749376",
  "certificate": "complete",
  "exhausted": true
 },
 "expected_programs": {
  "num": "56509952163841",
  "den": "2881",
  "float": 19614700508.1017,
  "log10": 10.292581681383638
 },
 "expected_episodes": {
  "num": "678119425966092",
  "den": "2881",
  "float": 235376406097.2204,
  "log10": 11.371762927431263
 },
 "solution_exists": true,
 "first_solution_samples": {
  "n": 400,
  "train_conform_all": true,
  "held_out_accuracy_mean": 1.0,
  "held_out_accuracy_min": 1.0,
  "generalize_fraction": 1.0,
  "generalize_count": 400,
  "generalize_wilson95": [
   0.9904873594003194,
   1.0
  ],
  "held_out_accuracy_hist": {
   "1.0": 400
  }
 },
 "first_solution_slots": {
  "cpos": {
   "most_common": "('sub', 'length', 'k5')",
   "share": 0.4825,
   "distinct": 5,
   "prior_rank_of_most_common": 56,
   "prior_score_of_most_common": 0.17489270386266095,
   "slot_best_score": 0.34315255559890756
  },
  "lc1": {
   "most_common": "101",
   "share": 0.2425,
   "distinct": 10
  },
  "lc2": {
   "most_common": "101",
   "share": 0.275,
   "distinct": 10
  },
  "lc3": {
   "most_common": "101",
   "share": 0.2375,
   "distinct": 10
  },
  "K1": {
   "most_common": "2",
   "share": 0.26,
   "distinct": 7,
   "prior_rank_of_most_common": 1,
   "prior_score_of_most_common": 1.0,
   "slot_best_score": 1.0
  },
  "K2": {
   "most_common": "2",
   "share": 0.2475,
   "distinct": 7,
   "prior_rank_of_most_common": 1,
   "prior_score_of_most_common": 1.0,
   "slot_best_score": 1.0
  },
  "K3": {
   "most_common": "2",
   "share": 0.1925,
   "distinct": 7,
   "prior_rank_of_most_common": 1,
   "prior_score_of_most_common": 1.0,
   "slot_best_score": 1.0
  },
  "K4": {
   "most_common": "2",
   "share": 0.3,
   "distinct": 7,
   "prior_rank_of_most_common": 1,
   "prior_score_of_most_common": 1.0,
   "slot_best_score": 1.0
  },
  "ra": {
   "most_common": "('sub', 'k15', 'k2')",
   "share": 0.32,
   "distinct": 4,
   "prior_rank_of_most_common": 1,
   "prior_score_of_most_common": 0.34315255559890756,
   "slot_best_score": 0.34315255559890756
  },
  "lr1": {
   "most_common": "108",
   "share": 0.325,
   "distinct": 5
  },
  "lr2": {
   "most_common": "104",
   "share": 0.32,
   "distinct": 5
  },
  "M": {
   "most_common": "(1, 2, 2, 8)",
   "share": 0.3525,
   "distinct": 3,
   "prior_rank_of_most_common": 2,
   "prior_score_of_most_common": 0.1452094184027778,
   "slot_best_score": 0.2767198350694444
  },
  "X1": {
   "most_common": "('sub', 'lo', 3)",
   "share": 0.3825,
   "distinct": 3,
   "prior_rank_of_most_common": 1,
   "prior_score_of_most_common": 0.7666666666666666,
   "slot_best_score": 0.7666666666666666
  },
  "X2": {
   "most_common": "('sub', 'lo', 3)",
   "share": 0.3425,
   "distinct": 3,
   "prior_rank_of_most_common": 1,
   "prior_score_of_most_common": 0.7666666666666666,
   "slot_best_score": 0.7666666666666666
  },
  "X3": {
   "most_common": "('sub', 'lo', 48)",
   "share": 0.3975,
   "distinct": 3,
   "prior_rank_of_most_common": 1,
   "prior_score_of_most_common": 0.7666666666666666,
   "slot_best_score": 0.7666666666666666
  }
 },
 "example_first_solution": {
  "cpos": 295,
  "lc1": 13,
  "lc2": 4,
  "lc3": 22,
  "K1": 6,
  "K2": 5,
  "K3": 2,
  "K4": 0,
  "ra": 564,
  "lr1": 7,
  "lr2": 17,
  "M": 40,
  "X1": 13,
  "X2": 7,
  "X3": 12
 },
 "example_first_solution_specs": {
  "cpos": "('sub', 'length', 'k5')",
  "lc1": "110",
  "lc2": "101",
  "lc3": "119",
  "K1": "6",
  "K2": "5",
  "K3": "2",
  "K4": "0",
  "ra": "('sub', 'k15', 'k2')",
  "lr1": "104",
  "lr2": "114",
  "M": "(1, 2, 2, 8)",
  "X1": "('sub', 'lo', 48)",
  "X2": "('add', 'hi', 3)",
  "X3": "('sub', 'lo', 3)"
 },
 "seconds": 144.2132939289986
}
