{
 "gap": 0,
 "hard_vector": {
  "selection": {
   "cpos": 291,
   "ra": 291,
   "lc1": 0,
   "lc2": 0,
   "lc3": 0,
   "lr1": 0,
   "lr2": 0,
   "K1": 0,
   "K2": 0,
   "K3": 0,
   "K4": 0,
   "M": 114,
   "X1": 2,
   "X2": 3,
   "X3": 3
  },
  "specs": {
   "cpos": "('sub', 'length', 'k1')",
   "lc1": "97",
   "lc2": "97",
   "lc3": "97",
   "K1": "0",
   "K2": "0",
   "K3": "0",
   "K4": "0",
   "ra": "('sub', 'length', 'k1')",
   "lr1": "97",
   "lr2": "97",
   "M": "(1, 2, 7, 2)",
   "X1": "('add', 'lo', 3)",
   "X2": "('add', 'lo', 48)",
   "X3": "('add', 'lo', 48)"
  },
  "train_accuracy": 0.25,
  "held_accuracy": 0.1388888888888889,
  "conforms_on_train": false
 },
 "baselines": {
  "best_constant_click_train_pixel": 25,
  "best_constant_click_train_accuracy": 0.6666666666666666,
  "best_constant_click_held_accuracy": 0.5,
  "oracle_constant_click_held_accuracy": 0.6944444444444444,
  "random_pixel_held_accuracy": 0.3098958333333333,
  "random_child_held_accuracy": 0.4259259259259259
 },
 "achieved": {
  "train_combos": [
   [
    "blue",
    "above"
   ],
   [
    "blue",
    "left_of"
   ],
   [
    "blue",
    "right_of"
   ],
   [
    "green",
    "above"
   ],
   [
    "green",
    "left_of"
   ],
   [
    "green",
    "right_of"
   ],
   [
    "red",
    "above"
   ],
   [
    "red",
    "left_of"
   ],
   [
    "red",
    "right_of"
   ],
   [
    "yellow",
    "above"
   ],
   [
    "yellow",
    "left_of"
   ],
   [
    "yellow",
    "right_of"
   ]
  ],
  "held_combo_counts": {
   "blue/above": 3,
   "blue/left_of": 3,
   "blue/right_of": 3,
   "green/above": 3,
   "green/left_of": 3,
   "green/right_of": 3,
   "red/above": 3,
   "red/left_of": 3,
   "red/right_of": 3,
   "yellow/above": 3,
   "yellow/left_of": 3,
   "yellow/right_of": 3
  },
  "widgets_per_screen": {
   "3": 24,
   "4": 24
  },
  "draws": [
   12,
   40,
   32,
   2,
   17,
   7,
   6,
   3,
   6,
   1,
   28,
   22,
   14,
   3,
   25,
   3,
   3,
   2,
   17,
   2,
   3,
   24,
   1,
   3,
   22,
   16,
   1,
   2,
   12,
   3,
   4,
   16,
   31,
   8,
   6,
   5,
   4,
   1,
   3,
   1,
   1,
   11,
   78,
   28,
   16,
   12,
   3,
   15
  ],
  "text_lengths": [
   23,
   24,
   25,
   26,
   32,
   33,
   34,
   35,
   36
  ],
  "anchor_widths": [
   5,
   5,
   14,
   3,
   4,
   14,
   5,
   4,
   14,
   8,
   4,
   14,
   4,
   7,
   14,
   8,
   7,
   14,
   3,
   8,
   14,
   7,
   7,
   14,
   6,
   9,
   14,
   6,
   8,
   14,
   5,
   7,
   14,
   5,
   4,
   14,
   5,
   6,
   14,
   5,
   8,
   14,
   5,
   5,
   14,
   6,
   8,
   14
  ],
  "anchor_heights": [
   14,
   14,
   6,
   14,
   14,
   7,
   14,
   14,
   5,
   14,
   14,
   7,
   14,
   14,
   6,
   14,
   14,
   8,
   14,
   14,
   4,
   14,
   14,
   4,
   14,
   14,
   6,
   14,
   14,
   6,
   14,
   14,
   6,
   14,
   14,
   6,
   14,
   14,
   4,
   14,
   14,
   8,
   14,
   14,
   7,
   14,
   14,
   9
  ],
  "target_areas": [
   56,
   56,
   112,
   84,
   70,
   98,
   7
