D''_3 0 S=3.077e+15 K= 0 9.5s
D''_3 1 S=2.462e+16 K= 36256 9.4s
D''_3 2 S=2.032e+22 K= 7703968 9.6s
D''_3 3 S=2.032e+22 K= 7703968 0.1s
D''_3 4 S=1.097e+23 K= 302270560 32.0s
D''_3 5 S=1.097e+23 K= 302270560 0.1s
D''_3 6 S=1.097e+23 K= 302270560 0.1s
D''_3 7 S=2.081e+23 K= 1116634624 39.9s
{
 "arm": "D''_3",
 "gap": 0,
 "pool": "distractor",
 "prior": true,
 "first_solvable_tier": 1,
 "full_space": {
  "S": "208109705341645619200000",
  "S_log10": 23.31829233431079,
  "K": "1116634624",
  "certificate": "complete",
  "exhausted": true
 },
 "expected_programs": {
  "num": "111595512397824000001",
  "den": "36257",
  "float": 3077902540139118.0,
  "log10": 15.488254864049747
 },
 "expected_episodes": {
  "num": "1339146148773888000012",
  "den": "36257",
  "float": 3.6934830481669416e+16,
  "log10": 16.567436110097372
 },
 "solution_exists": true,
 "first_solution_samples": {
  "n": 400,
  "train_conform_all": true,
  "held_out_accuracy_mean": 0.271875,
  "held_out_accuracy_min": 0.2222222222222222,
  "generalize_fraction": 0.0,
  "generalize_count": 0,
  "generalize_wilson95": [
   0.0,
   0.009512640599680667
  ],
  "held_out_accuracy_hist": {
   "0.2222": 27,
   "0.25": 122,
   "0.2778": 207,
   "0.3056": 12,
   "0.3333": 17,
   "0.3611": 15
  }
 },
 "first_solution_slots": {
  "cpos": {
   "most_common": "('idiv', 'length', 'k11')",
   "share": 0.4475,
   "distinct": 4,
   "prior_rank_of_most_common": 1,
   "prior_score_of_most_common": 0.09871244635193133,
   "slot_best_score": 0.09871244635193133
  },
  "lc1": {
   "most_common": "101",
   "share": 0.25,
   "distinct": 6
  },
  "lc2": {
   "most_common": "101",
   "share": 0.24,
   "distinct": 6
  },
  "lc3": {
   "most_common": "101",
   "share": 0.265,
   "distinct": 6
  },
  "K1": {
   "most_common": "0",
   "share": 0.4575,
   "distinct": 6,
   "prior_rank_of_most_common": 1,
   "prior_score_of_most_common": 1.0,
   "slot_best_score": 1.0
  },
  "K2": {
   "most_common": "0",
   "share": 0.38,
   "distinct": 8,
   "prior_rank_of_most_common": 1,
   "prior_score_of_most_common": 1.0,
   "slot_best_score": 1.0
  },
  "K3": {
   "most_common": "0",
   "share": 0.3375,
   "distinct": 8,
   "prior_rank_of_most_common": 1,
   "prior_score_of_most_common": 1.0,
   "slot_best_score": 1.0
  },
  "K4": {
   "most_common": "5",
   "share": 0.61,
   "distinct": 8,
   "prior_rank_of_most_common": 1,
   "prior_score_of_most_common": 1.0,
   "slot_best_score": 1.0
  },
  "ra": {
   "most_common": "('mod', 'length', 'k13')",
   "share": 0.525,
   "distinct": 10,
   "prior_rank_of_most_common": 1,
   "prior_score_of_most_common": 0.09871244635193133,
   "slot_best_score": 0.09871244635193133
  },
  "lr1": {
   "most_common": "112",
   "share": 0.265,
   "distinct": 10
  },
  "lr2": {
   "most_common": "112",
   "share": 0.26,
   "distinct": 10
  },
  "M": {
   "most_common": "(2, 1, 13, 8)",
   "share": 1.0,
   "distinct": 1,
   "prior_rank_of_most_common": 1,
   "prior_score_of_most_common": 0.07619900173611112,
   "slot_best_score": 0.07619900173611112
  },
  "X1": {
   "most_common": "('add', 'lo', 7)",
   "share": 0.165,
   "distinct": 12,
   "prior_rank_of_most_common": 11,
   "prior_score_of_most_common": 0.20909090909090908,
   "slot_best_score": 0.3909090909090909
  },
  "X2": {
   "most_common": "('add', 'lo', 50)",
   "share": 0.17,
   "distinct": 12,
   "prior_rank_of_most_common": 11,
   "prior_score_of_most_common": 0.20909090909090908,
   "slot_best_score": 0.3909090909090909
  },
  "X3": {
   "most_common": "('sub', 'hi', 50)",
   "share": 0.565,
   "distinct": 9,
   "prior_rank_of_most_common": 1,
   "prior_score_of_most_common": 0.3909090909090909,
   "slot_best_score": 0.3909090909090909
  }
 },
 "example_first_solution": {
  "cpos": 879,
  "lc1": 4,
  "lc2": 18,
  "lc3": 4,
  "K1": 5,
  "K2": 0,
  "K3": 3,
  "K4": 2,
  "ra": 1170,
  "lr1": 14,
  "lr2": 15,
  "M": 216,
  "X1": 2,
  "X2": 0,
  "X3": 16
 },
 "example_first_solution_specs": {
  "cpos": "('idiv', 'length', 'k11')",
  "lc1": "101",
  "lc2": "115",
  "lc3": "101",
  "K1": "5",
  "K2": "0",
  "K3": "3",
  "K4": "2",
  "ra": "('mod', 'length', 'k13')",
  "lr1": "111",
  "lr2": "112",
  "M": "(2, 1, 13, 8)",
  "X1": "('add', 'lo', 5)",
  "X2": "('add', 'lo', 4)",
  "X3": "('sub', 'hi', 50)"
 },

