N' 0 S=2.081e+23 K= 1164494804749376 25.0s
{
 "arm": "N'",
 "gap": 0,
 "pool": "schema",
 "prior": false,
 "first_solvable_tier": 0,
 "full_space": {
  "S": "208109705341645619200000",
  "S_log10": 23.31829233431079,
  "K": "1164494804749376",
  "certificate": "complete",
  "exhausted": true
 },
 "expected_programs": {
  "num": "208109705341645619200001",
  "den": "1164494804749377",
  "float": 178712437.7823524,
  "log10": 8.252154778987288
 },
 "expected_episodes": {
  "num": "832438821366582476800004",
  "den": "388164934916459",
  "float": 2144549253.3882287,
  "log10": 9.331336025034913
 },
 "solution_exists": true,
 "first_solution_samples": {
  "n": 400,
  "train_conform_all": true,
  "held_out_accuracy_mean": 0.6138194444444445,
  "held_out_accuracy_min": 0.4444444444444444,
  "generalize_fraction": 0.0,
  "generalize_count": 0,
  "generalize_wilson95": [
   0.0,
   0.009512640599680667
  ],
  "held_out_accuracy_hist": {
   "0.4444": 1,
   "0.5": 3,
   "0.5278": 135,
   "0.5556": 2,
   "0.5833": 14,
   "0.6111": 4,
   "0.6389": 2,
   "0.6667": 239
  }
 },
 "first_solution_slots": {
  "cpos": {
   "most_common": "('add', 'k2', 'k11')",
   "share": 0.0125,
   "distinct": 211
  },
  "lc1": {
   "most_common": "101",
   "share": 0.1025,
   "distinct": 26
  },
  "lc2": {
   "most_common": "101",
   "share": 0.0825,
   "distinct": 26
  },
  "lc3": {
   "most_common": "105",
   "share": 0.085,
   "distinct": 26
  },
  "K1": {
   "most_common": "2",
   "share": 0.1525,
   "distinct": 8
  },
  "K2": {
   "most_common": "2",
   "share": 0.1625,
   "distinct": 8
  },
  "K3": {
   "most_common": "0",
   "share": 0.155,
   "distinct": 8
  },
  "K4": {
   "most_common": "5",
   "share": 0.14,
   "distinct": 8
  },
  "ra": {
   "most_common": "('max', 'k14', 'k1')",
   "share": 0.015,
   "distinct": 200
  },
  "lr1": {
   "most_common": "101",
   "share": 0.14,
   "distinct": 26
  },
  "lr2": {
   "most_common": "101",
   "share": 0.15,
   "distinct": 26
  },
  "M": {
   "most_common": "(1, 2, 9, 12)",
   "share": 0.275,
   "distinct": 4
  },
  "X1": {
   "most_common": "('sub', 'hi', 51)",
   "share": 0.395,
   "distinct": 20
  },
  "X2": {
   "most_common": "('sub', 'hi', 51)",
   "share": 0.4575,
   "distinct": 20
  },
  "X3": {
   "most_common": "('add', 'lo', 51)",
   "share": 0.8075,
   "distinct": 2
  }
 },
 "example_first_solution": {
  "cpos": 65,
  "lc1": 18,
  "lc2": 6,
  "lc3": 14,
  "K1": 4,
  "K2": 7,
  "K3": 5,
  "K4": 3,
  "ra": 202,
  "lr1": 4,
  "lr2": 21,
  "M": 147,
  "X1": 16,
  "X2": 17,
  "X3": 1
 },
 "example_first_solution_specs": {
  "cpos": "('add', 'k2', 'k13')",
  "lc1": "115",
  "lc2": "103",
  "lc3": "111",
  "K1": "4",
  "K2": "7",
  "K3": "5",
  "K4": "3",
  "ra": "('add', 'k10', 'k14')",
  "lr1": "101",
  "lr2": "118",
  "M": "(1, 2, 9, 3)",
  "X1": "('sub', 'hi', 51)",
  "X2": "('sub', 'hi', 3)",
  "X3": "('add', 'lo', 51)"
 },
 "seconds": 28.901663270997233
}
