D''_1 0 S=3.077e+15 K= 0 9.1s
D''_1 1 S=2.462e+16 K= 72512 9.2s
D''_1 2 S=2.032e+22 K= 15407936 9.4s
D''_1 3 S=2.032e+22 K= 15407936 0.1s
D''_1 4 S=1.097e+23 K= 464961792 31.7s
D''_1 5 S=1.097e+23 K= 464961792 0.1s
D''_1 6 S=1.097e+23 K= 464961792 0.1s
D''_1 7 S=2.081e+23 K= 1116634624 38.9s
{
 "arm": "D''_1",
 "gap": 0,
 "pool": "distractor",
 "prior": true,
 "first_solvable_tier": 1,
 "full_space": {
  "S": "208109705341645619200000",
  "S_log10": 23.31829233431079,
  "K": "1116634624",
  "certificate": "complete",
  "exhausted": true
 },
 "expected_programs": {
  "num": "223166406328320000001",
  "den": "72513",
  "float": 3077605482166232.5,
  "log10": 15.488212946912103
 },
 "expected_episodes": {
  "num": "892665625313280000004",
  "den": "24171",
  "float": 3.693126578599478e+16,
  "log10": 16.56739419295973
 },
 "solution_exists": true,
 "first_solution_samples": {
  "n": 400,
  "train_conform_all": true,
  "held_out_accuracy_mean": 0.26902777777777775,
  "held_out_accuracy_min": 0.2222222222222222,
  "generalize_fraction": 0.0,
  "generalize_count": 0,
  "generalize_wilson95": [
   0.0,
   0.009512640599680667
  ],
  "held_out_accuracy_hist": {
   "0.2222": 35,
   "0.25": 131,
   "0.2778": 188,
   "0.3056": 23,
   "0.3333": 17,
   "0.3611": 6
  }
 },
 "first_solution_slots": {
  "cpos": {
   "most_common": "('idiv', 'length', 'k11')",
   "share": 0.4125,
   "distinct": 4,
   "prior_rank_of_most_common": 1,
   "prior_score_of_most_common": 0.09871244635193133,
   "slot_best_score": 0.09871244635193133
  },
  "lc1": {
   "most_common": "98",
   "share": 0.215,
   "distinct": 6
  },
  "lc2": {
   "most_common": "120",
   "share": 0.2225,
   "distinct": 6
  },
  "lc3": {
   "most_common": "98",
   "share": 0.2075,
   "distinct": 6
  },
  "K1": {
   "most_common": "4",
   "share": 0.2375,
   "distinct": 8,
   "prior_rank_of_most_common": 1,
   "prior_score_of_most_common": 1.0,
   "slot_best_score": 1.0
  },
  "K2": {
   "most_common": "5",
   "share": 0.2175,
   "distinct": 8,
   "prior_rank_of_most_common": 1,
   "prior_score_of_most_common": 1.0,
   "slot_best_score": 1.0
  },
  "K3": {
   "most_common": "5",
   "share": 0.225,
   "distinct": 8,
   "prior_rank_of_most_common": 1,
   "prior_score_of_most_common": 1.0,
   "slot_best_score": 1.0
  },
  "K4": {
   "most_common": "0",
   "share": 0.3525,
   "distinct": 8,
   "prior_rank_of_most_common": 1,
   "prior_score_of_most_common": 1.0,
   "slot_best_score": 1.0
  },
  "ra": {
   "most_common": "('mod', 'length', 'k13')",
   "share": 0.47,
   "distinct": 10,
   "prior_rank_of_most_common": 1,
   "prior_score_of_most_common": 0.09871244635193133,
   "slot_best_score": 0.09871244635193133
  },
  "lr1": {
   "most_common": "112",
   "share": 0.25,
   "distinct": 10
  },
  "lr2": {
   "most_common": "111",
   "share": 0.2275,
   "distinct": 10
  },
  "M": {
   "most_common": "(2, 1, 7, 8)",
   "share": 0.505,
   "distinct": 2,
   "prior_rank_of_most_common": 1,
   "prior_score_of_most_common": 0.07619900173611112,
   "slot_best_score": 0.07619900173611112
  },
  "X1": {
   "most_common": "('add', 'lo', 4)",
   "share": 0.16,
   "distinct": 12,
   "prior_rank_of_most_common": 11,
   "prior_score_of_most_common": 0.20909090909090908,
   "slot_best_score": 0.3909090909090909
  },
  "X2": {
   "most_common": "('add', 'lo', 50)",
   "share": 0.1525,
   "distinct": 12,
   "prior_rank_of_most_common": 11,
   "prior_score_of_most_common": 0.20909090909090908,
   "slot_best_score": 0.3909090909090909
  },
  "X3": {
   "most_common": "('sub', 'hi', 50)",
   "share": 0.5175,
   "distinct": 9,
   "prior_rank_of_most_common": 1,
   "prior_score_of_most_common": 0.3909090909090909,
   "slot_best_score": 0.3909090909090909
  }
 },
 "example_first_solution": {
  "cpos": 94,
  "lc1": 23,
  "lc2": 1,
  "lc3": 14,
  "K1": 2,
  "K2": 2,
  "K3": 4,
  "K4": 1,
  "ra": 874,
  "lr1": 19,
  "lr2": 18,
  "M": 120,
  "X1": 7,
  "X2": 0,
  "X3": 15
 },
 "example_first_solution_specs": {
  "cpos": "('mul', 'k4', 'k8')",
  "lc1": "120",
  "lc2": "98",
  "lc3": "111",
  "K1": "2",
  "K2": "2",
  "K3": "4",
  "K4": "1",
  "ra": "('idiv', 'length', 'k6')",
  "lr1": "116",
  "lr2": "115",
  "M": "(2, 1, 7, 8)",
  "X1": "('add', 'hi', 5)",
  "X2": "('add', 'lo', 4)",
  "X3": "('sub', 'hi', 4)"
