N' 0 S=2.081e+23 K= 261654545280 18.9s
{
 "arm": "N'",
 "gap": 1,
 "pool": "schema",
 "prior": false,
 "first_solvable_tier": 0,
 "full_space": {
  "S": "208109705341645619200000",
  "S_log10": 23.31829233431079,
  "K": "261654545280",
  "certificate": "complete",
  "exhausted": true
 },
 "expected_programs": {
  "num": "208109705341645619200001",
  "den": "261654545281",
  "float": 795360558778.5579,
  "log10": 11.900564050907525
 },
 "expected_episodes": {
  "num": "2497316464099747430400012",
  "den": "261654545281",
  "float": 9544326705342.693,
  "log10": 12.97974529695515
 },
 "solution_exists": true,
 "first_solution_samples": {
  "n": 400,
  "train_conform_all": true,
  "held_out_accuracy_mean": 0.5248611111111111,
  "held_out_accuracy_min": 0.4444444444444444,
  "generalize_fraction": 0.0,
  "generalize_count": 0,
  "generalize_wilson95": [
   0.0,
   0.009512640599680667
  ],
  "held_out_accuracy_hist": {
   "0.4444": 3,
   "0.4722": 8,
   "0.5": 27,
   "0.5278": 353,
   "0.5556": 8,
   "0.5833": 1
  }
 },
 "first_solution_slots": {
  "cpos": {
   "most_common": "('add', 'k10', 'k15')",
   "share": 0.1475,
   "distinct": 17
  },
  "lc1": {
   "most_common": "120",
   "share": 0.3125,
   "distinct": 26
  },
  "lc2": {
   "most_common": "98",
   "share": 0.305,
   "distinct": 26
  },
  "lc3": {
   "most_common": "98",
   "share": 0.3075,
   "distinct": 25
  },
  "K1": {
   "most_common": "3",
   "share": 0.1525,
   "distinct": 8
  },
  "K2": {
   "most_common": "5",
   "share": 0.1475,
   "distinct": 8
  },
  "K3": {
   "most_common": "1",
   "share": 0.1475,
   "distinct": 8
  },
  "K4": {
   "most_common": "3",
   "share": 0.1475,
   "distinct": 8
  },
  "ra": {
   "most_common": "('add', 'k5', 'k9')",
   "share": 0.0225,
   "distinct": 200
  },
  "lr1": {
   "most_common": "101",
   "share": 0.15,
   "distinct": 26
  },
  "lr2": {
   "most_common": "101",
   "share": 0.135,
   "distinct": 26
  },
  "M": {
   "most_common": "(1, 2, 13, 9)",
   "share": 0.0875,
   "distinct": 16
  },
  "X1": {
   "most_common": "('sub', 'hi', 51)",
   "share": 0.3975,
   "distinct": 20
  },
  "X2": {
   "most_common": "('sub', 'hi', 51)",
   "share": 0.445,
   "distinct": 20
  },
  "X3": {
   "most_common": "('add', 'lo', 51)",
   "share": 0.78,
   "distinct": 4
  }
 },
 "example_first_solution": {
  "cpos": 203,
  "lc1": 1,
  "lc2": 14,
  "lc3": 23,
  "K1": 5,
  "K2": 5,
  "K3": 3,
  "K4": 2,
  "ra": 1340,
  "lr1": 22,
  "lr2": 17,
  "M": 214,
  "X1": 17,
  "X2": 16,
  "X3": 1
 },
 "example_first_solution_specs": {
  "cpos": "('add', 'k10', 'k15')",
  "lc1": "98",
  "lc2": "111",
  "lc3": "120",
  "K1": "5",
  "K2": "5",
  "K3": "3",
  "K4": "2",
  "ra": "('max', 'k9', 'k13')",
  "lr1": "119",
  "lr2": "114",
  "M": "(1, 2, 13, 6)",
  "X1": "('sub', 'hi', 3)",
  "X2": "('sub', 'hi', 51)",
  "X3": "('add', 'lo', 51)"
 },
 "seconds": 22.442653198002517
}
