N'' 0 S=2.621e+05 K= 0 0.0s
N'' 1 S=1.029e+12 K= 0 0.0s
N'' 2 S=6.557e+14 K= 0 4.5s
N'' 3 S=1.024e+16 K= 3196620 4.5s
N'' 4 S=1.024e+16 K= 3196620 0.1s
N'' 5 S=2.561e+16 K= 27317664 9.3s
N'' 6 S=7.183e+16 K= 96940836 12.9s
N'' 7 S=4.498e+17 K= 669020484 14.3s
N'' 8 S=4.568e+17 K= 669020484 14.3s
N'' 9 S=1.044e+18 K= 1328416128 16.5s
N'' 10 S=1.044e+18 K= 1328416128 0.1s
N'' 11 S=1.044e+18 K= 1328416128 0.1s
N'' 12 S=2.081e+23 K= 261654545280 17.6s
{
 "arm": "N''",
 "gap": 1,
 "pool": "schema",
 "prior": true,
 "first_solvable_tier": 3,
 "full_space": {
  "S": "208109705341645619200000",
  "S_log10": 23.31829233431079,
  "K": "261654545280",
  "certificate": "complete",
  "exhausted": true
 },
 "expected_programs": {
  "num": "2095966320003309895681",
  "den": "3196621",
  "float": 655681834037663.5,
  "log10": 14.81669315150777
 },
 "expected_episodes": {
  "num": "25151595840039718748172",
  "den": "3196621",
  "float": 7868182008451962.0,
  "log10": 15.895874397555396
 },
 "solution_exists": true,
 "first_solution_samples": {
  "n": 400,
  "train_conform_all": true,
  "held_out_accuracy_mean": 0.3984722222222222,
  "held_out_accuracy_min": 0.25,
  "generalize_fraction": 0.0,
  "generalize_count": 0,
  "generalize_wilson95": [
   0.0,
   0.009512640599680667
  ],
  "held_out_accuracy_hist": {
   "0.25": 1,
   "0.2778": 6,
   "0.3056": 4,
   "0.3333": 16,
   "0.3611": 194,
   "0.3889": 13,
   "0.4444": 93,
   "0.4722": 73
  }
 },
 "first_solution_slots": {
  "cpos": {
   "most_common": "('sub', 'length', 'k15')",
   "share": 0.4925,
   "distinct": 7,
   "prior_rank_of_most_common": 57,
   "prior_score_of_most_common": 0.17489270386266095,
   "slot_best_score": 0.36623748211731044
  },
  "lc1": {
   "most_common": "111",
   "share": 0.3175,
   "distinct": 9
  },
  "lc2": {
   "most_common": "111",
   "share": 0.29,
   "distinct": 9
  },
  "lc3": {
   "most_common": "102",
   "share": 0.3625,
   "distinct": 9
  },
  "K1": {
   "most_common": "0",
   "share": 0.175,
   "distinct": 8,
   "prior_rank_of_most_common": 1,
   "prior_score_of_most_common": 1.0,
   "slot_best_score": 1.0
  },
  "K2": {
   "most_common": "7",
   "share": 0.1675,
   "distinct": 8,
   "prior_rank_of_most_common": 1,
   "prior_score_of_most_common": 1.0,
   "slot_best_score": 1.0
  },
  "K3": {
   "most_common": "7",
   "share": 0.175,
   "distinct": 8,
   "prior_rank_of_most_common": 1,
   "prior_score_of_most_common": 1.0,
   "slot_best_score": 1.0
  },
  "K4": {
   "most_common": "6",
   "share": 0.225,
   "distinct": 8,
   "prior_rank_of_most_common": 1,
   "prior_score_of_most_common": 1.0,
   "slot_best_score": 1.0
  },
  "ra": {
   "most_common": "('mul', 'k13', 'k2')",
   "share": 0.03,
   "distinct": 113,
   "prior_rank_of_most_common": 68,
   "prior_score_of_most_common": 0.09871244635193133,
   "slot_best_score": 0.36623748211731044
  },
  "lr1": {
   "most_common": "101",
   "share": 0.305,
   "distinct": 12
  },
  "lr2": {
   "most_common": "105",
   "share": 0.31,
   "distinct": 12
  },
  "M": {
   "most_common": "(1, 2, 2, 2)",
   "share": 0.1675,
   "distinct": 7,
   "prior_rank_of_most_common": 8,
   "prior_score_of_most_common": 0.07619900173611112,
   "slot_best_score": 0.2767198350694444
  },
  "X1": {
   "most_common": "('sub', 'hi', 51)",
   "share": 0.59,
   "distinct": 10,
   "prior_rank_of_most_common": 9,
   "prior_score_of_most_common": 0.09999999999999999,
   "slot_best_score": 0.7666666666666666
  },
  "X2": {
   "most_common": "('sub', 'hi', 51)",
   "share": 0.2425,
   "distinct": 20,
   "prior_rank_of_most_common": 9,
   "prior_score_of_most_common": 0.09999999999999999,
   "slot_best_score": 0.7666666666666666
  },
  "X3": {
   "most_common": "('add', 'lo', 51)",
   "share": 0.5475,
   "distinct": 20,
   "prior_rank_of_most_common": 9,
   "prior_score_of_most_common": 0.09999999999999999,
   "slot_best_score": 0.7666666666666666
  }
 },
 "example_first_solution": {
  "cpos": 305,
  "lc1": 4,
  "lc2": 14,
  "lc3": 5,
  "K1": 5,
  "K2": 4,
  "K3": 3,
  "K4": 2,
  "ra": 1410,
  "lr1": 6,
  "lr2": 6,
  "M": 34,
  "X1": 16,
  "X2": 3,
  "X3": 1
 },
 "example_first_solution_specs": {
  "cpos": "('sub', 'length', 'k15')",
  "lc1": "101",
  "lc2": "111",
  "lc3": "102",
  "K1": "5",
  "K2": "4",
  "K3": "3",
  "K4": "2",
  "ra": "('max', 'k13', 'k15')",
  "lr1": "103",
  "lr2": "103",
  "M": "(1, 2, 2, 2)",
  "X1": "('sub', 'hi', 51)",
  "X2": "('add', 'lo', 48)",
  "X3": "('
