KO_STEP 0 S=3.277e+07 K= 0 0.0s
KO_STEP 1 S=1.608e+13 K= 0 0.1s
KO_STEP 2 S=1.024e+16 K= 177067692 7.2s
KO_STEP 3 S=1.024e+16 K= 177067692 7.0s
KO_STEP 4 S=1.024e+16 K= 177067692 0.1s
KO_STEP 5 S=2.561e+16 K= 256779948 14.1s
KO_STEP 6 S=7.183e+16 K= 350627268 18.8s
KO_STEP 7 S=4.498e+17 K= 1019752188 20.6s
KO_STEP 8 S=4.568e+17 K= 1019752188 21.0s
KO_STEP 9 S=1.044e+18 K= 479086028352 23.4s
KO_STEP 10 S=1.044e+18 K= 479086028352 0.1s
KO_STEP 11 S=1.044e+18 K= 479086028352 0.1s
KO_STEP 12 S=2.081e+23 K= 1164494804749376 24.7s
{
 "arm": "KO_STEP",
 "gap": 0,
 "pool": "schema",
 "prior": true,
 "first_solvable_tier": 2,
 "full_space": {
  "S": "208109705341645619200000",
  "S_log10": 23.31829233431079,
  "K": "1164494804749376",
  "certificate": "complete",
  "exhausted": true
 },
 "expected_programs": {
  "num": "2847736503471046656001",
  "den": "177067693",
  "float": 16082756008297.045,
  "log10": 13.206360473307647
 },
 "expected_episodes": {
  "num": "34172838041652559872012",
  "den": "177067693",
  "float": 192993072099564.53,
  "log10": 14.285541719355273
 },
 "solution_exists": true,
 "first_solution_samples": {
  "n": 400,
  "train_conform_all": true,
  "held_out_accuracy_mean": 0.4636111111111111,
  "held_out_accuracy_min": 0.3055555555555556,
  "generalize_fraction": 0.02,
  "generalize_count": 8,
  "generalize_wilson95": [
   0.010168264597915496,
   0.038963870377777945
  ],
  "held_out_accuracy_hist": {
   "0.3056": 123,
   "0.3333": 3,
   "0.3611": 1,
   "0.4444": 1,
   "0.4722": 42,
   "0.5": 107,
   "0.5278": 24,
   "0.5556": 48,
   "0.5833": 32,
   "0.6111": 11,
   "1.0": 8
  }
 },
 "first_solution_slots": {
  "cpos": {
   "most_common": "('sub', 'length', 'k7')",
   "share": 0.1625,
   "distinct": 11,
   "prior_rank_of_most_common": 57,
   "prior_score_of_most_common": 0.17489270386266095,
   "slot_best_score": 0.36623748211731044
  },
  "lc1": {
   "most_common": "101",
   "share": 0.1875,
   "distinct": 14
  },
  "lc2": {
   "most_common": "101",
   "share": 0.2325,
   "distinct": 14
  },
  "lc3": {
   "most_common": "101",
   "share": 0.2425,
   "distinct": 14
  },
  "K1": {
   "most_common": "6",
   "share": 0.1775,
   "distinct": 8,
   "prior_rank_of_most_common": 1,
   "prior_score_of_most_common": 1.0,
   "slot_best_score": 1.0
  },
  "K2": {
   "most_common": "6",
   "share": 0.165,
   "distinct": 8,
   "prior_rank_of_most_common": 1,
   "prior_score_of_most_common": 1.0,
   "slot_best_score": 1.0
  },
  "K3": {
   "most_common": "1",
   "share": 0.1425,
   "distinct": 8,
   "prior_rank_of_most_common": 1,
   "prior_score_of_most_common": 1.0,
   "slot_best_score": 1.0
  },
  "K4": {
   "most_common": "1",
   "share": 0.2025,
   "distinct": 8,
   "prior_rank_of_most_common": 1,
   "prior_score_of_most_common": 1.0,
   "slot_best_score": 1.0
  },
  "ra": {
   "most_common": "('max', 'k13', 'k14')",
   "share": 0.03,
   "distinct": 197,
   "prior_rank_of_most_common": 68,
   "prior_score_of_most_common": 0.09871244635193133,
   "slot_best_score": 0.36623748211731044
  },
  "lr1": {
   "most_common": "101",
   "share": 0.275,
   "distinct": 13
  },
  "lr2": {
   "most_common": "101",
   "share": 0.3025,
   "distinct": 13
  },
  "M": {
   "most_common": "(1, 2, 8, 1)",
   "share": 0.1625,
   "distinct": 12,
   "prior_rank_of_most_common": 2,
   "prior_score_of_most_common": 0.1452094184027778,
   "slot_best_score": 0.2767198350694444
  },
  "X1": {
   "most_common": "('sub', 'hi', 51)",
   "share": 0.53,
   "distinct": 11,
   "prior_rank_of_most_common": 1,
   "prior_score_of_most_common": 1.0,
   "slot_best_score": 1.0
  },
  "X2": {
   "most_common": "('sub', 'hi', 51)",
   "share": 0.2375,
   "distinct": 20,
   "prior_rank_of_most_common": 1,
   "prior_score_of_most_common": 1.0,
   "slot_best_score": 1.0
  },
  "X3": {
   "most_common": "('add', 'lo', 51)",
   "share": 0.4075,
   "distinct": 20,
   "prior_rank_of_most_common": 1,
   "prior_score_of_most_common": 1.0,
   "slot_best_score": 1.0
  }
 },
 "example_first_solution": {
  "cpos": 295,
  "lc1": 3,
  "lc2": 3,
  "lc3": 13,
  "K1": 1,
  "K2": 5,
  "K3": 7,
  "K4": 6,
  "ra": 1299,
  "lr1": 1,
  "lr2": 1,
  "M": 130,
  "X1": 1,
  "X2": 3,
  "X3": 16
 },
 "example_first_solution_specs": {
  "cpos": "('sub', 'length', 'k5')",
  "lc1": "100",
  "lc2": "100",
  "lc3": "110",
  "K1": "1",
  "K2": "5",
  "K3": "7",
  "K4": "6",
  "ra": "('max', 'k7', 'k6')",
  "lr1": "98",
  "lr2": "98",
  "M": "(1, 2, 8, 2)",
  "X1": "('add', 'lo', 51)",
  "X2": "('add', 'lo', 48)",
  "X3
