R_1 0 S=8.192e+05 K= 0 0.0s
R_1 1 S=6.596e+12 K= 0 1.9s
R_1 2 S=1.567e+21 K= 32593152 6.2s
R_1 3 S=1.303e+22 K= 19224105696 6.1s
R_1 4 S=7.036e+22 K= 116185964616 18.6s
R_1 5 S=7.036e+22 K= 116185964616 0.1s
R_1 6 S=7.430e+22 K= 116185964616 18.7s
R_1 7 S=2.081e+23 K= 1164494804749376 24.7s
{
 "arm": "R_1",
 "gap": 0,
 "pool": "schema",
 "prior": true,
 "first_solvable_tier": 2,
 "full_space": {
  "S": "208109705341645619200000",
  "S_log10": 23.31829233431079,
  "K": "1164494804749376",
  "certificate": "complete",
  "exhausted": true
 },
 "expected_programs": {
  "num": "1782313582267596800001",
  "den": "32593153",
  "float": 54683681025508.54,
  "log10": 13.737857741361374
 },
 "expected_episodes": {
  "num": "21387762987211161600012",
  "den": "32593153",
  "float": 656204172306102.5,
  "log10": 14.817038987409
 },
 "solution_exists": true,
 "first_solution_samples": {
  "n": 400,
  "train_conform_all": true,
  "held_out_accuracy_mean": 1.0,
  "held_out_accuracy_min": 1.0,
  "generalize_fraction": 1.0,
  "generalize_count": 400,
  "generalize_wilson95": [
   0.9904873594003194,
   1.0
  ],
  "held_out_accuracy_hist": {
   "1.0": 400
  }
 },
 "first_solution_slots": {
  "cpos": {
   "most_common": "('sub', 'length', 'k5')",
   "share": 0.5325,
   "distinct": 5,
   "prior_rank_of_most_common": 2,
   "prior_score_of_most_common": 0.3415593705293276,
   "slot_best_score": 0.36623748211731044
  },
  "lc1": {
   "most_common": "101",
   "share": 0.2175,
   "distinct": 10
  },
  "lc2": {
   "most_common": "101",
   "share": 0.285,
   "distinct": 10
  },
  "lc3": {
   "most_common": "101",
   "share": 0.24,
   "distinct": 10
  },
  "K1": {
   "most_common": "3",
   "share": 0.1575,
   "distinct": 8,
   "prior_rank_of_most_common": 1,
   "prior_score_of_most_common": 1.0,
   "slot_best_score": 1.0
  },
  "K2": {
   "most_common": "0",
   "share": 0.1525,
   "distinct": 8,
   "prior_rank_of_most_common": 1,
   "prior_score_of_most_common": 1.0,
   "slot_best_score": 1.0
  },
  "K3": {
   "most_common": "4",
   "share": 0.17,
   "distinct": 8,
   "prior_rank_of_most_common": 1,
   "prior_score_of_most_common": 1.0,
   "slot_best_score": 1.0
  },
  "K4": {
   "most_common": "6",
   "share": 0.18,
   "distinct": 8,
   "prior_rank_of_most_common": 1,
   "prior_score_of_most_common": 1.0,
   "slot_best_score": 1.0
  },
  "ra": {
   "most_common": "('max', 'k14', 'k9')",
   "share": 0.025,
   "distinct": 124,
   "prior_rank_of_most_common": 269,
   "prior_score_of_most_common": 0.09871244635193133,
   "slot_best_score": 0.36623748211731044
  },
  "lr1": {
   "most_common": "103",
   "share": 0.1775,
   "distinct": 26
  },
  "lr2": {
   "most_common": "101",
   "share": 0.1425,
   "distinct": 26
  },
  "M": {
   "most_common": "(1, 2, 8, 8)",
   "share": 0.295,
   "distinct": 4,
   "prior_rank_of_most_common": 1,
   "prior_score_of_most_common": 0.07619900173611112,
   "slot_best_score": 0.07619900173611112
  },
  "X1": {
   "most_common": "('add', 'hi', 6)",
   "share": 0.275,
   "distinct": 10,
   "prior_rank_of_most_common": 3,
   "prior_score_of_most_common": 0.43333333333333335,
   "slot_best_score": 0.7666666666666666
  },
  "X2": {
   "most_common": "('add', 'hi', 9)",
   "share": 0.255,
   "distinct": 10,
   "prior_rank_of_most_common": 3,
   "prior_score_of_most_common": 0.43333333333333335,
   "slot_best_score": 0.7666666666666666
  },
  "X3": {
   "most_common": "('sub', 'lo', 9)",
   "share": 0.76,
   "distinct": 5,
   "prior_rank_of_most_common": 3,
   "prior_score_of_most_common": 0.43333333333333335,
   "slot_best_score": 0.7666666666666666
  }
 },
 "example_first_solution": {
  "cpos": 302,
  "lc1": 19,
  "lc2": 4,
  "lc3": 7,
  "K1": 1,
  "K2": 6,
  "K3": 2,
  "K4": 4,
  "ra": 1430,
  "lr1": 8,
  "lr2": 6,
  "M": 136,
  "X1": 10,
  "X2": 5,
  "X3": 14
 },
 "example_first_solution_specs": {
  "cpos": "('sub', 'length', 'k12')",
  "lc1": "116",
  "lc2": "101",
  "lc3": "104",
  "K1": "1",
  "K2": "6",
  "K3": "2",
  "K4": "4",
  "ra": "('max', 'k15', 'k1')",
  "lr1": "105",
  "lr2": "103",
  "M": "(1, 2, 8, 8)",
  "X1": "('sub', 'lo', 6)",
  "X2": "('add', 'hi', 6)",
  "X3": "('sub', 'lo', 9)"
 },
 "seconds": 77.78127885600043
}
