OCC_3500 0 S=2.621e+05 K= 0 0.0s
OCC_3500 1 S=1.029e+12 K= 0 0.1s
OCC_3500 2 S=6.557e+14 K= 77280 7.0s
OCC_3500 3 S=1.024e+16 K= 177067692 7.0s
OCC_3500 4 S=1.024e+16 K= 177067692 0.1s
OCC_3500 5 S=2.561e+16 K= 256779948 14.1s
OCC_3500 6 S=7.183e+16 K= 350627268 18.8s
OCC_3500 7 S=4.498e+17 K= 1019752188 20.7s
OCC_3500 8 S=4.568e+17 K= 1019752188 20.6s
OCC_3500 9 S=1.044e+18 K= 479086028352 23.2s
OCC_3500 10 S=1.044e+18 K= 479086028352 0.1s
OCC_3500 11 S=1.044e+18 K= 479086028352 0.1s
OCC_3500 12 S=2.081e+23 K= 1164494804749376 24.9s
{
 "arm": "OCC_3500",
 "gap": 0,
 "pool": "schema",
 "prior": true,
 "first_solvable_tier": 2,
 "full_space": {
  "S": "208109705341645619200000",
  "S_log10": 23.31829233431079,
  "K": "1164494804749376",
  "certificate": "complete",
  "exhausted": true
 },
 "expected_programs": {
  "num": "80199417713393665",
  "den": "77281",
  "float": 1037763715704.9425,
  "log10": 12.01609848198369
 },
 "expected_episodes": {
  "num": "962393012560723980",
  "den": "77281",
  "float": 12453164588459.31,
  "log10": 13.095279728031315
 },
 "solution_exists": true,
 "first_solution_samples": {
  "n": 400,
  "train_conform_all": true,
  "held_out_accuracy_mean": 1.0,
  "held_out_accuracy_min": 1.0,
  "generalize_fraction": 1.0,
  "generalize_count": 400,
  "generalize_wilson95": [
   0.9904873594003194,
   1.0
  ],
  "held_out_accuracy_hist": {
   "1.0": 400
  }
 },
 "first_solution_slots": {
  "cpos": {
   "most_common": "('sub', 'length', 'k5')",
   "share": 0.505,
   "distinct": 5,
   "prior_rank_of_most_common": 57,
   "prior_score_of_most_common": 0.17489270386266095,
   "slot_best_score": 0.36623748211731044
  },
  "lc1": {
   "most_common": "101",
   "share": 0.2575,
   "distinct": 10
  },
  "lc2": {
   "most_common": "101",
   "share": 0.2475,
   "distinct": 10
  },
  "lc3": {
   "most_common": "101",
   "share": 0.26,
   "distinct": 10
  },
  "K1": {
   "most_common": "2",
   "share": 0.1825,
   "distinct": 8,
   "prior_rank_of_most_common": 1,
   "prior_score_of_most_common": 1.0,
   "slot_best_score": 1.0
  },
  "K2": {
   "most_common": "2",
   "share": 0.2225,
   "distinct": 8,
   "prior_rank_of_most_common": 1,
   "prior_score_of_most_common": 1.0,
   "slot_best_score": 1.0
  },
  "K3": {
   "most_common": "2",
   "share": 0.1675,
   "distinct": 8,
   "prior_rank_of_most_common": 1,
   "prior_score_of_most_common": 1.0,
   "slot_best_score": 1.0
  },
  "K4": {
   "most_common": "2",
   "share": 0.21,
   "distinct": 8,
   "prior_rank_of_most_common": 1,
   "prior_score_of_most_common": 1.0,
   "slot_best_score": 1.0
  },
  "ra": {
   "most_common": "('max', 'k6', 'k13')",
   "share": 0.0375,
   "distinct": 81,
   "prior_rank_of_most_common": 68,
   "prior_score_of_most_common": 0.09871244635193133,
   "slot_best_score": 0.36623748211731044
  },
  "lr1": {
   "most_common": "104",
   "share": 0.2625,
   "distinct": 6
  },
  "lr2": {
   "most_common": "104",
   "share": 0.3025,
   "distinct": 6
  },
  "M": {
   "most_common": "(1, 2, 8, 8)",
   "share": 0.2275,
   "distinct": 5,
   "prior_rank_of_most_common": 1,
   "prior_score_of_most_common": 0.2767198350694444,
   "slot_best_score": 0.2767198350694444
  },
  "X1": {
   "most_common": "('add', 'hi', 3)",
   "share": 0.3875,
   "distinct": 3,
   "prior_rank_of_most_common": 5,
   "prior_score_of_most_common": 0.43333333333333335,
   "slot_best_score": 0.7666666666666666
  },
  "X2": {
   "most_common": "('sub', 'lo', 3)",
   "share": 0.3825,
   "distinct": 3,
   "prior_rank_of_most_common": 1,
   "prior_score_of_most_common": 0.7666666666666666,
   "slot_best_score": 0.7666666666666666
  },
  "X3": {
   "most_common": "('sub', 'lo', 48)",
   "share": 0.4625,
   "distinct": 3,
   "prior_rank_of_most_common": 1,
   "prior_score_of_most_common": 0.7666666666666666,
   "slot_best_score": 0.7666666666666666
  }
 },
 "example_first_solution": {
  "cpos": 295,
  "lc1": 3,
  "lc2": 13,
  "lc3": 22,
  "K1": 4,
  "K2": 2,
  "K3": 6,
  "K4": 1,
  "ra": 1399,
  "lr1": 11,
  "lr2": 7,
  "M": 136,
  "X1": 12,
  "X2": 13,
  "X3": 7
 },
 "example_first_solution_specs": {
  "cpos": "('sub', 'length', 'k5')",
  "lc1": "100",
  "lc2": "110",
  "lc3": "119",
  "K1": "4",
  "K2": "2",
  "K3": "6",
  "K4": "1",
  "ra": "('max', 'k13', 'k4')",
  "lr1": "108",
  "lr2": "104",
  "M": "(1, 2, 8, 8)",
  "X1": "('sub', 'lo', 3)",
  "X2": "('sub', 'lo', 48)",
  "X3": "('add', 'hi', 3)"
 },
 "seconds": 137.77487531800216
}
