OCC_3 0 S=2.621e+05 K= 0 0.0s
OCC_3 1 S=1.029e+12 K= 0 0.1s
OCC_3 2 S=3.478e+20 K= 77280 7.1s
OCC_3 3 S=5.446e+21 K= 67063528620 7.0s
OCC_3 4 S=5.446e+21 K= 67063528620 0.1s
OCC_3 5 S=1.361e+22 K= 96196489260 14.6s
OCC_3 6 S=4.256e+22 K= 126266585028 19.4s
OCC_3 7 S=6.748e+22 K= 277708662684 21.5s
OCC_3 8 S=9.105e+22 K= 277708662684 21.6s
OCC_3 9 S=2.081e+23 K= 1164494804749376 24.5s
{
 "arm": "OCC_3",
 "gap": 0,
 "pool": "schema",
 "prior": true,
 "first_solvable_tier": 2,
 "full_space": {
  "S": "208109705341645619200000",
  "S_log10": 23.31829233431079,
  "K": "1164494804749376",
  "certificate": "complete",
  "exhausted": true
 },
 "expected_programs": {
  "num": "347864172970840686593",
  "den": "77281",
  "float": 4501289747426155.0,
  "log10": 15.653336969316669
 },
 "expected_episodes": {
  "num": "4174370075650088239116",
  "den": "77281",
  "float": 5.4015476969113864e+16,
  "log10": 16.732518215364294
 },
 "solution_exists": true,
 "first_solution_samples": {
  "n": 400,
  "train_conform_all": true,
  "held_out_accuracy_mean": 1.0,
  "held_out_accuracy_min": 1.0,
  "generalize_fraction": 1.0,
  "generalize_count": 400,
  "generalize_wilson95": [
   0.9904873594003194,
   1.0
  ],
  "held_out_accuracy_hist": {
   "1.0": 400
  }
 },
 "first_solution_slots": {
  "cpos": {
   "most_common": "('sub', 'length', 'k5')",
   "share": 0.505,
   "distinct": 5,
   "prior_rank_of_most_common": 57,
   "prior_score_of_most_common": 0.17489270386266095,
   "slot_best_score": 0.36623748211731044
  },
  "lc1": {
   "most_common": "101",
   "share": 0.2575,
   "distinct": 10
  },
  "lc2": {
   "most_common": "101",
   "share": 0.2475,
   "distinct": 10
  },
  "lc3": {
   "most_common": "101",
   "share": 0.26,
   "distinct": 10
  },
  "K1": {
   "most_common": "2",
   "share": 0.1825,
   "distinct": 8,
   "prior_rank_of_most_common": 1,
   "prior_score_of_most_common": 1.0,
   "slot_best_score": 1.0
  },
  "K2": {
   "most_common": "2",
   "share": 0.2225,
   "distinct": 8,
   "prior_rank_of_most_common": 1,
   "prior_score_of_most_common": 1.0,
   "slot_best_score": 1.0
  },
  "K3": {
   "most_common": "2",
   "share": 0.1675,
   "distinct": 8,
   "prior_rank_of_most_common": 1,
   "prior_score_of_most_common": 1.0,
   "slot_best_score": 1.0
  },
  "K4": {
   "most_common": "2",
   "share": 0.21,
   "distinct": 8,
   "prior_rank_of_most_common": 1,
   "prior_score_of_most_common": 1.0,
   "slot_best_score": 1.0
  },
  "ra": {
   "most_common": "('max', 'k6', 'k13')",
   "share": 0.0375,
   "distinct": 81,
   "prior_rank_of_most_common": 68,
   "prior_score_of_most_common": 0.09871244635193133,
   "slot_best_score": 0.36623748211731044
  },
  "lr1": {
   "most_common": "104",
   "share": 0.2625,
   "distinct": 6
  },
  "lr2": {
   "most_common": "104",
   "share": 0.3025,
   "distinct": 6
  },
  "M": {
   "most_common": "(1, 2, 8, 8)",
   "share": 0.2275,
   "distinct": 5,
   "prior_rank_of_most_common": 1,
   "prior_score_of_most_common": 0.2767198350694444,
   "slot_best_score": 0.2767198350694444
  },
  "X1": {
   "most_common": "('add', 'hi', 3)",
   "share": 0.3875,
   "distinct": 3,
   "prior_rank_of_most_common": 5,
   "prior_score_of_most_common": 0.43333333333333335,
   "slot_best_score": 0.7666666666666666
  },
  "X2": {
   "most_common": "('sub', 'lo', 3)",
   "share": 0.3825,
   "distinct": 3,
   "prior_rank_of_most_common": 1,
   "prior_score_of_most_common": 0.7666666666666666,
   "slot_best_score": 0.7666666666666666
  },
  "X3": {
   "most_common": "('sub', 'lo', 48)",
   "share": 0.4625,
   "distinct": 3,
   "prior_rank_of_most_common": 1,
   "prior_score_of_most_common": 0.7666666666666666,
   "slot_best_score": 0.7666666666666666
  }
 },
 "example_first_solution": {
  "cpos": 295,
  "lc1": 3,
  "lc2": 13,
  "lc3": 22,
  "K1": 4,
  "K2": 2,
  "K3": 6,
  "K4": 1,
  "ra": 1399,
  "lr1": 11,
  "lr2": 7,
  "M": 136,
  "X1": 12,
  "X2": 13,
  "X3": 7
 },
 "example_first_solution_specs": {
  "cpos": "('sub', 'length', 'k5')",
  "lc1": "100",
  "lc2": "110",
  "lc3": "119",
  "K1": "4",
  "K2": "2",
  "K3": "6",
  "K4": "1",
  "ra": "('max', 'k13', 'k4')",
  "lr1": "108",
  "lr2": "104",
  "M": "(1, 2, 8, 8)",
  "X1": "('sub', 'lo', 3)",
  "X2": "('sub', 'lo', 48)",
  "X3": "('add', 'hi', 3)"
 },
 "seconds": 117.10412045200064
}
