D''_2 0 S=1.231e+14 K= 0 0.2s
D''_2 1 S=6.893e+15 K= 4947072 12.3s
D''_2 2 S=1.301e+22 K= 131875360 21.3s
D''_2 3 S=1.301e+22 K= 131875360 0.1s
D''_2 4 S=1.301e+22 K= 131875360 0.1s
D''_2 5 S=3.252e+22 K= 504389536 28.2s
D''_2 6 S=9.105e+22 K= 674784736 37.0s
D''_2 7 S=9.105e+22 K= 674784736 0.1s
D''_2 8 S=9.105e+22 K= 674784736 0.1s
D''_2 9 S=2.081e+23 K= 1116634624 40.0s
{
 "arm": "D''_2",
 "gap": 0,
 "pool": "distractor",
 "prior": true,
 "first_solvable_tier": 1,
 "full_space": {
  "S": "208109705341645619200000",
  "S_log10": 23.31829233431079,
  "K": "1116634624",
  "certificate": "complete",
  "exhausted": true
 },
 "expected_programs": {
  "num": "608953545177169920001",
  "den": "4947073",
  "float": 123093705141842.44,
  "log10": 14.090235844222438
 },
 "expected_episodes": {
  "num": "7307442542126039040012",
  "den": "4947073",
  "float": 1477124461702109.2,
  "log10": 15.169417090270063
 },
 "solution_exists": true,
 "first_solution_samples": {
  "n": 400,
  "train_conform_all": true,
  "held_out_accuracy_mean": 0.3393055555555556,
  "held_out_accuracy_min": 0.2777777777777778,
  "generalize_fraction": 0.0,
  "generalize_count": 0,
  "generalize_wilson95": [
   0.0,
   0.009512640599680667
  ],
  "held_out_accuracy_hist": {
   "0.2778": 56,
   "0.3056": 55,
   "0.3333": 47,
   "0.3611": 231,
   "0.3889": 11
  }
 },
 "first_solution_slots": {
  "cpos": {
   "most_common": "('mul', 'k8', 'k4')",
   "share": 0.5,
   "distinct": 3,
   "prior_rank_of_most_common": 1,
   "prior_score_of_most_common": 0.09871244635193133,
   "slot_best_score": 0.09871244635193133
  },
  "lc1": {
   "most_common": "98",
   "share": 0.35,
   "distinct": 4
  },
  "lc2": {
   "most_common": "98",
   "share": 0.355,
   "distinct": 4
  },
  "lc3": {
   "most_common": "120",
   "share": 0.375,
   "distinct": 4
  },
  "K1": {
   "most_common": "3",
   "share": 0.1875,
   "distinct": 8,
   "prior_rank_of_most_common": 1,
   "prior_score_of_most_common": 1.0,
   "slot_best_score": 1.0
  },
  "K2": {
   "most_common": "0",
   "share": 0.1875,
   "distinct": 8,
   "prior_rank_of_most_common": 1,
   "prior_score_of_most_common": 1.0,
   "slot_best_score": 1.0
  },
  "K3": {
   "most_common": "5",
   "share": 0.1975,
   "distinct": 8,
   "prior_rank_of_most_common": 1,
   "prior_score_of_most_common": 1.0,
   "slot_best_score": 1.0
  },
  "K4": {
   "most_common": "6",
   "share": 0.5025,
   "distinct": 2,
   "prior_rank_of_most_common": 1,
   "prior_score_of_most_common": 1.0,
   "slot_best_score": 1.0
  },
  "ra": {
   "most_common": "('mul', 'k2', 'k8')",
   "share": 0.0125,
   "distinct": 238,
   "prior_rank_of_most_common": 1,
   "prior_score_of_most_common": 0.09871244635193133,
   "slot_best_score": 0.09871244635193133
  },
  "lr1": {
   "most_common": "101",
   "share": 0.1875,
   "distinct": 17
  },
  "lr2": {
   "most_common": "101",
   "share": 0.215,
   "distinct": 18
  },
  "M": {
   "most_common": "(2, 1, 14, 6)",
   "share": 0.5025,
   "distinct": 2,
   "prior_rank_of_most_common": 2,
   "prior_score_of_most_common": 0.1452094184027778,
   "slot_best_score": 0.2767198350694444
  },
  "X1": {
   "most_common": "('sub', 'hi', 50)",
   "share": 0.535,
   "distinct": 9,
   "prior_rank_of_most_common": 1,
   "prior_score_of_most_common": 0.3909090909090909,
   "slot_best_score": 0.3909090909090909
  },
  "X2": {
   "most_common": "('sub', 'hi', 50)",
   "share": 0.265,
   "distinct": 20,
   "prior_rank_of_most_common": 1,
   "prior_score_of_most_common": 0.3909090909090909,
   "slot_best_score": 0.3909090909090909
  },
  "X3": {
   "most_common": "('sub', 'hi', 50)",
   "share": 0.2525,
   "distinct": 20,
   "prior_rank_of_most_common": 1,
   "prior_score_of_most_common": 0.3909090909090909,
   "slot_best_score": 0.3909090909090909
  }
 },
 "example_first_solution": {
  "cpos": 94,
  "lc1": 1,
  "lc2": 23,
  "lc3": 14,
  "K1": 3,
  "K2": 5,
  "K3": 3,
  "K4": 6,
  "ra": 841,
  "lr1": 8,
  "lr2": 8,
  "M": 230,
  "X1": 16,
  "X2": 3,
  "X3": 0
 },
 "example_first_solution_specs": {
  "cpos": "('mul', 'k4', 'k8')",
  "lc1": "98",
  "lc2": "120",
  "lc3": "111",
  "K1": "3",
  "K2": "5",
  "K3": "3",
  "K4": "6",
  "ra": "('max', 'k14', 'k7')",
  "lr1": "105",
  "lr2": "105",
  "M": "(2, 1, 14, 6)",
  "X1": "('sub', 'hi', 50)",
  "X2": "('add', 'lo', 47)",
  "X3": "('add', 'lo', 4)"
 },
 "seconds": 141.2683678800
