U_steep 0 S=9.761e+17 K= 479086028352 23.1s
U_steep 1 S=9.761e+17 K= 479086028352 0.1s
U_steep 2 S=9.761e+17 K= 479086028352 0.1s
U_steep 3 S=9.761e+17 K= 479086028352 0.1s
U_steep 4 S=1.044e+18 K= 479086028352 22.7s
U_steep 5 S=1.044e+18 K= 479086028352 0.1s
U_steep 6 S=1.044e+18 K= 479086028352 0.1s
U_steep 7 S=1.044e+18 K= 479086028352 0.1s
U_steep 8 S=1.044e+18 K= 479086028352 0.1s
U_steep 9 S=1.044e+18 K= 479086028352 0.1s
U_steep 10 S=1.044e+18 K= 479086028352 0.1s
U_steep 11 S=1.044e+18 K= 479086028352 0.1s
U_steep 12 S=2.081e+23 K= 1164494804749376 24.2s
{
 "arm": "U_steep",
 "gap": 0,
 "pool": "schema",
 "prior": true,
 "first_solvable_tier": 0,
 "full_space": {
  "S": "208109705341645619200000",
  "S_log10": 23.31829233431079,
  "K": "1164494804749376",
  "certificate": "complete",
  "exhausted": true
 },
 "expected_programs": {
  "num": "976146317443072001",
  "den": "479086028353",
  "float": 2037517.8144911965,
  "log10": 6.309101414566076
 },
 "expected_episodes": {
  "num": "11713755809316864012",
  "den": "479086028353",
  "float": 24450213.77389436,
  "log10": 7.388282660613701
 },
 "solution_exists": true,
 "first_solution_samples": {
  "n": 400,
  "train_conform_all": true,
  "held_out_accuracy_mean": 0.5999305555555555,
  "held_out_accuracy_min": 0.3888888888888889,
  "generalize_fraction": 0.0,
  "generalize_count": 0,
  "generalize_wilson95": [
   0.0,
   0.009512640599680667
  ],
  "held_out_accuracy_hist": {
   "0.3889": 1,
   "0.4444": 2,
   "0.4722": 1,
   "0.5": 8,
   "0.5278": 101,
   "0.5556": 28,
   "0.5833": 42,
   "0.6111": 56,
   "0.6389": 25,
   "0.6667": 136
  }
 },
 "first_solution_slots": {
  "cpos": {
   "most_common": "('mul', 'k2', 'k8')",
   "share": 0.025,
   "distinct": 176,
   "prior_rank_of_most_common": 1,
   "prior_score_of_most_common": 1.0,
   "slot_best_score": 1.0
  },
  "lc1": {
   "most_common": "111",
   "share": 0.15,
   "distinct": 16
  },
  "lc2": {
   "most_common": "104",
   "share": 0.1375,
   "distinct": 17
  },
  "lc3": {
   "most_common": "104",
   "share": 0.1475,
   "distinct": 16
  },
  "K1": {
   "most_common": "2",
   "share": 0.155,
   "distinct": 8,
   "prior_rank_of_most_common": 1,
   "prior_score_of_most_common": 1.0,
   "slot_best_score": 1.0
  },
  "K2": {
   "most_common": "3",
   "share": 0.145,
   "distinct": 8,
   "prior_rank_of_most_common": 1,
   "prior_score_of_most_common": 1.0,
   "slot_best_score": 1.0
  },
  "K3": {
   "most_common": "4",
   "share": 0.14,
   "distinct": 8,
   "prior_rank_of_most_common": 1,
   "prior_score_of_most_common": 1.0,
   "slot_best_score": 1.0
  },
  "K4": {
   "most_common": "5",
   "share": 0.1475,
   "distinct": 8,
   "prior_rank_of_most_common": 1,
   "prior_score_of_most_common": 1.0,
   "slot_best_score": 1.0
  },
  "ra": {
   "most_common": "('min', 'k14', 'length')",
   "share": 0.0175,
   "distinct": 187,
   "prior_rank_of_most_common": 1,
   "prior_score_of_most_common": 1.0,
   "slot_best_score": 1.0
  },
  "lr1": {
   "most_common": "101",
   "share": 0.2625,
   "distinct": 13
  },
  "lr2": {
   "most_common": "105",
   "share": 0.2475,
   "distinct": 13
  },
  "M": {
   "most_common": "(1, 2, 6, 3)",
   "share": 0.2675,
   "distinct": 6,
   "prior_rank_of_most_common": 1,
   "prior_score_of_most_common": 1.0,
   "slot_best_score": 1.0
  },
  "X1": {
   "most_common": "('sub', 'hi', 51)",
   "share": 0.68,
   "distinct": 10,
   "prior_rank_of_most_common": 1,
   "prior_score_of_most_common": 1.0,
   "slot_best_score": 1.0
  },
  "X2": {
   "most_common": "('sub', 'hi', 51)",
   "share": 0.2375,
   "distinct": 20,
   "prior_rank_of_most_common": 1,
   "prior_score_of_most_common": 1.0,
   "slot_best_score": 1.0
  },
  "X3": {
   "most_common": "('add', 'lo', 51)",
   "share": 0.685,
   "distinct": 19,
   "prior_rank_of_most_common": 1,
   "prior_score_of_most_common": 1.0,
   "slot_best_score": 1.0
  }
 },
 "example_first_solution": {
  "cpos": 82,
  "lc1": 24,
  "lc2": 19,
  "lc3": 24,
  "K1": 5,
  "K2": 6,
  "K3": 3,
  "K4": 3,
  "ra": 1323,
  "lr1": 17,
  "lr2": 17,
  "M": 156,
  "X1": 16,
  "X2": 3,
  "X3": 1
 },
 "example_first_solution_specs": {
  "cpos": "('add', 'k3', 'k13')",
  "lc1": "121",
  "lc2": "116",
  "lc3": "121",
  "K1": "5",
  "K2": "6",
  "K3": "3",
  "K4": "3",
  "ra": "('max', 'k8', 'k13')",
  "lr1": "114",
  "lr2": "114",
  "M": "(1, 2, 9, 12)",
  "X1": "('sub', 'hi', 51)",
  "X2": "('add', 'lo', 48)",
  "X3": "('add', 'lo', 51)"
 },
 "seconds": 77.88587137200011
}
