2026-09-10T11:42:10-07:00 start arm_gap0_Np
2026-09-10T11:42:41-07:00 done arm_gap0_Np exit=0
2026-09-10T11:42:41-07:00 start arm_gap0_N
2026-09-10T11:44:19-07:00 done arm_gap0_N exit=0
2026-09-10T11:44:19-07:00 start arm_gap0_P
2026-09-10T11:51:25-07:00 done arm_gap0_P exit=0
2026-09-10T11:51:25-07:00 start arm_gap0_Dp
2026-09-10T11:52:07-07:00 done arm_gap0_Dp exit=0
2026-09-10T11:52:07-07:00 start arm_gap0_A_noobs
2026-09-10T11:53:47-07:00 done arm_gap0_A_noobs exit=0
2026-09-10T11:53:47-07:00 start arm_gap0_Dpp_0
2026-09-10T11:55:45-07:00 done arm_gap0_Dpp_0 exit=0
2026-09-10T11:55:45-07:00 start arm_gap0_Dpp_1
2026-09-10T11:57:28-07:00 done arm_gap0_Dpp_1 exit=0
2026-09-10T11:57:28-07:00 start arm_gap0_Dpp_2
2026-09-10T11:59:50-07:00 done arm_gap0_Dpp_2 exit=0
2026-09-10T11:59:50-07:00 start arm_gap0_Dpp_3
2026-09-10T12:01:35-07:00 done arm_gap0_Dpp_3 exit=0
2026-09-10T12:01:35-07:00 start arm_gap0_Dpp_4
2026-09-10T12:03:13-07:00 done arm_gap0_Dpp_4 exit=0
2026-09-10T12:03:13-07:00 start arm_gap0_R_0
