  [freq L0_om (4)] seed 0: ok=True train=2.98e-08 test=9.87e-08 (6.4s) 
  [freq L0_om (4)] seed 1: ok=True train=2.98e-08 test=9.87e-08 (5.2s) 
  [freq L0_om (4)] seed 2: ok=True train=2.98e-08 test=9.87e-08 (3.0s) 
  [freq L0_om (4)] seed 3: ok=True train=2.98e-08 test=9.87e-08 (1.0s) 
  [freq L0_om (4)] seed 4: ok=True train=2.98e-08 test=9.87e-08 (2.4s) 
  [freq L0_om (4)] seed 5: ok=True train=2.98e-08 test=9.87e-08 (1.9s) 
  [freq L0_om (4)] seed 6: ok=True train=2.98e-08 test=9.87e-08 (3.1s) 
  [freq L0_om (4)] seed 7: ok=True train=2.98e-08 test=9.87e-08 (1.3s) 
  [freq L0_om (4)] seed 8: ok=True train=2.98e-08 test=9.87e-08 (2.2s) 
  [freq L0_om (4)] seed 9: ok=True train=2.98e-08 test=9.87e-08 (4.2s) 
  [freq L0_om (4)] seed 10: ok=True train=2.98e-08 test=9.87e-08 (6.2s) 
  [freq L0_om (4)] seed 11: ok=True train=2.98e-08 test=9.87e-08 (2.2s) 
  [freq L0_om (4)] seed 12: ok=True train=2.98e-08 test=9.87e-08 (1.1s) 
  [freq L0_om (4)] seed 13: ok=True train=2.98e-08 test=9.87e-08 (1.1s) 
  [freq L0_om (4)] seed 14: ok=True train=2.98e-08 test=9.87e-08 (4.5s) 
  [freq L0_om (4)] seed 15: ok=True train=2.98e-08 test=9.87e-08 (8.1s) 
L0_om space 4 {'n': 16, 'train_success': 16, 'rate': 1.0, 'generalises': 16, 'median_test_err': 9.872019290924072e-08, 'median_seconds': 2.668019278498832} enum (True, 0.0, True)
  [freq L1_om_s (12)] seed 0: ok=True train=2.98e-08 test=9.87e-08 (3.1s) 
  [freq L1_om_s (12)] seed 1: ok=True train=2.98e-08 test=9.87e-08 (1.4s) 
  [freq L1_om_s (12)] seed 2: ok=True train=2.98e-08 test=9.87e-08 (3.7s) 
  [freq L1_om_s (12)] seed 3: ok=True train=2.98e-08 test=9.87e-08 (6.9s) 
  [freq L1_om_s (12)] seed 4: ok=True train=2.98e-08 test=9.87e-08 (2.6s) 
  [freq L1_om_s (12)] seed 5: ok=True train=2.98e-08 test=9.87e-08 (1.4s) 
  [freq L1_om_s (12)] seed 6: ok=True train=2.98e-08 test=9.87e-08 (1.6s) 
  [freq L1_om_s (12)] seed 7: ok=True train=2.98e-08 test=9.87e-08 (2.6s) 
  [freq L1_om_s (12)] seed 8: ok=True train=2.98e-08 test=9.87e-08 (8.5s) 
  [freq L1_om_s (12)] seed 9: ok=True train=2.98e-08 test=9.87e-08 (12.1s) 
  [freq L1_om_s (12)] seed 10: ok=True train=2.98e-08 test=9.87e-08 (2.3s) 
  [freq L1_om_s (12)] seed 11: ok=True train=2.98e-08 test=9.87e-08 (7.5s) 
  [freq L1_om_s (12)] seed 12: ok=True train=2.98e-08 test=9.87e-08 (4.5s) 
  [freq L1_om_s (12)] seed 13: ok=True train=2.98e-08 test=9.87e-08 (1.7s) 
  [freq L1_om_s (12)] seed 14: ok=True train=2.98e-08 test=9.87e-08 (1.1s) 
  [freq L1_om_s (12)] seed 15: ok=True train=2.98e-08 test=9.87e-08 (1.5s) 
L1_om_s space 12 {'n': 16, 'train_success': 16, 'rate': 1.0, 'generalises': 16, 'median_test_err': 9.872019290924072e-08, 'median_seconds': 2.60930575299426} enum (True, 0.0, True)
  [freq L1b_+t2 (36)] seed 0: ok=True train=2.98e-08 test=9.87e-08 (3.8s) 
  [freq L1b_+t2 (36)] seed 1: ok=False train=inf test=inf (0.0s) ValueError('invalid relaxed sqrt domain')
  [freq L1b_+t2 (36)] seed 2: ok=True train=2.98e-08 test=9.87e-08 (2.4s) 
  [freq L1b_+t2 (36)] seed 3: ok=True train=2.98e-08 test=9.87e-08 (12.7s) 
  [freq L1b_+t2 (36)] seed 4: ok=True train=2.98e-08 test=9.87e-08 (4.4s) 
  [freq L1b_+t2 (36)] seed 5: ok=True train=2.98e-08 test=9.87e-08 (3.1s) 
  [freq L1b_+t2 (36)] seed 6: ok=True train=2.98e-08 test=9.87e-08 (3.6s) 
  [freq L1b_+t2 (36)] seed 7: ok=True train=2.98e-08 test=9.87e-08 (5.8s) 
  [freq L1b_+t2 (36)] seed 8: ok=False train=inf test=inf (0.0s) ValueError('invalid relaxed sqrt domain')
  [freq L1b_+t2 (36)] seed 9: ok=True train=2.98e-08 test=9.87e-08 (3.4s) 
  [freq L1b_+t2 (36)] seed 10: ok=True train=2.98e-08 test=9.87e-08 (5.1s) 
  [freq L1b_+t2 (36)] seed 11: ok=True train=2.98e-08 test=9.87e-08 (3.4s) 
  [freq L1b_+t2 (36)] seed 12: ok=True train=2.98e-08 test=9.87e-08 (2.7s) 
  [freq L1b_+t2 (36)] seed 13: ok=True train=2.98e-08 test=9.87e-08 (7.8s) 
  [freq L1b_+t2 (36)] seed 14: ok=False train=inf test=inf (0.0s) ValueError('invalid relaxed sqrt domain')
  [freq L1b_+t2 (36)] seed 15: ok=False train=inf test=inf (0.0s) ValueError('invalid relaxed sqrt domain')
L1b_+t2 space 36 {'n': 16, 'train_success': 12, 'rate': 0.75, 'generalises': 12, 'median_test_err': 9.872019290924072e-08, 'median_seconds': 3.385264348995406} enum (True, 0.0, False)
  [freq L1c_+t1 (72)] seed 0: ok=False train=inf test=inf (0.0s) ValueError('invalid relaxed sqrt domain')
  [freq L1c_+t1 (72)] seed 1: ok=False train=inf test=inf (0.0s) ValueError('invalid relaxed sqrt domain')
  [freq L1c_+t1 (72)] seed 2: ok=True train=2.98e-08 test=9.87e-08 (4.6s) 
  [freq L1c_+t1 (72)] seed 3: ok=False train=0.179 test=0.243 (2.8s) 
  [freq L1c_+t1 (72)] seed 4: ok=True train=2.98e-08 test=9.87e-08 (2.4s) 
  [freq L1c_+t1 (72)] seed 5: ok=True train=2.98e-08 test=9.87e-08 (2.4s) 
  [freq L1c_+t1 (72)] seed 6: ok=True train=2.98e-08 test=9.87e-08 (3.6s) 
  [freq L1c_+t1 (72)] seed 7: ok=True train=2.98e-08 test=9.87e-08 (0.7s) 
  [freq L1c_+t1 (72)] seed 8: ok=False train=0.0387 test=0.0388 (6.1s) 
  [freq L1c_+t1 (72)] seed 9: ok=False train=0.0387 test=0.0388 (5.5s) 
  [freq L1c_+t1 (72)] seed 10: ok=True train=2.98e-08 test=9.87e-08 (3.0s) 
  [freq L1c_+t1 (72)] seed 11: ok=True train=2.98e-08 test=9.87e-08 (2.9s) 
  [freq L1c_+t1 (72)] seed 12: ok=True train=2.98e-08 test=9.87e-08 (7.1s) 
  [freq L1c_+t1 (72)] seed 13: ok=True train=2.98e-08 test=9.87e-08 (0.9s) 
  [freq L1c_+t1 (72)] seed 14: ok=True train=2.98e-08 test=9.87e-08 (1.1s) 
  [freq L1c_+t1 (72)] seed 15: ok=True train=2.98e-08 test=9.87e-08 (1.0s) 
L1c_+t1 space 72 {'n': 16, 'train_success': 11, 'rate': 0.6875, 'generalises': 11, 'median_test_err': 9.872019290924072e-08, 'median_seconds': 2.6076815060223453} enum (True, 0.02, False)
  [freq L1d_+csq (144)] seed 0: ok=True train=2.98e-08 test=9.87e-08 (1.2s) 
  [freq L1d_+csq (144)] seed 1: ok=False train=0.189 test=0.243 (3.5s) 
  [freq L1d_+csq (144)] seed 2: ok=True train=2.98e-08 test=9.87e-08 (1.7s) 
  [freq L1d_+csq (144)] seed 3: ok=False train=inf test=inf (1.1s) ValueError('invalid relaxed sqrt domain')
  [freq L1d_+csq (144)] seed 4: ok=False train=0.184 test=0.243 (2.3s) 
  [freq L1d_+csq (144)] seed 5: ok=True train=2.98e-08 test=9.87e-08 (2.6s) 
  [freq L1d_+csq (144)] seed 6: ok=False train=0.0387 test=0.0388 (2.1s) 
  [freq L1d_+csq (144)] seed 7: ok=False train=0.0387 test=0.0388 (2.3s) 
  [freq L1d_+csq (144)] seed 8: ok=True train=2.98e-08 test=9.87e-08 (1.9s) 
  [freq L1d_+csq (144)] seed 9: ok=True train=2.98e-08 test=9.87e-08 (1.1s) 
  [freq L1d_+csq (144)] seed 10: ok=True train=2.98e-08 test=9.87e-08 (2.5s) 
  [freq L1d_+csq (144)] seed 11: ok=False train=inf test=inf (0.0s) ValueError('invalid relaxed sqrt domain')
  [freq L1d_+csq (144)] seed 12: ok=False train=inf test=inf (0.0s) ValueError('invalid relaxed sqrt domain')
  [freq L1d_+csq (144)] seed 13: ok=True train=2.98e-08 test=9.87e-08 (1.7s) 
  [freq L1d_+csq (144)] seed 14: ok=False train=0.184 test=0.243 (0.8s) 
  [freq L1d_+csq (144)] seed 15: ok=True train=2.98e-08 test=9.87e-08 (1.5s) 
L1d_+csq space 144 {'n': 16, 'train_success': 8, 'rate': 0.5, 'generalises': 8, 'median_test_err': 0.01939436513930559, 'median_seconds': 1.6990940359828528} enum (True, 0.01, False)
  [freq L2_trig (288)] seed 0: ok=False train=0.184 test=0.243 (0.8s) 
  [freq L2_trig (288)] seed 1: ok=False train=0.189 test=0.243 (0.9s) 
  [freq L2_trig (288)] seed 2: ok=False train=0.184 test=0.243 (3.5s) 
  [freq L2_trig (288)] seed 3: ok=False train=0.189 test=0.243 (0.9s) 
  [freq L2_trig (288)] seed 4: ok=False train=0.184 test=0.243 (2.5s) 
  [freq L2_trig (288)] seed 5: ok=False train=inf test=inf (2.5s) ValueError('math domain error')
  [freq L2_trig (288)] seed 6: ok=False train=0.808 test=6.93 (4.7s) 
  [freq L2_trig (288)] seed 7: ok=False train=0.0387 test=0.0388 (1.1s) 
  [freq L2_trig (288)] seed 8: ok=False train=0.439 test=0.493 (1.0s) 
  [freq L2_trig (288)] seed 9: ok=False train=1.24 test=7.43 (2.2s) 
  [freq L2_trig (288)] seed 10: ok=False train=0.808 test=6.93 (1.0s) 
  [freq L2_trig (288)] seed 11: ok=False train=inf test=inf (0.0s) ValueError('invalid relaxed sqrt domain')
  [freq L2_trig (288)] seed 12: ok=False train=inf test=inf (0.0s) ValueError('invalid relaxed sqrt domain')
  [freq L2_trig (288)] seed 13: ok=False train=0.179 test=0.243 (5.2s) 
  [freq L2_trig (288)] seed 14: ok=False train=0.189 test=0.243 (3.2s) 
  [freq L2_trig (288)] seed 15: ok=False train=0.173 test=0.176 (4.0s) 
L2_trig space 288 {'n': 16, 'train_success': 0, 'rate': 0.0, 'generalises': 0, 'median_test_err': 0.24278000369668007, 'median_seconds': 1.6503594430105295} enum (True, 0.01, False)
  [freq L2b_+c (864)] seed 0: ok=False train=0.216 test=0.32 (1.8s) 
  [freq L2b_+c (864)] seed 1: ok=False train=0.151 test=0.154 (4.8s) 
  [freq L2b_+c (864)] seed 2: ok=False train=0.466 test=0.57 (4.2s) 
  [freq L2b_+c (864)] seed 3: ok=False train=0.173 test=0.176 (1.8s) 
  [freq L2b_+c (864)] seed 4: ok=False train=0.401 test=0.492 (1.5s) 
  [freq L2b_+c (864)] seed 5: ok=False train=0.0387 test=0.0388 (1.0s) 
  [freq L2b_+c (864)] seed 6: ok=False train=0.228 test=0.371 (1.0s) 
  [freq L2b_+c (864)] seed 7: ok=False train=inf test=inf (0.0s) ValueError('invalid relaxed sqrt domain')
  [freq L2b_+c (864)] seed 8: ok=False train=0.216 test=0.32 (1.2s) 
  [freq L2b_+c (864)] seed 9: ok=False train=0.303 test=0.523 (3.2s) 
  [freq L2b_+c (864)] seed 10: ok=False train=0.259 test=0.387 (1.7s) 
  [freq L2b_+c (864)] seed 11: ok=False train=0.189 test=0.243 (1.4s) 
  [freq L2b_+c (864)] seed 12: ok=False train=0.189 test=0.243 (1.7s) 
  [freq L2b_+c (864)] seed 13: ok=False train=0.43 test=0.493 (1.5s) 
  [freq L2b_+c (864)] seed 14: ok=False train=0.202 test=0.243 (1.9s) 
  [freq L2b_+c (864)] seed 15: ok=False train=0.203 test=0.243 (1.9s) 
L2b_+c space 864 {'n': 16, 'train_success': 0, 'rate': 0.0, 'generalises': 0, 'median_test_err': 0.3199853301048279, 'median_seconds': 1.7199016400263645} enum (True, 0.04, False)
  [freq L3_trig_alg (12960)] seed 0: ok=False train=16.5 test=2.43 (2.6s) 
  [freq L3_trig_alg (12960)] seed 1: ok=False train=0.201 test=0.243 (2.5s) 
  [freq L3_trig_alg (12960)] seed 2: ok=False train=0.257 test=0.311 (1.1s) 
  [freq L3_trig_alg (12960)] seed 3: ok=False train=0.266 test=0.386 (1.6s) 
  [freq L3_trig_alg (12960)] seed 4: ok=False train=0.21 test=0.249 (1.3s) 
  [freq L3_trig_alg (12960)] seed 5: ok=False train=0.666 test=0.409 (1.4s) 
  [freq L3_trig_alg (12960)] seed 6: ok=False train=inf test=inf (0.0s) ValueError('invalid relaxed sqrt domain')
  [freq L3_trig_alg (12960)] seed 7: ok=False train=0.24 test=0.32 (1.2s) 
  [freq L3_trig_alg (12960)] seed 8: ok=False train=0.319 test=0.337 (1.3s) 
  [freq L3_trig_alg (12960)] seed 9: ok=False train=0.531 test=0.561 (1.4s) 
  [freq L3_trig_alg (12960)] seed 10: ok=False train=0.344 test=0.387 (2.3s) 
  [freq L3_trig_alg (12960)] seed 11: ok=False train=0.231 test=0.317 (2.5s) 
  [freq L3_trig_alg (12960)] seed 12: ok=False train=inf test=inf (0.0s) ValueError('invalid relaxed sqrt domain')
  [freq L3_trig_alg (12960)] seed 13: ok=False train=0.348 test=0.388 (2.6s) 
  [freq L3_trig_alg (12960)] seed 14: ok=False train=inf test=inf (0.0s) ValueError('invalid relaxed sqrt domain')
  [freq L3_trig_alg (12960)] seed 15: ok=False train=inf test=inf (0.0s) ValueError('invalid relaxed sqrt domain')
L3_trig_alg space 12960 {'n': 16, 'train_success': 0, 'rate': 0.0, 'generalises': 0, 'median_test_err': 0.38776879757642746, 'median_seconds': 1.380503051506821} enum (True, 1.34, False)
  [freq L4_all (829440)] seed 0: ok=False train=1.04 test=7.76 (2.7s) 
  [freq L4_all (829440)] seed 1: ok=False train=inf test=inf (3.0s) ValueError('math domain error')
  [freq L4_all (829440)] seed 2: ok=False train=inf test=inf (1.5s) ValueError('math domain error')
  [freq L4_all (829440)] seed 3: ok=False train=0.269 test=0.247 (1.7s) 
  [freq L4_all (829440)] seed 4: ok=False train=0.129 test=0.136 (2.1s) 
  [freq L4_all (829440)] seed 5: ok=False train=0.275 test=0.31 (8.7s) 
  [freq L4_all (829440)] seed 6: ok=False train=inf test=inf (0.0s) ValueError('invalid relaxed sqrt domain')
  [freq L4_all (829440)] seed 7: ok=False train=0.215 test=0.222 (5.9s) 
  [freq L4_all (829440)] seed 8: ok=False train=0.7 test=0.724 (7.3s) 
  [freq L4_all (829440)] seed 9: ok=False train=0.214 test=0.246 (3.0s) 
  [freq L4_all (829440)] seed 10: ok=False train=0.238 test=0.237 (1.7s) 
  [freq L4_all (829440)] seed 11: ok=False train=inf test=inf (0.0s) ValueError('invalid relaxed sqrt domain')
  [freq L4_all (829440)] seed 12: ok=False train=5.09 test=8.09 (4.4s) 
  [freq L4_all (829440)] seed 13: ok=False train=0.64 test=0.66 (2.9s) 
  [freq L4_all (829440)] seed 14: ok=False train=0.59 test=0.64 (4.8s) 
  [freq L4_all (829440)] seed 15: ok=False train=0.378 test=0.413 (4.0s) 
L4_all space 829440 {'n': 16, 'train_success': 0, 'rate': 0.0, 'generalises': 0, 'median_test_err': 0.6500663608312607, 'median_seconds': 2.9512184009654447} enum (True, 76.58, False)
wrote /home/brandonin/Documents/typed-crystallization-networks/research/perception-ladder/out/rung1_ladder.json
