  [mask R=2 dense=True] seed 0: ok=True train=0 test=0 (8.5s) 
  [mask R=2 dense=True] seed 1: ok=True train=0 test=0 (4.2s) 
  [mask R=2 dense=True] seed 2: ok=True train=0 test=0 (4.2s) 
  [mask R=2 dense=True] seed 3: ok=True train=0 test=0 (3.5s) 
  [mask R=2 dense=True] seed 4: ok=True train=0 test=0 (6.6s) 
  [mask R=2 dense=True] seed 5: ok=True train=0 test=0 (3.8s) 
  [mask R=2 dense=True] seed 6: ok=True train=0 test=0 (2.7s) 
  [mask R=2 dense=True] seed 7: ok=True train=0 test=0 (6.7s) 
  [mask R=2 dense=True] seed 8: ok=True train=0 test=0 (3.4s) 
  [mask R=2 dense=True] seed 9: ok=True train=0 test=0 (3.3s) 
  [mask R=2 dense=True] seed 10: ok=True train=0 test=0 (7.3s) 
  [mask R=2 dense=True] seed 11: ok=True train=0 test=0 (9.9s) 
mask R 2 dense space 1048576 {'n': 12, 'train_success': 12, 'rate': 1.0, 'generalises': 12, 'median_test_err': 0.0, 'median_seconds': 4.183175913494779}
  [mask R=2 dense=False] seed 0: ok=True train=0 test=0 (16.4s) 
  [mask R=2 dense=False] seed 1: ok=True train=0 test=0 (6.4s) 
  [mask R=2 dense=False] seed 2: ok=True train=0 test=0 (7.7s) 
  [mask R=2 dense=False] seed 3: ok=True train=0 test=0 (3.9s) 
  [mask R=2 dense=False] seed 4: ok=True train=0 test=0 (5.4s) 
  [mask R=2 dense=False] seed 5: ok=True train=0 test=0 (6.7s) 
  [mask R=2 dense=False] seed 6: ok=True train=0 test=0 (3.4s) 
  [mask R=2 dense=False] seed 7: ok=True train=0 test=0 (3.3s) 
  [mask R=2 dense=False] seed 8: ok=True train=0 test=0 (3.9s) 
  [mask R=2 dense=False] seed 9: ok=True train=0 test=0 (4.0s) 
  [mask R=2 dense=False] seed 10: ok=True train=0 test=0 (4.6s) 
  [mask R=2 dense=False] seed 11: ok=True train=0 test=0 (8.0s) 
mask R 2 output_only space 1048576 {'n': 12, 'train_success': 12, 'rate': 1.0, 'generalises': 12, 'median_test_err': 0.0, 'median_seconds': 4.983362672501244}
  [mask R=3 dense=True] seed 0: ok=True train=0 test=0 (18.6s) 
  [mask R=3 dense=True] seed 1: ok=True train=0 test=0 (8.4s) 
  [mask R=3 dense=True] seed 2: ok=True train=0 test=0 (21.3s) 
  [mask R=3 dense=True] seed 3: ok=True train=0 test=0 (37.2s) 
  [mask R=3 dense=True] seed 4: ok=True train=0 test=0 (44.6s) 
  [mask R=3 dense=True] seed 5: ok=True train=0 test=0 (24.1s) 
  [mask R=3 dense=True] seed 6: ok=True train=0 test=0 (14.0s) 
  [mask R=3 dense=True] seed 7: ok=True train=0 test=0 (42.3s) 
  [mask R=3 dense=True] seed 8: ok=True train=0 test=0 (37.7s) 
  [mask R=3 dense=True] seed 9: ok=True train=0 test=0 (10.2s) 
  [mask R=3 dense=True] seed 10: ok=True train=0 test=0 (30.4s) 
  [mask R=3 dense=True] seed 11: ok=True train=0 test=0 (67.2s) 
mask R 3 dense space 35184372088832 {'n': 12, 'train_success': 12, 'rate': 1.0, 'generalises': 12, 'median_test_err': 0.0, 'median_seconds': 27.22318372601876}
  [mask R=3 dense=False] seed 0: ok=True train=0 test=0 (52.9s) 
  [mask R=3 dense=False] seed 1: ok=True train=0 test=0 (22.6s) 
  [mask R=3 dense=False] seed 2: ok=True train=0 test=0 (19.2s) 
  [mask R=3 dense=False] seed 3: ok=True train=0 test=0 (18.1s) 
  [mask R=3 dense=False] seed 4: ok=True train=0 test=0 (20.7s) 
  [mask R=3 dense=False] seed 5: ok=True train=0 test=0 (14.8s) 
  [mask R=3 dense=False] seed 6: ok=True train=0 test=0 (26.5s) 
  [mask R=3 dense=False] seed 7: ok=True train=0 test=0 (34.6s) 
  [mask R=3 dense=False] seed 8: ok=True train=0 test=0 (16.4s) 
  [mask R=3 dense=False] seed 9: ok=True train=0 test=0 (29.2s) 
  [mask R=3 dense=False] seed 10: ok=True train=0 test=0 (29.7s) 
  [mask R=3 dense=False] seed 11: ok=True train=0 test=0 (30.3s) 
mask R 3 output_only space 35184372088832 {'n': 12, 'train_success': 12, 'rate': 1.0, 'generalises': 12, 'median_test_err': 0.0, 'median_seconds': 24.56635732250288}
  [allbg R=2 dense=True] seed 0: ok=True train=0 test=0 (27.5s) 
  [allbg R=2 dense=True] seed 1: ok=True train=0 test=0 (22.7s) 
  [allbg R=2 dense=True] seed 2: ok=True train=0 test=0 (17.2s) 
  [allbg R=2 dense=True] seed 3: ok=True train=0 test=0 (22.7s) 
  [allbg R=2 dense=True] seed 4: ok=True train=0 test=0 (19.5s) 
  [allbg R=2 dense=True] seed 5: ok=True train=0 test=0 (25.1s) 
  [allbg R=2 dense=True] seed 6: ok=True train=0 test=0 (20.5s) 
  [allbg R=2 dense=True] seed 7: ok=True train=0 test=0 (22.4s) 
  [allbg R=2 dense=True] seed 8: ok=True train=0 test=0 (18.5s) 
  [allbg R=2 dense=True] seed 9: ok=True train=0 test=0 (11.8s) 
  [allbg R=2 dense=True] seed 10: ok=True train=0 test=0 (20.6s) 
  [allbg R=2 dense=True] seed 11: ok=True train=0 test=0 (8.5s) 
allbg R 2 dense space 8388608 {'n': 12, 'train_success': 12, 'rate': 1.0, 'generalises': 12, 'median_test_err': 0.0, 'median_seconds': 20.55648672397365}
  [allbg R=2 dense=False] seed 0: ok=True train=0 test=1 (11.1s) 
  [allbg R=2 dense=False] seed 1: ok=False train=1 test=1 (20.4s) 
  [allbg R=2 dense=False] seed 2: ok=False train=1 test=1 (15.6s) 
  [allbg R=2 dense=False] seed 3: ok=True train=0 test=1 (25.2s) 
  [allbg R=2 dense=False] seed 4: ok=False train=1 test=1 (18.8s) 
  [allbg R=2 dense=False] seed 5: ok=False train=1 test=1 (21.4s) 
  [allbg R=2 dense=False] seed 6: ok=False train=1 test=1 (32.9s) 
  [allbg R=2 dense=False] seed 7: ok=False train=1 test=1 (33.8s) 
  [allbg R=2 dense=False] seed 8: ok=False train=1 test=1 (33.5s) 
  [allbg R=2 dense=False] seed 9: ok=False train=1 test=1 (5.6s) 
  [allbg R=2 dense=False] seed 10: ok=False train=1 test=1 (17.2s) 
  [allbg R=2 dense=False] seed 11: ok=True train=0 test=1 (19.0s) 
allbg R 2 output_only space 8388608 {'n': 12, 'train_success': 3, 'rate': 0.25, 'generalises': 0, 'median_test_err': 1.0, 'median_seconds': 19.722915985505097}
  [allbg R=3 dense=True] seed 0: ok=True train=0 test=0 (49.0s) 
  [allbg R=3 dense=True] seed 1: ok=True train=0 test=0 (46.0s) 
  [allbg R=3 dense=True] seed 2: ok=True train=0 test=0 (30.1s) 
  [allbg R=3 dense=True] seed 3: ok=True train=0 test=0 (32.2s) 
  [allbg R=3 dense=True] seed 4: ok=True train=0 test=0 (35.5s) 
  [allbg R=3 dense=True] seed 5: ok=True train=0 test=0 (37.1s) 
  [allbg R=3 dense=True] seed 6: ok=True train=0 test=0 (25.5s) 
  [allbg R=3 dense=True] seed 7: ok=True train=0 test=0 (38.9s) 
  [allbg R=3 dense=True] seed 8: ok=True train=0 test=0 (34.6s) 
  [allbg R=3 dense=True] seed 9: ok=True train=0 test=0 (23.0s) 
  [allbg R=3 dense=True] seed 10: ok=True train=0 test=0 (26.5s) 
  [allbg R=3 dense=True] seed 11: ok=True train=0 test=0 (37.5s) 
allbg R 3 dense space 9007199254740992 {'n': 12, 'train_success': 12, 'rate': 1.0, 'generalises': 12, 'median_test_err': 0.0, 'median_seconds': 35.050256575486856}
  [allbg R=3 dense=False] seed 0: ok=True train=0 test=1 (55.4s) 
  [allbg R=3 dense=False] seed 1: ok=False train=1 test=1 (25.7s) 
  [allbg R=3 dense=False] seed 2: ok=True train=0 test=1 (22.0s) 
  [allbg R=3 dense=False] seed 3: ok=True train=0 test=1 (69.1s) 
  [allbg R=3 dense=False] seed 4: ok=True train=0 test=1 (85.3s) 
  [allbg R=3 dense=False] seed 5: ok=True train=0 test=1 (42.7s) 
  [allbg R=3 dense=False] seed 6: ok=True train=0 test=1 (34.3s) 
  [allbg R=3 dense=False] seed 7: ok=True train=0 test=1 (42.3s) 
  [allbg R=3 dense=False] seed 8: ok=True train=0 test=1 (26.1s) 
  [allbg R=3 dense=False] seed 9: ok=False train=1 test=1 (26.2s) 
  [allbg R=3 dense=False] seed 10: ok=True train=0 test=1 (25.7s) 
  [allbg R=3 dense=False] seed 11: ok=False train=1 test=0 (29.2s) 
allbg R 3 output_only space 9007199254740992 {'n': 12, 'train_success': 9, 'rate': 0.75, 'generalises': 1, 'median_test_err': 1.0, 'median_seconds': 31.764072920486797}
wrote /home/brandonin/Documents/typed-crystallization-networks/research/perception-ladder/out/rung3_dense_pinned.json
