  [R0_fold_only dense=True] seed 0: ok=True train=0 test=1 (19.4s) 
  [R0_fold_only dense=True] seed 1: ok=True train=0 test=1 (20.4s) 
  [R0_fold_only dense=True] seed 2: ok=True train=0 test=1 (22.3s) 
  [R0_fold_only dense=True] seed 3: ok=True train=0 test=1 (28.1s) 
  [R0_fold_only dense=True] seed 4: ok=True train=0 test=1 (15.7s) 
  [R0_fold_only dense=True] seed 5: ok=True train=0 test=1 (13.1s) 
  [R0_fold_only dense=True] seed 6: ok=True train=0 test=1 (20.5s) 
  [R0_fold_only dense=True] seed 7: ok=True train=0 test=1 (17.1s) 
R0_fold_only dense {'n': 8, 'train_success': 8, 'rate': 1.0, 'generalises': 0, 'median_test_err': 1.0, 'median_seconds': 19.867775083490415} mean test acc 0.957
  [R0_fold_only dense=False] seed 0: ok=True train=0 test=1 (16.0s) 
  [R0_fold_only dense=False] seed 1: ok=True train=0 test=1 (18.8s) 
  [R0_fold_only dense=False] seed 2: ok=True train=0 test=1 (32.7s) 
  [R0_fold_only dense=False] seed 3: ok=True train=0 test=1 (21.3s) 
  [R0_fold_only dense=False] seed 4: ok=True train=0 test=1 (34.7s) 
  [R0_fold_only dense=False] seed 5: ok=True train=0 test=1 (19.9s) 
  [R0_fold_only dense=False] seed 6: ok=True train=0 test=1 (17.1s) 
  [R0_fold_only dense=False] seed 7: ok=True train=0 test=1 (13.7s) 
R0_fold_only output_only {'n': 8, 'train_success': 8, 'rate': 1.0, 'generalises': 0, 'median_test_err': 1.0, 'median_seconds': 19.344271039008163} mean test acc 0.9512
R0_fold_only space 65536 enum (True, 33.07, False)
  [R1_pool4 dense=True] seed 0: ok=True train=0 test=1 (16.7s) 
  [R1_pool4 dense=True] seed 1: ok=True train=0 test=1 (22.5s) 
  [R1_pool4 dense=True] seed 2: ok=True train=0 test=1 (24.7s) 
  [R1_pool4 dense=True] seed 3: ok=True train=0 test=1 (21.0s) 
  [R1_pool4 dense=True] seed 4: ok=True train=0 test=1 (18.5s) 
  [R1_pool4 dense=True] seed 5: ok=True train=0 test=1 (27.2s) 
  [R1_pool4 dense=True] seed 6: ok=True train=0 test=1 (33.1s) 
  [R1_pool4 dense=True] seed 7: ok=True train=0 test=1 (23.2s) 
R1_pool4 dense {'n': 8, 'train_success': 8, 'rate': 1.0, 'generalises': 0, 'median_test_err': 1.0, 'median_seconds': 22.83636004201253} mean test acc 0.9434
  [R1_pool4 dense=False] seed 0: ok=False train=1 test=1 (44.2s) 
  [R1_pool4 dense=False] seed 1: ok=False train=1 test=1 (47.2s) 
  [R1_pool4 dense=False] seed 2: ok=False train=1 test=1 (36.7s) 
  [R1_pool4 dense=False] seed 3: ok=True train=0 test=1 (49.2s) 
  [R1_pool4 dense=False] seed 4: ok=False train=1 test=1 (53.5s) 
  [R1_pool4 dense=False] seed 5: ok=False train=1 test=1 (15.8s) 
  [R1_pool4 dense=False] seed 6: ok=False train=1 test=1 (48.1s) 
  [R1_pool4 dense=False] seed 7: ok=False train=1 test=1 (95.8s) 
R1_pool4 output_only {'n': 8, 'train_success': 1, 'rate': 0.125, 'generalises': 0, 'median_test_err': 1.0, 'median_seconds': 47.66121110401582} mean test acc 0.873
R1_pool4 space 65536 enum (True, 46.03, False)
  [R2_pool16 dense=True] seed 0: ok=False train=1 test=1 (27.1s) 
  [R2_pool16 dense=True] seed 1: ok=False train=1 test=1 (59.2s) 
  [R2_pool16 dense=True] seed 2: ok=False train=1 test=1 (47.4s) 
  [R2_pool16 dense=True] seed 3: ok=False train=1 test=1 (68.3s) 
  [R2_pool16 dense=True] seed 4: ok=False train=1 test=1 (66.6s) 
  [R2_pool16 dense=True] seed 5: ok=False train=1 test=1 (45.5s) 
  [R2_pool16 dense=True] seed 6: ok=False train=1 test=1 (59.1s) 
  [R2_pool16 dense=True] seed 7: ok=False train=1 test=1 (46.2s) 
R2_pool16 dense {'n': 8, 'train_success': 0, 'rate': 0.0, 'generalises': 0, 'median_test_err': 1.0, 'median_seconds': 53.26500122452853} mean test acc 0.918
  [R2_pool16 dense=False] seed 0: ok=False train=1 test=1 (62.9s) 
  [R2_pool16 dense=False] seed 1: ok=False train=1 test=1 (84.9s) 
  [R2_pool16 dense=False] seed 2: ok=False train=1 test=1 (81.0s) 
  [R2_pool16 dense=False] seed 3: ok=False train=1 test=1 (67.6s) 
  [R2_pool16 dense=False] seed 4: ok=False train=1 test=1 (52.1s) 
  [R2_pool16 dense=False] seed 5: ok=False train=1 test=1 (59.4s) 
  [R2_pool16 dense=False] seed 6: ok=False train=1 test=1 (51.0s) 
  [R2_pool16 dense=False] seed 7: ok=False train=1 test=1 (54.9s) 
R2_pool16 output_only {'n': 8, 'train_success': 0, 'rate': 0.0, 'generalises': 0, 'median_test_err': 1.0, 'median_seconds': 61.19393821051926} mean test acc 0.877
R2_pool16 space 4294967296 enum None
  [R3_free_wiring dense=True] seed 0: ok=False train=1 test=1 (69.2s) 
  [R3_free_wiring dense=True] seed 1: ok=False train=1 test=1 (81.4s) 
  [R3_free_wiring dense=True] seed 2: ok=False train=1 test=1 (137.2s) 
  [R3_free_wiring dense=True] seed 3: ok=False train=1 test=1 (61.4s) 
  [R3_free_wiring dense=True] seed 4: ok=False train=1 test=1 (49.6s) 
  [R3_free_wiring dense=True] seed 5: ok=False train=1 test=1 (41.8s) 
  [R3_free_wiring dense=True] seed 6: ok=False train=1 test=1 (48.3s) 
  [R3_free_wiring dense=True] seed 7: ok=False train=1 test=1 (35.3s) 
R3_free_wiring dense {'n': 8, 'train_success': 0, 'rate': 0.0, 'generalises': 0, 'median_test_err': 1.0, 'median_seconds': 55.479283015505644} mean test acc 0.916
  [R3_free_wiring dense=False] seed 0: ok=False train=1 test=1 (51.3s) 
  [R3_free_wiring dense=False] seed 1: ok=False train=1 test=1 (38.9s) 
  [R3_free_wiring dense=False] seed 2: ok=False train=1 test=1 (42.2s) 
  [R3_free_wiring dense=False] seed 3: ok=False train=1 test=1 (42.5s) 
  [R3_free_wiring dense=False] seed 4: ok=False train=1 test=1 (39.8s) 
  [R3_free_wiring dense=False] seed 5: ok=False train=1 test=1 (38.6s) 
  [R3_free_wiring dense=False] seed 6: ok=False train=1 test=1 (65.0s) 
  [R3_free_wiring dense=False] seed 7: ok=False train=1 test=1 (79.1s) 
R3_free_wiring output_only {'n': 8, 'train_success': 0, 'rate': 0.0, 'generalises': 0, 'median_test_err': 1.0, 'median_seconds': 42.32290205950267} mean test acc 0.875
R3_free_wiring space 281474976710656 enum None
wrote /home/brandonin/Documents/typed-crystallization-networks/research/perception-ladder/out/rung2_arms.json
