  [mask R=2 dense=True] seed 0: ok=False train=1 test=1 (11.6s) 
  [mask R=2 dense=True] seed 1: ok=False train=1 test=1 (8.4s) 
  [mask R=2 dense=True] seed 2: ok=False train=1 test=1 (16.7s) 
  [mask R=2 dense=True] seed 3: ok=False train=1 test=1 (7.3s) 
  [mask R=2 dense=True] seed 4: ok=False train=1 test=1 (6.9s) 
  [mask R=2 dense=True] seed 5: ok=False train=1 test=1 (6.2s) 
  [mask R=2 dense=True] seed 6: ok=False train=1 test=1 (13.3s) 
  [mask R=2 dense=True] seed 7: ok=False train=1 test=1 (4.9s) 
  [mask R=2 dense=True] seed 8: ok=False train=1 test=1 (6.6s) 
  [mask R=2 dense=True] seed 9: ok=False train=1 test=1 (8.4s) 
  [mask R=2 dense=True] seed 10: ok=False train=1 test=1 (5.5s) 
  [mask R=2 dense=True] seed 11: ok=False train=1 test=1 (2.4s) 
mask R 2 dense space 1761205026816 {'n': 12, 'train_success': 0, 'rate': 0.0, 'generalises': 0, 'median_test_err': 1.0, 'median_seconds': 7.083108369988622}
  [mask R=2 dense=False] seed 0: ok=False train=1 test=1 (3.3s) 
  [mask R=2 dense=False] seed 1: ok=False train=1 test=1 (3.8s) 
  [mask R=2 dense=False] seed 2: ok=False train=1 test=1 (3.8s) 
  [mask R=2 dense=False] seed 3: ok=False train=1 test=1 (4.4s) 
  [mask R=2 dense=False] seed 4: ok=False train=1 test=1 (6.1s) 
  [mask R=2 dense=False] seed 5: ok=False train=1 test=1 (7.9s) 
  [mask R=2 dense=False] seed 6: ok=False train=1 test=1 (7.5s) 
  [mask R=2 dense=False] seed 7: ok=False train=1 test=1 (6.3s) 
  [mask R=2 dense=False] seed 8: ok=False train=1 test=1 (4.4s) 
  [mask R=2 dense=False] seed 9: ok=False train=1 test=1 (6.1s) 
  [mask R=2 dense=False] seed 10: ok=False train=1 test=1 (5.4s) 
  [mask R=2 dense=False] seed 11: ok=False train=1 test=1 (2.6s) 
mask R 2 output_only space 1761205026816 {'n': 12, 'train_success': 0, 'rate': 0.0, 'generalises': 0, 'median_test_err': 1.0, 'median_seconds': 4.902784709469415}
  [mask R=3 dense=True] seed 0: ok=False train=1 test=1 (23.1s) 
  [mask R=3 dense=True] seed 1: ok=False train=1 test=1 (15.6s) 
  [mask R=3 dense=True] seed 2: ok=False train=1 test=1 (20.0s) 
  [mask R=3 dense=True] seed 3: ok=False train=1 test=1 (20.2s) 
  [mask R=3 dense=True] seed 4: ok=False train=1 test=1 (23.3s) 
  [mask R=3 dense=True] seed 5: ok=False train=1 test=1 (30.7s) 
  [mask R=3 dense=True] seed 6: ok=False train=1 test=1 (19.7s) 
  [mask R=3 dense=True] seed 7: ok=False train=1 test=1 (33.2s) 
  [mask R=3 dense=True] seed 8: ok=False train=1 test=1 (32.2s) 
  [mask R=3 dense=True] seed 9: ok=False train=1 test=1 (45.8s) 
  [mask R=3 dense=True] seed 10: ok=False train=1 test=1 (46.2s) 
  [mask R=3 dense=True] seed 11: ok=False train=1 test=1 (90.6s) 
mask R 3 dense space 7804725584345565904628551916716032 {'n': 12, 'train_success': 0, 'rate': 0.0, 'generalises': 0, 'median_test_err': 1.0, 'median_seconds': 27.01532538898755}
  [mask R=3 dense=False] seed 0: ok=False train=1 test=1 (25.3s) 
  [mask R=3 dense=False] seed 1: ok=False train=1 test=1 (84.1s) 
  [mask R=3 dense=False] seed 2: ok=False train=1 test=1 (66.4s) 
  [mask R=3 dense=False] seed 3: ok=False train=1 test=1 (28.8s) 
  [mask R=3 dense=False] seed 4: ok=False train=1 test=1 (61.7s) 
  [mask R=3 dense=False] seed 5: ok=False train=1 test=1 (57.1s) 
  [mask R=3 dense=False] seed 6: ok=False train=1 test=1 (28.3s) 
  [mask R=3 dense=False] seed 7: ok=False train=1 test=1 (54.7s) 
  [mask R=3 dense=False] seed 8: ok=False train=1 test=1 (47.5s) 
  [mask R=3 dense=False] seed 9: ok=False train=1 test=1 (39.4s) 
  [mask R=3 dense=False] seed 10: ok=False train=1 test=1 (57.4s) 
  [mask R=3 dense=False] seed 11: ok=False train=1 test=1 (60.6s) 
mask R 3 output_only space 7804725584345565904628551916716032 {'n': 12, 'train_success': 0, 'rate': 0.0, 'generalises': 0, 'median_test_err': 1.0, 'median_seconds': 55.89065559048322}
  [allbg R=2 dense=True] seed 0: ok=False train=1 test=1 (26.4s) 
  [allbg R=2 dense=True] seed 1: ok=False train=1 test=1 (31.0s) 
  [allbg R=2 dense=True] seed 2: ok=False train=1 test=1 (15.5s) 
  [allbg R=2 dense=True] seed 3: ok=False train=1 test=1 (23.9s) 
  [allbg R=2 dense=True] seed 4: ok=False train=1 test=1 (15.6s) 
  [allbg R=2 dense=True] seed 5: ok=False train=1 test=1 (17.0s) 
  [allbg R=2 dense=True] seed 6: ok=False train=1 test=1 (22.4s) 
  [allbg R=2 dense=True] seed 7: ok=False train=1 test=1 (14.8s) 
  [allbg R=2 dense=True] seed 8: ok=False train=1 test=1 (18.9s) 
  [allbg R=2 dense=True] seed 9: ok=False train=1 test=1 (18.0s) 
  [allbg R=2 dense=True] seed 10: ok=False train=1 test=1 (19.2s) 
  [allbg R=2 dense=True] seed 11: ok=False train=1 test=1 (12.9s) 
allbg R 2 dense space 14089640214528 {'n': 12, 'train_success': 0, 'rate': 0.0, 'generalises': 0, 'median_test_err': 1.0, 'median_seconds': 18.44523444402148}
  [allbg R=2 dense=False] seed 0: ok=False train=1 test=1 (19.7s) 
  [allbg R=2 dense=False] seed 1: ok=False train=1 test=1 (27.1s) 
  [allbg R=2 dense=False] seed 2: ok=False train=1 test=1 (23.4s) 
  [allbg R=2 dense=False] seed 3: ok=False train=1 test=1 (12.2s) 
  [allbg R=2 dense=False] seed 4: ok=False train=1 test=1 (15.4s) 
  [allbg R=2 dense=False] seed 5: ok=False train=1 test=1 (7.1s) 
  [allbg R=2 dense=False] seed 6: ok=False train=1 test=1 (12.5s) 
  [allbg R=2 dense=False] seed 7: ok=False train=1 test=1 (11.0s) 
  [allbg R=2 dense=False] seed 8: ok=False train=1 test=1 (11.3s) 
  [allbg R=2 dense=False] seed 9: ok=False train=1 test=1 (26.4s) 
  [allbg R=2 dense=False] seed 10: ok=False train=1 test=1 (7.6s) 
  [allbg R=2 dense=False] seed 11: ok=False train=1 test=1 (10.3s) 
allbg R 2 output_only space 14089640214528 {'n': 12, 'train_success': 0, 'rate': 0.0, 'generalises': 0, 'median_test_err': 1.0, 'median_seconds': 12.343007519986713}
  [allbg R=3 dense=True] seed 0: ok=False train=1 test=1 (50.1s) 
  [allbg R=3 dense=True] seed 1: ok=False train=1 test=1 (72.7s) 
  [allbg R=3 dense=True] seed 2: ok=False train=1 test=1 (40.0s) 
  [allbg R=3 dense=True] seed 3: ok=False train=1 test=1 (50.4s) 
  [allbg R=3 dense=True] seed 4: ok=False train=1 test=1 (55.5s) 
  [allbg R=3 dense=True] seed 5: ok=False train=1 test=1 (43.8s) 
  [allbg R=3 dense=True] seed 6: ok=False train=1 test=1 (49.3s) 
  [allbg R=3 dense=True] seed 7: ok=False train=1 test=1 (55.1s) 
  [allbg R=3 dense=True] seed 8: ok=False train=1 test=1 (98.4s) 
  [allbg R=3 dense=True] seed 9: ok=False train=1 test=1 (104.1s) 
  [allbg R=3 dense=True] seed 10: ok=False train=1 test=1 (49.3s) 
  [allbg R=3 dense=True] seed 11: ok=False train=1 test=1 (67.6s) 
allbg R 3 dense space 1998009749592464871584909290679304192 {'n': 12, 'train_success': 0, 'rate': 0.0, 'generalises': 0, 'median_test_err': 1.0, 'median_seconds': 52.770123698486714}
  [allbg R=3 dense=False] seed 0: ok=False train=1 test=1 (61.0s) 
  [allbg R=3 dense=False] seed 1: ok=False train=1 test=1 (48.1s) 
  [allbg R=3 dense=False] seed 2: ok=False train=1 test=1 (25.1s) 
  [allbg R=3 dense=False] seed 3: ok=False train=1 test=1 (35.5s) 
  [allbg R=3 dense=False] seed 4: ok=False train=1 test=1 (44.2s) 
  [allbg R=3 dense=False] seed 5: ok=False train=1 test=1 (40.4s) 
  [allbg R=3 dense=False] seed 6: ok=False train=1 test=1 (52.8s) 
  [allbg R=3 dense=False] seed 7: ok=False train=1 test=1 (50.5s) 
  [allbg R=3 dense=False] seed 8: ok=False train=1 test=1 (40.9s) 
  [allbg R=3 dense=False] seed 9: ok=False train=1 test=1 (34.4s) 
  [allbg R=3 dense=False] seed 10: ok=False train=1 test=1 (50.1s) 
  [allbg R=3 dense=False] seed 11: ok=False train=1 test=1 (67.0s) 
allbg R 3 output_only space 1998009749592464871584909290679304192 {'n': 12, 'train_success': 0, 'rate': 0.0, 'generalises': 0, 'median_test_err': 1.0, 'median_seconds': 46.164793223520974}
wrote /home/brandonin/Documents/typed-crystallization-networks/research/perception-ladder/out/rung3_dense.json
