  [dense_freq+future_pinned_recurrence (829440)] seed 0: ok=False train=2.51e+03 test=125 (14.7s) 
  [dense_freq+future_pinned_recurrence (829440)] seed 1: ok=False train=inf test=inf (0.1s) ValueError('invalid relaxed sqrt domain')
  [dense_freq+future_pinned_recurrence (829440)] seed 2: ok=False train=241 test=3.15e+03 (14.1s) 
  [dense_freq+future_pinned_recurrence (829440)] seed 3: ok=False train=2.44 test=6.73 (10.6s) 
  [dense_freq+future_pinned_recurrence (829440)] seed 4: ok=False train=148 test=118 (7.4s) 
  [dense_freq+future_pinned_recurrence (829440)] seed 5: ok=False train=0.911 test=1.17 (4.6s) 
  [dense_freq+future_pinned_recurrence (829440)] seed 6: ok=False train=inf test=inf (0.0s) ValueError('invalid relaxed sqrt domain')
  [dense_freq+future_pinned_recurrence (829440)] seed 7: ok=False train=32.6 test=9.38 (2.5s) 
  [dense_freq+future_pinned_recurrence (829440)] seed 8: ok=False train=1.03 test=1.61 (13.1s) 
  [dense_freq+future_pinned_recurrence (829440)] seed 9: ok=False train=24 test=7.32 (10.0s) 
  [dense_freq+future_pinned_recurrence (829440)] seed 10: ok=False train=2.51e+03 test=107 (8.7s) 
  [dense_freq+future_pinned_recurrence (829440)] seed 11: ok=False train=inf test=inf (0.0s) ValueError('invalid relaxed sqrt domain')
dense_freq+future_pinned_recurrence space 829440 {'n': 12, 'train_success': 0, 'rate': 0.0, 'generalises': 0, 'median_test_err': 112.555419921875, 'median_seconds': 8.03547055949457}
  [dense_freq+future (13589544960)] seed 0: ok=False train=165 test=24.3 (9.3s) 
  [dense_freq+future (13589544960)] seed 1: ok=False train=inf test=inf (8.6s) ValueError('math domain error')
  [dense_freq+future (13589544960)] seed 2: ok=False train=1.6 test=1.35 (10.2s) 
  [dense_freq+future (13589544960)] seed 3: ok=False train=5.01 test=5.55 (6.2s) 
  [dense_freq+future (13589544960)] seed 4: ok=False train=5.05 test=15.7 (4.1s) 
  [dense_freq+future (13589544960)] seed 5: ok=False train=1.17 test=1.61 (13.0s) 
  [dense_freq+future (13589544960)] seed 6: ok=False train=inf test=inf (0.0s) ValueError('invalid relaxed sqrt domain')
  [dense_freq+future (13589544960)] seed 7: ok=False train=1.03 test=1.18 (11.4s) 
  [dense_freq+future (13589544960)] seed 8: ok=False train=1.21 test=1.34 (6.6s) 
  [dense_freq+future (13589544960)] seed 9: ok=False train=0.978 test=1.16 (4.7s) 
  [dense_freq+future (13589544960)] seed 10: ok=False train=4.99 test=4.92 (8.9s) 
  [dense_freq+future (13589544960)] seed 11: ok=False train=inf test=inf (0.0s) ValueError('invalid relaxed sqrt domain')
dense_freq+future space 13589544960 {'n': 12, 'train_success': 0, 'rate': 0.0, 'generalises': 0, 'median_test_err': 5.237392067909241, 'median_seconds': 7.585495779989287}
  [output_only_same_space_pinned_recurrence (829440)] seed 0: ok=False train=inf test=inf (0.3s) ValueError('invalid relaxed sqrt domain')
  [output_only_same_space_pinned_recurrence (829440)] seed 1: ok=False train=0.96 test=1.21 (6.1s) 
  [output_only_same_space_pinned_recurrence (829440)] seed 2: ok=False train=79.2 test=128 (7.1s) 
  [output_only_same_space_pinned_recurrence (829440)] seed 3: ok=False train=1.22 test=1.37 (3.5s) 
  [output_only_same_space_pinned_recurrence (829440)] seed 4: ok=False train=148 test=118 (6.1s) 
  [output_only_same_space_pinned_recurrence (829440)] seed 5: ok=False train=39.4 test=26.5 (2.4s) 
  [output_only_same_space_pinned_recurrence (829440)] seed 6: ok=False train=inf test=inf (0.0s) ValueError('invalid relaxed sqrt domain')
  [output_only_same_space_pinned_recurrence (829440)] seed 7: ok=False train=inf test=inf (0.1s) ValueError('invalid relaxed sqrt domain')
  [output_only_same_space_pinned_recurrence (829440)] seed 8: ok=False train=40.6 test=4.91 (3.3s) 
  [output_only_same_space_pinned_recurrence (829440)] seed 9: ok=False train=inf test=inf (0.1s) ValueError('invalid relaxed sqrt domain')
  [output_only_same_space_pinned_recurrence (829440)] seed 10: ok=False train=2.51e+03 test=107 (9.0s) 
  [output_only_same_space_pinned_recurrence (829440)] seed 11: ok=False train=inf test=inf (0.0s) ValueError('invalid relaxed sqrt domain')
output_only_same_space_pinned_recurrence space 829440 {'n': 12, 'train_success': 0, 'rate': 0.0, 'generalises': 0, 'median_test_err': 123.33537676930428, 'median_seconds': 2.8456655765185133}
  [output_only_same_space (13589544960)] seed 0: ok=False train=inf test=inf (0.1s) ValueError('invalid relaxed sqrt domain')
  [output_only_same_space (13589544960)] seed 1: ok=False train=2.59e+03 test=2.09e+03 (11.5s) 
  [output_only_same_space (13589544960)] seed 2: ok=False train=8.46 test=4.56 (7.3s) 
  [output_only_same_space (13589544960)] seed 3: ok=False train=4.68 test=5.2 (11.2s) 
  [output_only_same_space (13589544960)] seed 4: ok=False train=inf test=inf (0.1s) ValueError('invalid relaxed sqrt domain')
  [output_only_same_space (13589544960)] seed 5: ok=False train=20.4 test=7.69 (7.4s) 
  [output_only_same_space (13589544960)] seed 6: ok=False train=inf test=inf (0.0s) ValueError('invalid relaxed sqrt domain')
  [output_only_same_space (13589544960)] seed 7: ok=False train=256 test=113 (6.3s) 
  [output_only_same_space (13589544960)] seed 8: ok=False train=3.47 test=1.58 (3.8s) 
  [output_only_same_space (13589544960)] seed 9: ok=False train=inf test=inf (0.2s) ValueError('invalid relaxed sqrt domain')
  [output_only_same_space (13589544960)] seed 10: ok=False train=4.7 test=5 (4.8s) 
  [output_only_same_space (13589544960)] seed 11: ok=False train=inf test=inf (0.0s) ValueError('invalid relaxed sqrt domain')
output_only_same_space space 13589544960 {'n': 12, 'train_success': 0, 'rate': 0.0, 'generalises': 0, 'median_test_err': 1103.553961455822, 'median_seconds': 4.344872291490901}
  [output_only_no_branch_pinned_recurrence (2880)] seed 0: ok=False train=1.6 test=1.41 (3.4s) 
  [output_only_no_branch_pinned_recurrence (2880)] seed 1: ok=False train=0.96 test=1.21 (1.6s) 
  [output_only_no_branch_pinned_recurrence (2880)] seed 2: ok=False train=79.2 test=128 (2.7s) 
  [output_only_no_branch_pinned_recurrence (2880)] seed 3: ok=False train=1.22 test=1.37 (5.5s) 
  [output_only_no_branch_pinned_recurrence (2880)] seed 4: ok=False train=148 test=118 (5.4s) 
  [output_only_no_branch_pinned_recurrence (2880)] seed 5: ok=False train=39.4 test=26.5 (4.1s) 
  [output_only_no_branch_pinned_recurrence (2880)] seed 6: ok=False train=1.12 test=1.17 (3.8s) 
  [output_only_no_branch_pinned_recurrence (2880)] seed 7: ok=False train=5.82 test=2.51 (1.9s) 
  [output_only_no_branch_pinned_recurrence (2880)] seed 8: ok=False train=40.6 test=4.91 (4.5s) 
  [output_only_no_branch_pinned_recurrence (2880)] seed 9: ok=False train=77.6 test=1.02e+03 (3.6s) 
  [output_only_no_branch_pinned_recurrence (2880)] seed 10: ok=False train=2.51e+03 test=107 (2.9s) 
  [output_only_no_branch_pinned_recurrence (2880)] seed 11: ok=False train=2.94 test=1.75 (3.0s) 
output_only_no_branch_pinned_recurrence space 2880 {'n': 12, 'train_success': 0, 'rate': 0.0, 'generalises': 0, 'median_test_err': 3.709500402212143, 'median_seconds': 3.4862198885239195}
  [output_only_no_branch (47185920)] seed 0: ok=False train=5.21 test=5.21 (1.6s) 
  [output_only_no_branch (47185920)] seed 1: ok=False train=15.3 test=9.35 (2.1s) 
  [output_only_no_branch (47185920)] seed 2: ok=False train=3.26 test=2.64 (4.0s) 
  [output_only_no_branch (47185920)] seed 3: ok=False train=3.83 test=8.45 (1.4s) 
  [output_only_no_branch (47185920)] seed 4: ok=False train=3.45 test=3.76 (1.5s) 
  [output_only_no_branch (47185920)] seed 5: ok=False train=212 test=243 (2.2s) 
  [output_only_no_branch (47185920)] seed 6: ok=False train=3.98 test=2.26 (1.4s) 
  [output_only_no_branch (47185920)] seed 7: ok=False train=85.8 test=48.7 (1.4s) 
  [output_only_no_branch (47185920)] seed 8: ok=False train=1.58 test=1.73 (1.7s) 
  [output_only_no_branch (47185920)] seed 9: ok=False train=1.2 test=1.7 (1.5s) 
  [output_only_no_branch (47185920)] seed 10: ok=False train=5.54 test=5.96 (1.4s) 
  [output_only_no_branch (47185920)] seed 11: ok=False train=5.13 test=6.13 (1.4s) 
output_only_no_branch space 47185920 {'n': 12, 'train_success': 0, 'rate': 0.0, 'generalises': 0, 'median_test_err': 5.584232449531555, 'median_seconds': 1.5133732835238334}
wrote /home/brandonin/Documents/typed-crystallization-networks/research/perception-ladder/out/rung1_future.json
