arm1_none tight candidates (120, 120, 16) space 230400
arm4_wrong_authored tight candidates (336, 336, 24) space 2709504
arm3_authored tight candidates (336, 336, 24) space 2709504
arm2_syntactic tight candidates (336, 336, 24) space 2709504
arm2s_semantic tight candidates (336, 336, 24) space 2709504
arm2s_trace tight candidates (336, 336, 24) space 2709504
arm4b_wrong_mined tight candidates (336, 336, 24) space 2709504
arm4s_runnerup tight candidates (336, 336, 24) space 2709504
{"arm": "arm1_none", "certificate": "complete", "conforming": 0, "evaluated": 230400, "exhausted": true, "solved": false, "space_size": 230400, "wall_seconds": 4.65779594599735}
{"arm": "arm4_wrong_authored", "certificate": "complete", "conforming": 0, "evaluated": 2709504, "exhausted": true, "solved": false, "space_size": 2709504, "wall_seconds": 151.5815504519851}
{"arm": "arm3_authored", "certificate": "complete", "conforming": 144, "evaluated": 2709504, "exhausted": true, "solved": true, "space_size": 2709504, "wall_seconds": 176.50482948403805}
{"arm": "arm4s_runnerup", "certificate": "complete", "conforming": 0, "evaluated": 2709504, "exhausted": true, "solved": false, "space_size": 2709504, "wall_seconds": 178.23701278603403}
{"arm": "arm2_syntactic", "certificate": "complete", "conforming": 0, "evaluated": 2709504, "exhausted": true, "solved": false, "space_size": 2709504, "wall_seconds": 186.48721416899934}
{"arm": "arm4b_wrong_mined", "certificate": "complete", "conforming": 0, "evaluated": 2709504, "exhausted": true, "solved": false, "space_size": 2709504, "wall_seconds": 197.47289499198087}
{"arm": "arm2s_semantic", "certificate": "complete", "conforming": 144, "evaluated": 2709504, "exhausted": true, "solved": true, "space_size": 2709504, "wall_seconds": 276.7750527370372}
{"arm": "arm2s_trace", "certificate": "complete", "conforming": 144, "evaluated": 2709504, "exhausted": true, "solved": true, "space_size": 2709504, "wall_seconds": 277.5415081899846}
[
  {
    "arm": "arm1_none",
    "certificate": "complete",
    "conforming": 0,
    "evaluated": 230400,
    "exhausted": true,
    "space_size": 230400,
    "wall_seconds": 4.65779594599735
  },
  {
    "arm": "arm2_syntactic",
    "certificate": "complete",
    "conforming": 0,
    "evaluated": 2709504,
    "exhausted": true,
    "space_size": 2709504,
    "wall_seconds": 186.48721416899934
  },
  {
    "arm": "arm2s_semantic",
    "certificate": "complete",
    "conforming": 144,
    "evaluated": 2709504,
    "exhausted": true,
    "space_size": 2709504,
    "wall_seconds": 276.7750527370372
  },
  {
    "arm": "arm2s_trace",
    "certificate": "complete",
    "conforming": 144,
    "evaluated": 2709504,
    "exhausted": true,
    "space_size": 2709504,
    "wall_seconds": 277.5415081899846
  },
  {
    "arm": "arm3_authored",
    "certificate": "complete",
    "conforming": 144,
    "evaluated": 2709504,
    "exhausted": true,
    "space_size": 2709504,
    "wall_seconds": 176.50482948403805
  },
  {
    "arm": "arm4_wrong_authored",
    "certificate": "complete",
    "conforming": 0,
    "evaluated": 2709504,
    "exhausted": true,
    "space_size": 2709504,
    "wall_seconds": 151.5815504519851
  },
  {
    "arm": "arm4b_wrong_mined",
    "certificate": "complete",
    "conforming": 0,
    "evaluated": 2709504,
    "exhausted": true,
    "space_size": 2709504,
    "wall_seconds": 197.47289499198087
  },
  {
    "arm": "arm4s_runnerup",
    "certificate": "complete",
    "conforming": 0,
    "evaluated": 2709504,
    "exhausted": true,
    "space_size": 2709504,
    "wall_seconds": 178.23701278603403
  }
]
