arithmetic scaffold, after 0 training episodes:
  prediction  SNR=0.6163  ||mean g||=1.9350  mean||g||=3.1395  episodes/update for SNR~1: 2.6
  probe       SNR=0.0000  ||mean g||=0.0000  mean||g||=0.0000  episodes/update for SNR~1: None
  actor       SNR=0.2207  ||mean g||=0.2793  mean||g||=1.2658  episodes/update for SNR~1: 20.5
  value       SNR=0.8475  ||mean g||=4.2178  mean||g||=4.9766  episodes/update for SNR~1: 1.4
  entropy     SNR=0.7526  ||mean g||=0.0023  mean||g||=0.0030  episodes/update for SNR~1: 1.8
  mdl         SNR=0.0000  ||mean g||=0.0000  mean||g||=0.0000  episodes/update for SNR~1: None
  crystal     SNR=0.0000  ||mean g||=0.0000  mean||g||=0.0000  episodes/update for SNR~1: None
arithmetic scaffold, after 200 training episodes:
  prediction  SNR=0.2739  ||mean g||=0.4353  mean||g||=1.5892  episodes/update for SNR~1: 13.3
  probe       SNR=0.0000  ||mean g||=0.0000  mean||g||=0.0000  episodes/update for SNR~1: None
  actor       SNR=0.3585  ||mean g||=0.0589  mean||g||=0.1642  episodes/update for SNR~1: 7.8
  value       SNR=0.2299  ||mean g||=0.5688  mean||g||=2.4744  episodes/update for SNR~1: 18.9
  entropy     SNR=0.8571  ||mean g||=0.0027  mean||g||=0.0032  episodes/update for SNR~1: 1.4
  mdl         SNR=0.0000  ||mean g||=0.0000  mean||g||=0.0000  episodes/update for SNR~1: None
  crystal     SNR=1.0000  ||mean g||=0.0007  mean||g||=0.0007  episodes/update for SNR~1: 1.0
examples/joint.py typed logic scaffold, after 0 training episodes:
  prediction  SNR=0.3899  ||mean g||=0.0339  mean||g||=0.0868  episodes/update for SNR~1: 6.6
  probe       SNR=0.3899  ||mean g||=0.0339  mean||g||=0.0868  episodes/update for SNR~1: 6.6
  actor       SNR=0.2379  ||mean g||=0.0969  mean||g||=0.4071  episodes/update for SNR~1: 17.7
  value       SNR=0.2779  ||mean g||=0.1627  mean||g||=0.5854  episodes/update for SNR~1: 13.0
  entropy     SNR=0.1394  ||mean g||=0.0001  mean||g||=0.0006  episodes/update for SNR~1: 51.5
  mdl         SNR=0.0000  ||mean g||=0.0000  mean||g||=0.0000  episodes/update for SNR~1: None
  crystal     SNR=1.0000  ||mean g||=0.0006  mean||g||=0.0006  episodes/update for SNR~1: 1.0
examples/joint.py typed logic scaffold, after 40 training episodes:
  prediction  SNR=0.4850  ||mean g||=0.0362  mean||g||=0.0746  episodes/update for SNR~1: 4.3
  probe       SNR=0.4850  ||mean g||=0.0362  mean||g||=0.0746  episodes/update for SNR~1: 4.3
  actor       SNR=0.0437  ||mean g||=0.0133  mean||g||=0.3041  episodes/update for SNR~1: 524.2
  value       SNR=0.0532  ||mean g||=0.0402  mean||g||=0.7562  episodes/update for SNR~1: 353.5
  entropy     SNR=0.9853  ||mean g||=0.0034  mean||g||=0.0034  episodes/update for SNR~1: 1.0
  mdl         SNR=0.0000  ||mean g||=0.0000  mean||g||=0.0000  episodes/update for SNR~1: None
  crystal     SNR=1.0000  ||mean g||=0.0007  mean||g||=0.0007  episodes/update for SNR~1: 1.0
