lookup_nonaffine seed 0: train_tables_nonaffine=3.250  heldout_tables_affine=3.438
lookup_nonaffine seed 1: train_tables_nonaffine=3.438  heldout_tables_affine=3.500
lookup_nonaffine seed 2: train_tables_nonaffine=4.000  heldout_tables_affine=4.000
lookup_nonaffine seed 3: train_tables_nonaffine=4.000  heldout_tables_affine=4.000
lookup_nonaffine seed 4: train_tables_nonaffine=4.000  heldout_tables_affine=4.000
lookup_nonaffine seed 5: train_tables_nonaffine=4.000  heldout_tables_affine=4.000
lookup_nonaffine seed 6: train_tables_nonaffine=3.500  heldout_tables_affine=3.438
lookup_nonaffine seed 7: train_tables_nonaffine=4.000  heldout_tables_affine=4.000
{
  "train_tables_nonaffine": {
    "mean": 3.7734375,
    "sd": 0.32032611033802055,
    "sem": 0.11325238240556228,
    "n": 8,
    "min": 3.25,
    "max": 4.0
  },
  "heldout_tables_affine": {
    "mean": 3.796875,
    "sd": 0.28100187467600385,
    "sem": 0.09934916555476735,
    "n": 8,
    "min": 3.4375,
    "max": 4.0
  }
}
