lookup_wired_affine seed 0: train_tables_affine_wired=3.562  heldout_tables_nonaffine_wired=3.750
lookup_wired_affine seed 1: train_tables_affine_wired=2.750  heldout_tables_nonaffine_wired=2.438
lookup_wired_affine seed 2: train_tables_affine_wired=3.375  heldout_tables_nonaffine_wired=3.688
lookup_wired_affine seed 3: train_tables_affine_wired=3.500  heldout_tables_nonaffine_wired=3.938
lookup_wired_affine seed 4: train_tables_affine_wired=3.688  heldout_tables_nonaffine_wired=3.500
lookup_wired_affine seed 5: train_tables_affine_wired=3.250  heldout_tables_nonaffine_wired=3.188
lookup_wired_affine seed 6: train_tables_affine_wired=3.438  heldout_tables_nonaffine_wired=3.062
lookup_wired_affine seed 7: train_tables_affine_wired=3.250  heldout_tables_nonaffine_wired=3.188
{
  "train_tables_affine_wired": {
    "mean": 3.3515625,
    "sd": 0.28531291562323036,
    "sem": 0.10087334869864571,
    "n": 8,
    "min": 2.75,
    "max": 3.6875
  },
  "heldout_tables_nonaffine_wired": {
    "mean": 3.34375,
    "sd": 0.479490056503484,
    "sem": 0.16952533523256716,
    "n": 8,
    "min": 2.4375,
    "max": 3.9375
  }
}
