record_fixed_xor seed 0: fixed_xor=4.000  fixed_xor_16=4.000
record_fixed_xor seed 1: fixed_xor=4.000  fixed_xor_16=4.000
record_fixed_xor seed 2: fixed_xor=4.000  fixed_xor_16=4.000
record_fixed_xor seed 3: fixed_xor=4.000  fixed_xor_16=4.000
record_fixed_xor seed 4: fixed_xor=4.000  fixed_xor_16=4.000
record_fixed_xor seed 5: fixed_xor=4.000  fixed_xor_16=4.000
record_fixed_xor seed 6: fixed_xor=4.000  fixed_xor_16=4.000
record_fixed_xor seed 7: fixed_xor=4.000  fixed_xor_16=4.000
{
  "fixed_xor": {
    "mean": 4.0,
    "sd": 0.0,
    "sem": 0.0,
    "n": 8,
    "min": 4.0,
    "max": 4.0
  },
  "fixed_xor_16": {
    "mean": 4.0,
    "sd": 0.0,
    "sem": 0.0,
    "n": 8,
    "min": 4.0,
    "max": 4.0
  }
}
