record_multitable_affine seed 0: train_tables_affine=2.125  heldout_tables_nonaffine=2.250
record_multitable_affine seed 1: train_tables_affine=2.250  heldout_tables_nonaffine=2.188
record_multitable_affine seed 2: train_tables_affine=2.125  heldout_tables_nonaffine=2.438
record_multitable_affine seed 3: train_tables_affine=2.250  heldout_tables_nonaffine=1.938
record_multitable_affine seed 4: train_tables_affine=2.188  heldout_tables_nonaffine=1.875
record_multitable_affine seed 5: train_tables_affine=2.250  heldout_tables_nonaffine=2.125
record_multitable_affine seed 6: train_tables_affine=1.688  heldout_tables_nonaffine=2.000
record_multitable_affine seed 7: train_tables_affine=2.125  heldout_tables_nonaffine=1.875
{
  "train_tables_affine": {
    "mean": 2.125,
    "sd": 0.18600595228571123,
    "sem": 0.0657630351011439,
    "n": 8,
    "min": 1.6875,
    "max": 2.25
  },
  "heldout_tables_nonaffine": {
    "mean": 2.0859375,
    "sd": 0.20027185764426741,
    "sem": 0.0708067943105442,
    "n": 8,
    "min": 1.875,
    "max": 2.4375
  }
}
