record_depth12 seed 0: depth_1=1.812  depth_2=2.188  depth_3=2.125  depth_4=1.750
record_depth12 seed 1: depth_1=2.500  depth_2=1.875  depth_3=2.250  depth_4=2.125
record_depth12 seed 2: depth_1=1.750  depth_2=1.875  depth_3=2.188  depth_4=2.062
record_depth12 seed 3: depth_1=1.750  depth_2=2.000  depth_3=2.250  depth_4=1.875
record_depth12 seed 4: depth_1=2.000  depth_2=2.062  depth_3=2.562  depth_4=2.375
record_depth12 seed 5: depth_1=1.875  depth_2=1.625  depth_3=2.062  depth_4=1.938
record_depth12 seed 6: depth_1=1.750  depth_2=2.312  depth_3=1.938  depth_4=1.750
record_depth12 seed 7: depth_1=2.438  depth_2=2.062  depth_3=1.938  depth_4=2.188
{
  "depth_1": {
    "mean": 1.984375,
    "sd": 0.311157832021904,
    "sem": 0.11001090652099649,
    "n": 8,
    "min": 1.75,
    "max": 2.5
  },
  "depth_2": {
    "mean": 2.0,
    "sd": 0.21128856368212914,
    "sem": 0.0747017880833996,
    "n": 8,
    "min": 1.625,
    "max": 2.3125
  },
  "depth_3": {
    "mean": 2.1640625,
    "sd": 0.20303913020119335,
    "sem": 0.07178517290574107,
    "n": 8,
    "min": 1.9375,
    "max": 2.5625
  },
  "depth_4": {
    "mean": 2.0078125,
    "sd": 0.22018027313674454,
    "sem": 0.07784548210924915,
    "n": 8,
    "min": 1.75,
    "max": 2.375
  }
}
