C-trace   arm1_none              L1_w4_bdae_xor_c   space    10200 evaluated    10200 conforming     0 exhausted True complete
C-trace   arm1_none              H_par5             space    10200 evaluated    10200 conforming     0 exhausted True complete
C-trace   arm1_none              H_x4               space    10200 evaluated    10200 conforming     0 exhausted True complete
C-trace   arm2_syntactic         L1_w4_bdae_xor_c   space    70560 evaluated    70560 conforming     0 exhausted True complete
C-trace   arm2_syntactic         H_par5             space    70560 evaluated    70560 conforming     0 exhausted True complete
C-trace   arm2_syntactic         H_x4               space    70560 evaluated    70560 conforming     0 exhausted True complete
C-trace   arm2s_semantic         L1_w4_bdae_xor_c   space  1005360 evaluated  1005360 conforming    48 exhausted True complete
C-trace   arm2s_semantic         H_par5             space  1005360 evaluated  1005360 conforming     0 exhausted True complete
C-trace   arm2s_semantic         H_x4               space  1005360 evaluated  1005360 conforming     0 exhausted True complete
C-trace   arm3_authored          L1_w4_bdae_xor_c   space  1005360 evaluated  1005360 conforming    48 exhausted True complete
C-trace   arm3_authored          H_par5             space  1005360 evaluated  1005360 conforming     0 exhausted True complete
C-trace   arm3_authored          H_x4               space  1005360 evaluated  1005360 conforming     0 exhausted True complete
C-trace   arm4_wrong_authored    L1_w4_bdae_xor_c   space  1005360 evaluated  1005360 conforming     0 exhausted True complete
C-trace   arm4_wrong_authored    H_par5             space  1005360 evaluated  1005360 conforming     0 exhausted True complete
C-trace   arm4_wrong_authored    H_x4               space  1005360 evaluated  1005360 conforming    40 exhausted True complete
C-trace   arm4b_wrong_mined      L1_w4_bdae_xor_c   space  1005360 evaluated  1005360 conforming     0 exhausted True complete
C-trace   arm4b_wrong_mined      H_par5             space  1005360 evaluated  1005360 conforming     0 exhausted True complete
C-trace   arm4b_wrong_mined      H_x4               space  1005360 evaluated  1005360 conforming     0 exhausted True complete
C-trace   arm4s_runnerup         L1_w4_bdae_xor_c   space  1005360 evaluated  1005360 conforming     0 exhausted True complete
C-trace   arm4s_runnerup         H_par5             space  1005360 evaluated  1005360 conforming     0 exhausted True complete
C-trace   arm4s_runnerup         H_x4               space  1005360 evaluated  1005360 conforming     0 exhausted True complete
C-trace   arm4s_matched          L1_w4_bdae_xor_c   space  1005360 evaluated  1005360 conforming     0 exhausted True complete
C-trace   arm4s_matched          H_par5             space  1005360 evaluated  1005360 conforming     0 exhausted True complete
C-trace   arm4s_matched          H_x4               space  1005360 evaluated  1005360 conforming     0 exhausted True complete
C-trace   arm4s_offfamily        L1_w4_bdae_xor_c   space  1005360 evaluated  1005360 conforming     0 exhausted True complete
C-trace   arm4s_offfamily        H_par5             space  1005360 evaluated  1005360 conforming     0 exhausted True complete
C-trace   arm4s_offfamily        H_x4               space  1005360 evaluated  1005360 conforming    40 exhausted True complete
C-minall  arm1_none              L1_w4_bdae_xor_c   space    10200 evaluated    10200 conforming     0 exhausted True complete
C-minall  arm1_none              H_par5             space    10200 evaluated    10200 conforming     0 exhausted True complete
C-minall  arm1_none              H_x4               space    10200 evaluated    10200 conforming     0 exhausted True complete
C-minall  arm2_syntactic         L1_w4_bdae_xor_c   space  1005360 evaluated  1005360 conforming    48 exhausted True complete
C-minall  arm2_syntactic         H_par5             space  1005360 evaluated  1005360 conforming     0 exhausted True complete
C-minall  arm2_syntactic         H_x4               space  1005360 evaluated  1005360 conforming     0 exhausted True complete
C-minall  arm2s_semantic         L1_w4_bdae_xor_c   space    70560 evaluated    70560 conforming     0 exhausted True complete
C-minall  arm2s_semantic         H_par5             space    70560 evaluated    70560 conforming     0 exhausted True complete
C-minall  arm2s_semantic         H_x4               space    70560 evaluated    70560 conforming     0 exhausted True complete
C-minall  arm3_authored          L1_w4_bdae_xor_c   space  1005360 evaluated  1005360 conforming    48 exhausted True complete
C-minall  arm3_authored          H_par5             space  1005360 evaluated  1005360 conforming     0 exhausted True complete
C-minall  arm3_authored          H_x4               space  1005360 evaluated  1005360 conforming     0 exhausted True complete
C-minall  arm4_wrong_authored    L1_w4_bdae_xor_c   space  1005360 evaluated  1005360 conforming     0 exhausted True complete
C-minall  arm4_wrong_authored    H_par5             space  1005360 evaluated  1005360 conforming     0 exhausted True complete
C-minall  arm4_wrong_authored    H_x4               space  1005360 evaluated  1005360 conforming    40 exhausted True complete
C-minall  arm4b_wrong_mined      L1_w4_bdae_xor_c   space  1005360 evaluated  1005360 conforming     0 exhausted True complete
C-minall  arm4b_wrong_mined      H_par5             space  1005360 evaluated  1005360 conforming     0 exhausted True complete
C-minall  arm4b_wrong_mined      H_x4               space  1005360 evaluated  1005360 conforming     0 exhausted True complete
C-minall  arm4s_runnerup         L1_w4_bdae_xor_c   space  1005360 evaluated  1005360 conforming     0 exhausted True complete
C-minall  arm4s_runnerup         H_par5             space  1005360 evaluated  1005360 conforming     0 exhausted True complete
C-minall  arm4s_runnerup         H_x4               space  1005360 evaluated  1005360 conforming     0 exhausted True complete
C-minall  arm4s_matched          L1_w4_bdae_xor_c   space  1005360 evaluated  1005360 conforming     0 exhausted True complete
C-minall  arm4s_matched          H_par5             space  1005360 evaluated  1005360 conforming     0 exhausted True complete
C-minall  arm4s_matched          H_x4               space  1005360 evaluated  1005360 conforming     0 exhausted True complete
C-minall  arm4s_offfamily        L1_w4_bdae_xor_c   space  1005360 evaluated  1005360 conforming     0 exhausted True complete
C-minall  arm4s_offfamily        H_par5             space  1005360 evaluated  1005360 conforming   360 exhausted True complete
C-minall  arm4s_offfamily        H_x4               space  1005360 evaluated  1005360 conforming   104 exhausted True complete
