w=0 seed=0 first=170 at-first live=5 final live=5 cost=5.0 bits=12088
w=0 seed=1 first=160 at-first live=5 final live=5 cost=5.0 bits=12088
w=0 seed=2 first=None at-first live=- final live=5 cost=5.0 bits=12104
w=0 seed=3 first=120 at-first live=5 final live=5 cost=5.0 bits=12088
w=0 seed=4 first=70 at-first live=4 final live=4 cost=4.0 bits=10056
w=0 seed=5 first=None at-first live=- final live=5 cost=5.0 bits=12104
w=0 seed=6 first=None at-first live=- final live=4 cost=4.0 bits=10072
w=0 seed=7 first=100 at-first live=5 final live=5 cost=5.0 bits=12096
w=0 seed=8 first=None at-first live=- final live=5 cost=5.0 bits=12096
w=0 seed=9 first=None at-first live=- final live=5 cost=5.0 bits=12096
w=0 seed=10 first=None at-first live=- final live=3 cost=3.0 bits=8032
w=0 seed=11 first=None at-first live=- final live=5 cost=5.0 bits=12096
w=1e-06 seed=0 first=None at-first live=- final live=4 cost=4.0 bits=10064
w=1e-06 seed=1 first=None at-first live=- final live=3 cost=3.0 bits=8032
w=1e-06 seed=2 first=None at-first live=- final live=4 cost=4.0 bits=10064
w=1e-06 seed=3 first=110 at-first live=5 final live=5 cost=5.0 bits=12088
w=1e-06 seed=4 first=70 at-first live=4 final live=4 cost=4.0 bits=10056
w=1e-06 seed=5 first=None at-first live=- final live=5 cost=5.0 bits=12096
w=1e-06 seed=6 first=None at-first live=- final live=4 cost=4.0 bits=10072
w=1e-06 seed=7 first=None at-first live=- final live=5 cost=5.0 bits=12096
w=1e-06 seed=8 first=130 at-first live=5 final live=5 cost=5.0 bits=12088
w=1e-06 seed=9 first=None at-first live=- final live=5 cost=5.0 bits=12096
w=1e-06 seed=10 first=None at-first live=- final live=3 cost=3.0 bits=8032
w=1e-06 seed=11 first=None at-first live=- final live=5 cost=5.0 bits=12096
w=1e-05 seed=0 first=290 at-first live=5 final live=4 cost=4.0 bits=10056
w=1e-05 seed=1 first=None at-first live=- final live=2 cost=2.0 bits=6000
w=1e-05 seed=2 first=None at-first live=- final live=4 cost=4.0 bits=10064
w=1e-05 seed=3 first=None at-first live=- final live=4 cost=4.0 bits=10072
w=1e-05 seed=4 first=110 at-first live=4 final live=4 cost=4.0 bits=10056
w=1e-05 seed=5 first=None at-first live=- final live=3 cost=3.0 bits=8040
w=1e-05 seed=6 first=None at-first live=- final live=4 cost=4.0 bits=10072
w=1e-05 seed=7 first=None at-first live=- final live=4 cost=4.0 bits=10072
w=1e-05 seed=8 first=None at-first live=- final live=3 cost=3.0 bits=8032
w=1e-05 seed=9 first=None at-first live=- final live=3 cost=3.0 bits=8040
w=1e-05 seed=10 first=None at-first live=- final live=4 cost=4.0 bits=10072
w=1e-05 seed=11 first=None at-first live=- final live=4 cost=4.0 bits=10064
w=0.0001 seed=0 first=None at-first live=- final live=1 cost=1.0 bits=3832
w=0.0001 seed=1 first=None at-first live=- final live=1 cost=1.0 bits=3832
w=0.0001 seed=2 first=None at-first live=- final live=1 cost=1.0 bits=3832
w=0.0001 seed=3 first=None at-first live=- final live=1 cost=1.0 bits=3832
w=0.0001 seed=4 first=None at-first live=- final live=1 cost=1.0 bits=3832
w=0.0001 seed=5 first=None at-first live=- final live=1 cost=1.0 bits=3832
w=0.0001 seed=6 first=None at-first live=- final live=1 cost=1.0 bits=3832
w=0.0001 seed=7 first=None at-first live=- final live=1 cost=1.0 bits=3832
w=0.0001 seed=8 first=None at-first live=- final live=1 cost=1.0 bits=3832
w=0.0001 seed=9 first=None at-first live=- final live=1 cost=1.0 bits=3832
w=0.0001 seed=10 first=None at-first live=- final live=1 cost=1.0 bits=3832
w=0.0001 seed=11 first=None at-first live=- final live=1 cost=1.0 bits=3832
0.0 {'acquired_ever': 5, 'exact_at_end': 4, 'of': 12, 'median_first_step': 140.0, 'median_live_at_first': 5.0, 'median_live_at_end': 5.0, 'minimal_at_end': 1, 'median_cost_at_end': 5.0, 'median_bits_at_end': 12088.0}
1e-06 {'acquired_ever': 3, 'exact_at_end': 3, 'of': 12, 'median_first_step': 110, 'median_live_at_first': 5, 'median_live_at_end': 5, 'minimal_at_end': 1, 'median_cost_at_end': 5.0, 'median_bits_at_end': 12088}
1e-05 {'acquired_ever': 2, 'exact_at_end': 2, 'of': 12, 'median_first_step': 200.0, 'median_live_at_first': 4.5, 'median_live_at_end': 4.0, 'minimal_at_end': 2, 'median_cost_at_end': 4.0, 'median_bits_at_end': 10056.0}
0.0001 {'acquired_ever': 0, 'exact_at_end': 0, 'of': 12, 'median_first_step': None, 'median_live_at_first': None, 'median_live_at_end': None, 'minimal_at_end': 0, 'median_cost_at_end': None, 'median_bits_at_end': None}
