tight B w=0 seed=0 conformant=False step=None live=- calls=- bits=- 0.08s/step
tight B w=0 seed=1 conformant=True step=110 live=3 calls=2 bits=19496 0.08s/step
tight B w=0 seed=2 conformant=False step=None live=- calls=- bits=- 0.08s/step
tight B w=0 seed=3 conformant=True step=30 live=3 calls=2 bits=19496 0.07s/step
tight B w=0 seed=4 conformant=True step=20 live=3 calls=2 bits=19496 0.08s/step
tight B w=0 seed=5 conformant=True step=90 live=3 calls=2 bits=19496 0.08s/step
tight B w=0 seed=6 conformant=True step=130 live=3 calls=2 bits=19496 0.08s/step
tight B w=0 seed=7 conformant=True step=80 live=3 calls=2 bits=19496 0.08s/step
tight B w=0 seed=8 conformant=True step=40 live=3 calls=2 bits=19496 0.08s/step
tight B w=0 seed=9 conformant=True step=60 live=3 calls=2 bits=19496 0.08s/step
tight B w=0 seed=10 conformant=True step=50 live=3 calls=2 bits=19496 0.08s/step
tight B w=0 seed=11 conformant=True step=40 live=3 calls=2 bits=19496 0.08s/step
tight B w=0 seed=12 conformant=False step=None live=- calls=- bits=- 0.08s/step
tight B w=0 seed=13 conformant=True step=110 live=3 calls=2 bits=19496 0.08s/step
tight B w=0 seed=14 conformant=False step=None live=- calls=- bits=- 0.08s/step
tight B w=0 seed=15 conformant=True step=180 live=3 calls=2 bits=19496 0.08s/step
tight B w=0 seed=16 conformant=True step=280 live=3 calls=2 bits=19496 0.08s/step
tight B w=0 seed=17 conformant=True step=60 live=3 calls=2 bits=19496 0.08s/step
tight B w=0 seed=18 conformant=True step=40 live=3 calls=2 bits=19496 0.08s/step
tight B w=0 seed=19 conformant=True step=30 live=3 calls=2 bits=19496 0.08s/step
tight B w=0 seed=20 conformant=False step=None live=- calls=- bits=- 0.08s/step
tight B w=0 seed=21 conformant=True step=30 live=3 calls=2 bits=19496 0.08s/step
tight B w=0 seed=22 conformant=True step=30 live=3 calls=2 bits=19496 0.08s/step
tight B w=0 seed=23 conformant=True step=30 live=3 calls=2 bits=19496 0.08s/step
tight B w=1e-06 seed=0 conformant=False step=None live=- calls=- bits=- 0.08s/step
tight B w=1e-06 seed=1 conformant=False step=None live=- calls=- bits=- 0.09s/step
tight B w=1e-06 seed=2 conformant=False step=None live=- calls=- bits=- 0.09s/step
tight B w=1e-06 seed=3 conformant=True step=40 live=3 calls=2 bits=19496 0.09s/step
tight B w=1e-06 seed=4 conformant=True step=30 live=3 calls=2 bits=19496 0.08s/step
tight B w=1e-06 seed=5 conformant=False step=None live=- calls=- bits=- 0.09s/step
tight B w=1e-06 seed=6 conformant=False step=None live=- calls=- bits=- 0.09s/step
tight B w=1e-06 seed=7 conformant=True step=90 live=3 calls=2 bits=19496 0.08s/step
tight B w=1e-06 seed=8 conformant=True step=40 live=3 calls=2 bits=19496 0.08s/step
tight B w=1e-06 seed=9 conformant=True step=60 live=3 calls=2 bits=19496 0.08s/step
tight B w=1e-06 seed=10 conformant=True step=50 live=3 calls=2 bits=19496 0.08s/step
tight B w=1e-06 seed=11 conformant=True step=40 live=3 calls=2 bits=19496 0.08s/step
tight B w=1e-06 seed=12 conformant=False step=None live=- calls=- bits=- 0.08s/step
tight B w=1e-06 seed=13 conformant=False step=None live=- calls=- bits=- 0.08s/step
tight B w=1e-06 seed=14 conformant=False step=None live=- calls=- bits=- 0.08s/step
tight B w=1e-06 seed=15 conformant=False step=None live=- calls=- bits=- 0.08s/step
tight B w=1e-06 seed=16 conformant=False step=None live=- calls=- bits=- 0.08s/step
tight B w=1e-06 seed=17 conformant=True step=70 live=3 calls=2 bits=19496 0.10s/step
tight B w=1e-06 seed=18 conformant=True step=40 live=3 calls=2 bits=19496 0.08s/step
tight B w=1e-06 seed=19 conformant=True step=30 live=3 calls=2 bits=19496 0.08s/step
tight B w=1e-06 seed=20 conformant=False step=None live=- calls=- bits=- 0.08s/step
tight B w=1e-06 seed=21 conformant=True step=30 live=3 calls=2 bits=19496 0.08s/step
tight B w=1e-06 seed=22 conformant=True step=30 live=3 calls=2 bits=19496 0.08s/step
tight B w=1e-06 seed=23 conformant=True step=30 live=3 calls=2 bits=19496 0.08s/step
tight B w=1e-05 seed=0 conformant=False step=None live=- calls=- bits=- 0.08s/step
tight B w=1e-05 seed=1 conformant=False step=None live=- calls=- bits=- 0.08s/step
tight B w=1e-05 seed=2 conformant=False step=None live=- calls=- bits=- 0.08s/step
tight B w=1e-05 seed=3 conformant=False step=None live=- calls=- bits=- 0.08s/step
tight B w=1e-05 seed=4 conformant=True step=40 live=3 calls=2 bits=19496 0.08s/step
tight B w=1e-05 seed=5 conformant=False step=None live=- calls=- bits=- 0.08s/step
tight B w=1e-05 seed=6 conformant=False step=None live=- calls=- bits=- 0.08s/step
tight B w=1e-05 seed=7 conformant=False step=None live=- calls=- bits=- 0.08s/step
tight B w=1e-05 seed=8 conformant=False step=None live=- calls=- bits=- 0.08s/step
tight B w=1e-05 seed=9 conformant=False step=None live=- calls=- bits=- 0.07s/step
tight B w=1e-05 seed=10 conformant=False step=None live=- calls=- bits=- 0.07s/step
tight B w=1e-05 seed=11 conformant=False step=None live=- calls=- bits=- 0.07s/step
tight B w=1e-05 seed=12 conformant=False step=None live=- calls=- bits=- 0.07s/step
tight B w=1e-05 seed=13 conformant=False step=None live=- calls=- bits=- 0.07s/step
tight B w=1e-05 seed=14 conformant=False step=None live=- calls=- bits=- 0.10s/step
tight B w=1e-05 seed=15 conformant=False step=None live=- calls=- bits=- 0.10s/step
tight B w=1e-05 seed=16 conformant=False step=None live=- calls=- bits=- 0.14s/step
tight B w=1e-05 seed=17 conformant=False step=None live=- calls=- bits=- 0.13s/step
tight B w=1e-05 seed=18 conformant=False step=None live=- calls=- bits=- 0.14s/step
tight B w=1e-05 seed=19 conformant=False step=None live=- calls=- bits=- 0.10s/step
tight B w=1e-05 seed=20 conformant=False step=None live=- calls=- bits=- 0.19s/step
tight B w=1e-05 seed=21 conformant=True step=50 live=3 calls=2 bits=19496 0.22s/step
tight B w=1e-05 seed=22 conformant=False step=None live=- calls=- bits=- 0.11s/step
tight B w=1e-05 seed=23 conformant=False step=None live=- calls=- bits=- 0.10s/step
tight B w=0.0001 seed=0 conformant=False step=None live=- calls=- bits=- 0.13s/step
tight B w=0.0001 seed=1 conformant=False step=None live=- calls=- bits=- 0.12s/step
tight B w=0.0001 seed=2 conformant=False step=None live=- calls=- bits=- 0.17s/step
tight B w=0.0001 seed=3 conformant=False step=None live=- calls=- bits=- 0.15s/step
tight B w=0.0001 seed=4 conformant=False step=None live=- calls=- bits=- 0.10s/step
tight B w=0.0001 seed=5 conformant=False step=None live=- calls=- bits=- 0.14s/step
tight B w=0.0001 seed=6 conformant=False step=None live=- calls=- bits=- 0.12s/step
tight B w=0.0001 seed=7 conformant=False step=None live=- calls=- bits=- 0.08s/step
tight B w=0.0001 seed=8 conformant=False step=None live=- calls=- bits=- 0.08s/step
tight B w=0.0001 seed=9 conformant=False step=None live=- calls=- bits=- 0.08s/step
tight B w=0.0001 seed=10 conformant=False step=None live=- calls=- bits=- 0.07s/step
tight B w=0.0001 seed=11 conformant=False step=None live=- calls=- bits=- 0.07s/step
tight B w=0.0001 seed=12 conformant=False step=None live=- calls=- bits=- 0.07s/step
tight B w=0.0001 seed=13 conformant=False step=None live=- calls=- bits=- 0.07s/step
tight B w=0.0001 seed=14 conformant=False step=None live=- calls=- bits=- 0.07s/step
tight B w=0.0001 seed=15 conformant=False step=None live=- calls=- bits=- 0.07s/step
tight B w=0.0001 seed=16 conformant=False step=None live=- calls=- bits=- 0.08s/step
tight B w=0.0001 seed=17 conformant=False step=None live=- calls=- bits=- 0.08s/step
tight B w=0.0001 seed=18 conformant=False step=None live=- calls=- bits=- 0.08s/step
tight B w=0.0001 seed=19 conformant=False step=None live=- calls=- bits=- 0.08s/step
tight B w=0.0001 seed=20 conformant=False step=None live=- calls=- bits=- 0.08s/step
tight B w=0.0001 seed=21 conformant=False step=None live=- calls=- bits=- 0.08s/step
tight B w=0.0001 seed=22 conformant=False step=None live=- calls=- bits=- 0.07s/step
tight B w=0.0001 seed=23 conformant=False step=None live=- calls=- bits=- 0.07s/step
tight B w=0.001 seed=0 conformant=False step=None live=- calls=- bits=- 0.08s/step
tight B w=0.001 seed=1 conformant=False step=None live=- calls=- bits=- 0.08s/step
tight B w=0.001 seed=2 conformant=False step=None live=- calls=- bits=- 0.07s/step
tight B w=0.001 seed=3 conformant=False step=None live=- calls=- bits=- 0.07s/step
tight B w=0.001 seed=4 conformant=False step=None live=- calls=- bits=- 0.07s/step
tight B w=0.001 seed=5 conformant=False step=None live=- calls=- bits=- 0.07s/step
tight B w=0.001 seed=6 conformant=False step=None live=- calls=- bits=- 0.07s/step
tight B w=0.001 seed=7 conformant=False step=None live=- calls=- bits=- 0.08s/step
tight B w=0.001 seed=8 conformant=False step=None live=- calls=- bits=- 0.08s/step
tight B w=0.001 seed=9 conformant=False step=None live=- calls=- bits=- 0.07s/step
tight B w=0.001 seed=10 conformant=False step=None live=- calls=- bits=- 0.07s/step
tight B w=0.001 seed=11 conformant=False step=None live=- calls=- bits=- 0.07s/step
tight B w=0.001 seed=12 conformant=False step=None live=- calls=- bits=- 0.07s/step
tight B w=0.001 seed=13 conformant=False step=None live=- calls=- bits=- 0.08s/step
tight B w=0.001 seed=14 conformant=False step=None live=- calls=- bits=- 0.07s/step
tight B w=0.001 seed=15 conformant=False step=None live=- calls=- bits=- 0.07s/step
tight B w=0.001 seed=16 conformant=False step=None live=- calls=- bits=- 0.07s/step
tight B w=0.001 seed=17 conformant=False step=None live=- calls=- bits=- 0.08s/step
tight B w=0.001 seed=18 conformant=False step=None live=- calls=- bits=- 0.07s/step
tight B w=0.001 seed=19 conformant=False step=None live=- calls=- bits=- 0.07s/step
tight B w=0.001 seed=20 conformant=False step=None live=- calls=- bits=- 0.07s/step
tight B w=0.001 seed=21 conformant=False step=None live=- calls=- bits=- 0.07s/step
tight B w=0.001 seed=22 conformant=False step=None live=- calls=- bits=- 0.07s/step
tight B w=0.001 seed=23 conformant=False step=None live=- calls=- bits=- 0.07s/step
== w=0: 19/24 conformant, median live=3, median calls=2, median bits=19496, median step=50
== w=1e-06: 13/24 conformant, median live=3, median calls=2, median bits=19496, median step=40
== w=1e-05: 2/24 conformant, median live=3.0, median calls=2.0, median bits=19496.0, median step=45.0
== w=0.0001: 0/24 conformant
== w=0.001: 0/24 conformant
