{
  "episodes": 160,
  "initial_prediction_loss": 0.248835613951087,
  "final_prediction_loss": 0.0022308224288281053,
  "evaluation_mean_return": 4.0,
  "maximum_return": 4,
  "evaluations": [
    {
      "episode": 10000,
      "return": 4.0,
      "prediction_loss": 0.0012288016732782125,
      "probe_loss": 0.0012288016732782125,
      "policy_loss": 0.03367333859205246,
      "value_loss": 1.081193447113037,
      "loss": 0.5737634897232056,
      "goal": {
        "invert": false
      },
      "split": "test"
    },
    {
      "episode": 10001,
      "return": 4.0,
      "prediction_loss": 0.0027112720999866724,
      "probe_loss": 0.0027112720999866724,
      "policy_loss": 0.012995936907827854,
      "value_loss": 1.081193447113037,
      "loss": 0.5578446984291077,
      "goal": {
        "invert": true
      },
      "split": "test"
    },
    {
      "episode": 10002,
      "return": 4.0,
      "prediction_loss": 0.0016090415883809328,
      "probe_loss": 0.0016090415883809328,
      "policy_loss": 0.034572552889585495,
      "value_loss": 1.081193447113037,
      "loss": 0.5753626227378845,
      "goal": {
        "invert": false
      },
      "split": "test"
    },
    {
      "episode": 10003,
      "return": 4.0,
      "prediction_loss": 0.002243785187602043,
      "probe_loss": 0.002243785187602043,
      "policy_loss": 0.01265434455126524,
      "value_loss": 1.081193447113037,
      "loss": 0.556606650352478,
      "goal": {
        "invert": true
      },
      "split": "test"
    },
    {
      "episode": 10004,
      "return": 4.0,
      "prediction_loss": 0.0016152297612279654,
      "probe_loss": 0.0016152297612279654,
      "policy_loss": 0.01183454878628254,
      "value_loss": 1.081193447113037,
      "loss": 0.5546239018440247,
      "goal": {
        "invert": false
      },
      "split": "test"
    },
    {
      "episode": 10005,
      "return": 4.0,
      "prediction_loss": 0.0021326285786926746,
      "probe_loss": 0.0021326285786926746,
      "policy_loss": 0.03648568317294121,
      "value_loss": 1.081193447113037,
      "loss": 0.5781976580619812,
      "goal": {
        "invert": true
      },
      "split": "test"
    },
    {
      "episode": 10006,
      "return": 4.0,
      "prediction_loss": 0.0016152297612279654,
      "probe_loss": 0.0016152297612279654,
      "policy_loss": 0.01183454878628254,
      "value_loss": 1.081193447113037,
      "loss": 0.5546239018440247,
      "goal": {
        "invert": false
      },
      "split": "test"
    },
    {
      "episode": 10007,
      "return": 4.0,
      "prediction_loss": 0.0027112720999866724,
      "probe_loss": 0.0027112720999866724,
      "policy_loss": 0.012995936907827854,
      "value_loss": 1.081193447113037,
      "loss": 0.5578446984291077,
      "goal": {
        "invert": true
      },
      "split": "test"
    },
    {
      "episode": 10008,
      "return": 4.0,
      "prediction_loss": 0.0012288016732782125,
      "probe_loss": 0.0012288016732782125,
      "policy_loss": 0.03367333859205246,
      "value_loss": 1.081193447113037,
      "loss": 0.5737634897232056,
      "goal": {
        "invert": false
      },
      "split": "test"
    },
    {
      "episode": 10009,
      "return": 4.0,
      "prediction_loss": 0.002243785187602043,
      "probe_loss": 0.002243785187602043,
      "policy_loss": 0.01265434455126524,
      "value_loss": 1.081193447113037,
      "loss": 0.556606650352478,
      "goal": {
        "invert": true
      },
      "split": "test"
    },
    {
      "episode": 10010,
      "return": 4.0,
      "prediction_loss": 0.0017822555964812636,
      "probe_loss": 0.0017822555964812636,
      "policy_loss": 0.01196639146655798,
      "value_loss": 1.081193447113037,
      "loss": 0.5550744533538818,
      "goal": {
        "invert": false
      },
      "split": "test"
    },
    {
      "episode": 10011,
      "return": 4.0,
      "prediction_loss": 0.0021326285786926746,
      "probe_loss": 0.0021326285786926746,
      "policy_loss": 0.03648568317294121,
      "value_loss": 1.081193447113037,
      "loss": 0.5781976580619812,
      "goal": {
        "invert": true
      },
      "split": "test"
    },
    {
      "episode": 10012,
      "return": 4.0,
      "prediction_loss": 0.0016152297612279654,
      "probe_loss": 0.0016152297612279654,
      "policy_loss": 0.01183454878628254,
      "value_loss": 1.081193447113037,
      "loss": 0.5546239018440247,
      "goal": {
        "invert": false
      },
      "split": "test"
    },
    {
      "episode": 10013,
      "return": 4.0,
      "prediction_loss": 0.002315186196938157,
      "probe_loss": 0.002315186196938157,
      "policy_loss": 0.036860328167676926,
      "value_loss": 1.081193447113037,
      "loss": 0.5789134502410889,
      "goal": {
        "invert": true
      },
      "split": "test"
    },
    {
      "episode": 10014,
      "return": 4.0,
      "prediction_loss": 0.0012288016732782125,
      "probe_loss": 0.0012288016732782125,
      "policy_loss": 0.03367333859205246,
      "value_loss": 1.081193447113037,
      "loss": 0.5737634897232056,
      "goal": {
        "invert": false
      },
      "split": "test"
    },
    {
      "episode": 10015,
      "return": 4.0,
      "prediction_loss": 0.0021326285786926746,
      "probe_loss": 0.0021326285786926746,
      "policy_loss": 0.03648568317294121,
      "value_loss": 1.081193447113037,
      "loss": 0.5781976580619812,
      "goal": {
        "invert": true
      },
      "split": "test"
    }
  ],
  "fully_frozen": true,
  "freeze_events": [
    {
      "node": "bit_0",
      "accepted": true,
      "before": 0.5562014579772949,
      "after": 0.5517261028289795,
      "reason": "validated"
    },
    {
      "node": "bit_1",
      "accepted": true,
      "before": 0.5517261028289795,
      "after": 0.5468446612358093,
      "reason": "validated"
    },
    {
      "node": "policy",
      "accepted": false,
      "before": 0.5468446612358093,
      "after": 0.5418450832366943,
      "reason": "disconnected remaining region"
    },
    {
      "node": "prediction",
      "accepted": true,
      "before": 0.5468446612358093,
      "after": 0.5418450832366943,
      "reason": "validated"
    },
    {
      "node": "value",
      "accepted": true,
      "before": 0.5418450832366943,
      "after": 0.5369547605514526,
      "reason": "validated"
    },
    {
      "node": "goal_relation",
      "accepted": true,
      "before": 0.5369547605514526,
      "after": 0.536894679069519,
      "reason": "validated"
    },
    {
      "node": "logit0",
      "accepted": false,
      "before": 0.536894679069519,
      "after": 0.5368794202804565,
      "reason": "disconnected remaining region"
    },
    {
      "node": "logit1",
      "accepted": false,
      "before": 0.536894679069519,
      "after": 0.5368794202804565,
      "reason": "disconnected remaining region"
    },
    {
      "node": "world",
      "accepted": true,
      "before": 0.536894679069519,
      "after": 0.5368793606758118,
      "reason": "validated"
    },
    {
      "node": "z",
      "accepted": true,
      "before": 0.5368793606758118,
      "after": 0.5368604063987732,
      "reason": "validated"
    },
    {
      "node": "relation",
      "accepted": true,
      "before": 0.5368604063987732,
      "after": 0.536830723285675,
      "reason": "validated"
    },
    {
      "node": "mul0",
      "accepted": true,
      "before": 0.536830723285675,
      "after": 0.5368049740791321,
      "reason": "validated"
    },
    {
      "node": "mul1",
      "accepted": true,
      "before": 0.5368049740791321,
      "after": 0.536786675453186,
      "reason": "validated"
    },
    {
      "node": "policy",
      "accepted": false,
      "before": 0.536786675453186,
      "after": 0.536773145198822,
      "reason": "disconnected remaining region"
    },
    {
      "node": "logit0",
      "accepted": true,
      "before": 0.536786675453186,
      "after": 0.536773145198822,
      "reason": "validated"
    },
    {
      "node": "logit1",
      "accepted": true,
      "before": 0.536773145198822,
      "after": 0.5367640852928162,
      "reason": "validated"
    },
    {
      "node": "policy",
      "accepted": true,
      "before": 0.5367640852928162,
      "after": 0.5367640852928162,
      "reason": "validated"
    }
  ],
  "frozen_evaluation_mean_return": 4.0
}
