wrote /home/brandonin/Documents/typed-crystallization-networks/research/discrete-perception/out/rung35_window.json
stage 1 space/exhausted/unique/seconds/held-out error      32000 / True / False / 111.1 / 0.0
stage 1 module accuracy at every position, train / held-out 1.000000 / 1.000000
edge training records (positive fraction)                  448 (16.7%)
staged space/solved/exhausted/unique/seconds               48 / True / True / True / 4.608
staged held-out max error / accuracy                       0.0 / 1.0
wrote /home/brandonin/Documents/typed-crystallization-networks/research/discrete-perception/out/rung35_window.json
  [grad staged] seed 0: ok=False train=1 (1396.6s) 
  [grad staged] seed 1: ok=False train=1 (1038.7s) 
  [grad staged] seed 2: ok=False train=1 (462.8s) 
  [grad staged] seed 3: ok=True train=0 (413.4s) 
wrote /home/brandonin/Documents/typed-crystallization-networks/research/discrete-perception/out/rung35_window.json
staged gradient successes                                  1/4
flat space                                                 49152000000
wrote /home/brandonin/Documents/typed-crystallization-networks/research/discrete-perception/out/rung35_window.json
flat enumeration evaluated/exhausted/seconds/rate          60000 / False / 38.2 / 1572 programs/s
flat projected exhaustive wall clock (s)                   3.13e+07
  [grad flat] seed 0: ok=False train=1 (314.6s) 
  [grad flat] seed 1: ok=False train=1 (318.2s) 
  [grad flat] seed 2: ok=False train=1 (302.0s) 
  [grad flat] seed 3: ok=False train=1 (315.0s) 
flat gradient successes                                    0/4
stage B window applied at every position: max error        0.0
stage B caller nodes                                       3
wrote /home/brandonin/Documents/typed-crystallization-networks/research/discrete-perception/out/rung35_window.json
